Archive member included to satisfy reference by file (symbol)

c:/progra~2/armgnu~1/12977f~1.2mp/bin/../lib/gcc/arm-none-eabi/12.2.1/thumb/v6-m/nofp\libgcc.a(_dvmd_tls.o)
                              CMakeFiles/pid_ctrl.dir/C_/Users/TaekguenJi/Documents/pico-sdk/src/rp2_common/pico_divider/divider.S.obj (__aeabi_idiv0)
c:/progra~2/armgnu~1/12977f~1.2mp/bin/../lib/gcc/arm-none-eabi/12.2.1/thumb/v6-m/nofp\libg.a(libc_a-calloc.o)
                              CMakeFiles/pid_ctrl.dir/C_/Users/TaekguenJi/Documents/pico-sdk/src/rp2_common/pico_malloc/pico_malloc.c.obj (calloc)
c:/progra~2/armgnu~1/12977f~1.2mp/bin/../lib/gcc/arm-none-eabi/12.2.1/thumb/v6-m/nofp\libg.a(libc_a-callocr.o)
                              c:/progra~2/armgnu~1/12977f~1.2mp/bin/../lib/gcc/arm-none-eabi/12.2.1/thumb/v6-m/nofp\libg.a(libc_a-calloc.o) (_calloc_r)
c:/progra~2/armgnu~1/12977f~1.2mp/bin/../lib/gcc/arm-none-eabi/12.2.1/thumb/v6-m/nofp\libg.a(libc_a-malloc.o)
                              CMakeFiles/pid_ctrl.dir/C_/Users/TaekguenJi/Documents/pico-sdk/src/rp2_common/pico_malloc/pico_malloc.c.obj (malloc)
c:/progra~2/armgnu~1/12977f~1.2mp/bin/../lib/gcc/arm-none-eabi/12.2.1/thumb/v6-m/nofp\libg.a(libc_a-mallocr.o)
                              c:/progra~2/armgnu~1/12977f~1.2mp/bin/../lib/gcc/arm-none-eabi/12.2.1/thumb/v6-m/nofp\libg.a(libc_a-callocr.o) (_malloc_r)
c:/progra~2/armgnu~1/12977f~1.2mp/bin/../lib/gcc/arm-none-eabi/12.2.1/thumb/v6-m/nofp\libg.a(libc_a-mlock.o)
                              c:/progra~2/armgnu~1/12977f~1.2mp/bin/../lib/gcc/arm-none-eabi/12.2.1/thumb/v6-m/nofp\libg.a(libc_a-mallocr.o) (__malloc_lock)
c:/progra~2/armgnu~1/12977f~1.2mp/bin/../lib/gcc/arm-none-eabi/12.2.1/thumb/v6-m/nofp\libg.a(libc_a-realloc.o)
                              CMakeFiles/pid_ctrl.dir/C_/Users/TaekguenJi/Documents/pico-sdk/src/rp2_common/pico_malloc/pico_malloc.c.obj (realloc)
c:/progra~2/armgnu~1/12977f~1.2mp/bin/../lib/gcc/arm-none-eabi/12.2.1/thumb/v6-m/nofp\libg.a(libc_a-reallocr.o)
                              c:/progra~2/armgnu~1/12977f~1.2mp/bin/../lib/gcc/arm-none-eabi/12.2.1/thumb/v6-m/nofp\libg.a(libc_a-realloc.o) (_realloc_r)
c:/progra~2/armgnu~1/12977f~1.2mp/bin/../lib/gcc/arm-none-eabi/12.2.1/thumb/v6-m/nofp\libg.a(libc_a-memmove.o)
                              c:/progra~2/armgnu~1/12977f~1.2mp/bin/../lib/gcc/arm-none-eabi/12.2.1/thumb/v6-m/nofp\libg.a(libc_a-reallocr.o) (memmove)
c:/progra~2/armgnu~1/12977f~1.2mp/bin/../lib/gcc/arm-none-eabi/12.2.1/thumb/v6-m/nofp\libg.a(libc_a-impure.o)
                              c:/progra~2/armgnu~1/12977f~1.2mp/bin/../lib/gcc/arm-none-eabi/12.2.1/thumb/v6-m/nofp\libg.a(libc_a-calloc.o) (_impure_ptr)
c:/progra~2/armgnu~1/12977f~1.2mp/bin/../lib/gcc/arm-none-eabi/12.2.1/thumb/v6-m/nofp\libg.a(libc_a-sbrkr.o)
                              c:/progra~2/armgnu~1/12977f~1.2mp/bin/../lib/gcc/arm-none-eabi/12.2.1/thumb/v6-m/nofp\libg.a(libc_a-mallocr.o) (_sbrk_r)
c:/progra~2/armgnu~1/12977f~1.2mp/bin/../lib/gcc/arm-none-eabi/12.2.1/thumb/v6-m/nofp\libg.a(libc_a-errno.o)
                              c:/progra~2/armgnu~1/12977f~1.2mp/bin/../lib/gcc/arm-none-eabi/12.2.1/thumb/v6-m/nofp\libg.a(libc_a-callocr.o) (__errno)
c:/progra~2/armgnu~1/12977f~1.2mp/bin/../lib/gcc/arm-none-eabi/12.2.1/thumb/v6-m/nofp\libg.a(libc_a-init.o)
                              c:/progra~2/armgnu~1/12977f~1.2mp/bin/../lib/gcc/arm-none-eabi/12.2.1/thumb/v6-m/nofp/crt0.o (__libc_init_array)
c:/progra~2/armgnu~1/12977f~1.2mp/bin/../lib/gcc/arm-none-eabi/12.2.1/thumb/v6-m/nofp\libg.a(libc_a-lock.o)
                              c:/progra~2/armgnu~1/12977f~1.2mp/bin/../lib/gcc/arm-none-eabi/12.2.1/thumb/v6-m/nofp\libg.a(libc_a-mlock.o) (__retarget_lock_acquire_recursive)
c:/progra~2/armgnu~1/12977f~1.2mp/bin/../lib/gcc/arm-none-eabi/12.2.1/thumb/v6-m/nofp\libg.a(libc_a-sysconf.o)
                              c:/progra~2/armgnu~1/12977f~1.2mp/bin/../lib/gcc/arm-none-eabi/12.2.1/thumb/v6-m/nofp\libg.a(libc_a-mallocr.o) (sysconf)
c:/progra~2/armgnu~1/12977f~1.2mp/bin/../lib/gcc/arm-none-eabi/12.2.1/thumb/v6-m/nofp\libg.a(libc_a-strlen-stub.o)
                              CMakeFiles/pid_ctrl.dir/C_/Users/TaekguenJi/Documents/pico-sdk/src/rp2_common/pico_stdio/stdio.c.obj (strlen)
c:/progra~2/armgnu~1/12977f~1.2mp/bin/../lib/gcc/arm-none-eabi/12.2.1/thumb/v6-m/nofp\libg.a(libc_a-freer.o)
                              c:/progra~2/armgnu~1/12977f~1.2mp/bin/../lib/gcc/arm-none-eabi/12.2.1/thumb/v6-m/nofp\libg.a(libc_a-malloc.o) (_free_r)
c:/progra~2/armgnu~1/12977f~1.2mp/bin/../lib/gcc/arm-none-eabi/12.2.1/thumb/v6-m/nofp\libg.a(libc_a-findfp.o)
                              c:/progra~2/armgnu~1/12977f~1.2mp/bin/../lib/gcc/arm-none-eabi/12.2.1/thumb/v6-m/nofp\libg.a(libc_a-impure.o) (__sf)
c:/progra~2/armgnu~1/12977f~1.2mp/bin/../lib/gcc/arm-none-eabi/12.2.1/thumb/v6-m/nofp\libg.a(libc_a-fwalk.o)
[...]
Memory Configuration

Name             Origin             Length             Attributes
FLASH            0x10000000         0x00200000         xr
RAM              0x20000000         0x00040000         xrw
SCRATCH_X        0x20040000         0x00001000         xrw
SCRATCH_Y        0x20041000         0x00001000         xrw
*default*        0x00000000         0xffffffff

Linker script and memory map

LOAD c:/progra~2/armgnu~1/12977f~1.2mp/bin/../lib/gcc/arm-none-eabi/12.2.1/thumb/v6-m/nofp/crti.o
LOAD c:/progra~2/armgnu~1/12977f~1.2mp/bin/../lib/gcc/arm-none-eabi/12.2.1/thumb/v6-m/nofp/crtbegin.o
LOAD c:/progra~2/armgnu~1/12977f~1.2mp/bin/../lib/gcc/arm-none-eabi/12.2.1/thumb/v6-m/nofp/crt0.o

.flash_begin    0x10000000        0x0
                0x10000000                        __flash_binary_start = .

.boot2          0x10000000      0x100
                0x10000000                        __boot2_start__ = .
 *(.boot2)
 .boot2         0x10000000      0x100 C:\Users\TAEKGU~1\AppData\Local\Temp\cce8vQzT.o
                0x10000100                        __boot2_end__ = .
                0x00000001                        ASSERT (((__boot2_end__ - __boot2_start__) == 0x100), ERROR: Pico second stage bootloader must be 256 bytes in size)

.text           0x10000100     0x81f8
                0x10000100                        __logical_binary_start = .
 *(.vectors)
 .vectors       0x10000100       0xd4 CMakeFiles/pid_ctrl.dir/C_/Users/TaekguenJi/Documents/pico-sdk/src/rp2_common/pico_standard_link/crt0.S.obj
                0x10000100                __VECTOR_TABLE
                0x10000100                __vectors
                0x100001c0                isr_invalid
                0x100001c0                __default_isrs_start
                0x100001c2                isr_nmi
                0x100001c4                isr_hardfault
                0x100001c6                isr_svcall
                0x100001c8                isr_pendsv
                0x100001ca                isr_systick
                0x100001cc                isr_irq23
                0x100001cc                isr_irq18
                0x100001cc                isr_irq11
                0x100001cc                isr_irq28
                0x100001cc                isr_irq19
                0x100001cc                isr_irq0
                0x100001cc                isr_irq6
                0x100001cc                isr_irq5
                0x100001cc                isr_irq12
                0x100001cc                isr_irq22
                0x100001cc                isr_irq31
                0x100001cc                isr_irq17
                0x100001cc                isr_irq27
                0x100001cc                isr_irq30
                0x100001cc                isr_irq2
                0x100001cc                isr_irq10
                0x100001cc                isr_irq8
                0x100001cc                isr_irq24
                0x100001cc                isr_irq1
                0x100001cc                isr_irq7
                0x100001cc                isr_irq21
                0x100001cc                isr_irq20
                0x100001cc                isr_irq15
                0x100001cc                isr_irq25
                0x100001cc                isr_irq13
                0x100001cc                __unhandled_user_irq
                0x100001cc                isr_irq4
                0x100001cc                isr_irq16
                0x100001cc                isr_irq29
                0x100001cc                isr_irq26
                0x100001cc                __default_isrs_end
                0x100001cc                isr_irq3
                0x100001cc                isr_irq14
                0x100001cc                isr_irq9
                0x100001d2                unhandled_user_irq_num_in_r0
 *(.binary_info_header)
 .binary_info_header
                0x100001d4       0x14 CMakeFiles/pid_ctrl.dir/C_/Users/TaekguenJi/Documents/pico-sdk/src/rp2_common/pico_standard_link/crt0.S.obj
                0x100001e8                        __binary_info_header_end = .
 *(.reset)
 .reset         0x100001e8       0xa0 CMakeFiles/pid_ctrl.dir/C_/Users/TaekguenJi/Documents/pico-sdk/src/rp2_common/pico_standard_link/crt0.S.obj
                0x100001e8                _entry_point
 .reset         0x10000288       0x30 CMakeFiles/pid_ctrl.dir/C_/Users/TaekguenJi/Documents/pico-sdk/src/rp2_common/pico_standard_link/binary_info.c.obj
 *(.init)
 .init          0x100002b8        0x4 c:/progra~2/armgnu~1/12977f~1.2mp/bin/../lib/gcc/arm-none-eabi/12.2.1/thumb/v6-m/nofp/crti.o
                0x100002b8                _init
 *(EXCLUDE_FILE(*libm.a: *libc.a:*lib_a-mem*.o *libgcc.a:) .text*)
 .text.register_tm_clones
                0x100002bc       0x28 c:/progra~2/armgnu~1/12977f~1.2mp/bin/../lib/gcc/arm-none-eabi/12.2.1/thumb/v6-m/nofp/crtbegin.o
 .text.frame_dummy
                0x100002e4       0x24 c:/progra~2/armgnu~1/12977f~1.2mp/bin/../lib/gcc/arm-none-eabi/12.2.1/thumb/v6-m/nofp/crtbegin.o
 .text.pwm_init
                0x10000308       0x34 CMakeFiles/pid_ctrl.dir/pid_ctrl.cpp.obj
 .text.pwm_set_chan_level
                0x1000033c       0x40 CMakeFiles/pid_ctrl.dir/pid_ctrl.cpp.obj
 .text._Z11on_pwm_wrapv
                0x1000037c       0x34 CMakeFiles/pid_ctrl.dir/pid_ctrl.cpp.obj
                0x1000037c                on_pwm_wrap()
 .text._Z41__static_initialization_and_destruction_0ii
                0x100003b0       0x64 CMakeFiles/pid_ctrl.dir/pid_ctrl.cpp.obj
 .text._Z11readCelsiusv
                0x10000414       0x88 CMakeFiles/pid_ctrl.dir/pid_ctrl.cpp.obj
                0x10000414                readCelsius()
 .text.main     0x1000049c      0x1cc CMakeFiles/pid_ctrl.dir/pid_ctrl.cpp.obj
                0x1000049c                main
 .text._GLOBAL__sub_I_Setpoint
                0x10000668       0x10 CMakeFiles/pid_ctrl.dir/pid_ctrl.cpp.obj
 .text._ZN3PID7ComputeEv
                0x10000678      0x184 CMakeFiles/pid_ctrl.dir/pid_lib/PID_v1.cpp.obj
                0x10000678                PID::Compute()
 .text._ZN3PID10SetTuningsEdddi
                0x100007fc       0xe4 CMakeFiles/pid_ctrl.dir/pid_lib/PID_v1.cpp.obj
                0x100007fc                PID::SetTunings(double, double, double, int)
 .text._ZN3PID10SetTuningsEddd
                0x100008e0       0x20 CMakeFiles/pid_ctrl.dir/pid_lib/PID_v1.cpp.obj
                0x100008e0                PID::SetTunings(double, double, double)
 .text._ZN3PID15SetOutputLimitsEdd
                0x10000900       0xb6 CMakeFiles/pid_ctrl.dir/pid_lib/PID_v1.cpp.obj
                0x10000900                PID::SetOutputLimits(double, double)
 .text._ZN3PID10InitializeEv
                0x100009b6       0x5a CMakeFiles/pid_ctrl.dir/pid_lib/PID_v1.cpp.obj
                0x100009b6                PID::Initialize()
 .text._ZN3PID7SetModeEi
                0x10000a10       0x24 CMakeFiles/pid_ctrl.dir/pid_lib/PID_v1.cpp.obj
                0x10000a10                PID::SetMode(int)
 .text._ZN3PID22SetControllerDirectionEi
                0x10000a34       0x48 CMakeFiles/pid_ctrl.dir/pid_lib/PID_v1.cpp.obj
                0x10000a34                PID::SetControllerDirection(int)
 .text._ZN3PIDC2EPdS0_S0_dddii
                0x10000a7c       0x6c CMakeFiles/pid_ctrl.dir/pid_lib/PID_v1.cpp.obj
                0x10000a7c                PID::PID(double*, double*, double*, double, double, double, int, int)
                0x10000a7c                PID::PID(double*, double*, double*, double, double, double, int, int)
 .text._ZN3PIDC2EPdS0_S0_dddi
                0x10000ae8       0x32 CMakeFiles/pid_ctrl.dir/pid_lib/PID_v1.cpp.obj
                0x10000ae8                PID::PID(double*, double*, double*, double, double, double, int)
                0x10000ae8                PID::PID(double*, double*, double*, double, double, double, int)
 *fill*         0x10000b1a        0x2 
 .text.gpio_set_function
                0x10000b1c       0x30 CMakeFiles/pid_ctrl.dir/C_/Users/TaekguenJi/Documents/pico-sdk/src/rp2_common/hardware_gpio/gpio.c.obj
                0x10000b1c                gpio_set_function
 .text.gpio_init
                0x10000b4c       0x16 CMakeFiles/pid_ctrl.dir/C_/Users/TaekguenJi/Documents/pico-sdk/src/rp2_common/hardware_gpio/gpio.c.obj
                0x10000b4c                gpio_init
 *fill*         0x10000b62        0x2 
 .text.running_on_fpga
                0x10000b64       0x14 CMakeFiles/pid_ctrl.dir/C_/Users/TaekguenJi/Documents/pico-sdk/src/rp2_common/pico_platform/platform.c.obj
                0x10000b64                running_on_fpga
 .text.hw_claim_lock
                0x10000b78       0x18 CMakeFiles/pid_ctrl.dir/C_/Users/TaekguenJi/Documents/pico-sdk/src/rp2_common/hardware_claim/claim.c.obj
                0x10000b78                hw_claim_lock
 .text.hw_claim_unlock
                0x10000b90       0x14 CMakeFiles/pid_ctrl.dir/C_/Users/TaekguenJi/Documents/pico-sdk/src/rp2_common/hardware_claim/claim.c.obj
                0x10000b90                hw_claim_unlock
 .text.hw_claim_or_assert
                0x10000ba4       0x32 CMakeFiles/pid_ctrl.dir/C_/Users/TaekguenJi/Documents/pico-sdk/src/rp2_common/hardware_claim/claim.c.obj
                0x10000ba4                hw_claim_or_assert
 .text.hw_claim_unused_from_range
                0x10000bd6       0x50 CMakeFiles/pid_ctrl.dir/C_/Users/TaekguenJi/Documents/pico-sdk/src/rp2_common/hardware_claim/claim.c.obj
                0x10000bd6                hw_claim_unused_from_range
 *fill*         0x10000c26        0x2 
 .text.spin_locks_reset
                0x10000c28       0x20 CMakeFiles/pid_ctrl.dir/C_/Users/TaekguenJi/Documents/pico-sdk/src/rp2_common/hardware_sync/sync.c.obj
                0x10000c28                spin_locks_reset
 .text.next_striped_spin_lock_num
                0x10000c48       0x1c CMakeFiles/pid_ctrl.dir/C_/Users/TaekguenJi/Documents/pico-sdk/src/rp2_common/hardware_sync/sync.c.obj
                0x10000c48                next_striped_spin_lock_num
 .text.spin_lock_claim_unused
                0x10000c64       0x24 CMakeFiles/pid_ctrl.dir/C_/Users/TaekguenJi/Documents/pico-sdk/src/rp2_common/hardware_sync/sync.c.obj
                0x10000c64                spin_lock_claim_unused
 .text.set_raw_irq_handler_and_unlock
                0x10000c88       0x28 CMakeFiles/pid_ctrl.dir/C_/Users/TaekguenJi/Documents/pico-sdk/src/rp2_common/hardware_irq/irq.c.obj
 .text.resolve_branch
                0x10000cb0       0x30 CMakeFiles/pid_ctrl.dir/C_/Users/TaekguenJi/Documents/pico-sdk/src/rp2_common/hardware_irq/irq.c.obj
 .text.make_branch
                0x10000ce0       0x48 CMakeFiles/pid_ctrl.dir/C_/Users/TaekguenJi/Documents/pico-sdk/src/rp2_common/hardware_irq/irq.c.obj
 .text.insert_branch_and_link
                0x10000d28       0x40 CMakeFiles/pid_ctrl.dir/C_/Users/TaekguenJi/Documents/pico-sdk/src/rp2_common/hardware_irq/irq.c.obj
 .text.irq_is_enabled
                0x10000d68       0x18 CMakeFiles/pid_ctrl.dir/C_/Users/TaekguenJi/Documents/pico-sdk/src/rp2_common/hardware_irq/irq.c.obj
                0x10000d68                irq_is_enabled
 .text.irq_set_mask_enabled
                0x10000d80       0x20 CMakeFiles/pid_ctrl.dir/C_/Users/TaekguenJi/Documents/pico-sdk/src/rp2_common/hardware_irq/irq.c.obj
                0x10000d80                irq_set_mask_enabled
 .text.irq_set_enabled
                0x10000da0        0xe CMakeFiles/pid_ctrl.dir/C_/Users/TaekguenJi/Documents/pico-sdk/src/rp2_common/hardware_irq/irq.c.obj
                0x10000da0                irq_set_enabled
 *fill*         0x10000dae        0x2 
 .text.irq_set_pending
                0x10000db0       0x10 CMakeFiles/pid_ctrl.dir/C_/Users/TaekguenJi/Documents/pico-sdk/src/rp2_common/hardware_irq/irq.c.obj
                0x10000db0                irq_set_pending
 .text.irq_get_vtable_handler
                0x10000dc0       0x10 CMakeFiles/pid_ctrl.dir/C_/Users/TaekguenJi/Documents/pico-sdk/src/rp2_common/hardware_irq/irq.c.obj
                0x10000dc0                irq_get_vtable_handler
 .text.irq_has_shared_handler
                0x10000dd0       0x24 CMakeFiles/pid_ctrl.dir/C_/Users/TaekguenJi/Documents/pico-sdk/src/rp2_common/hardware_irq/irq.c.obj
                0x10000dd0                irq_has_shared_handler
 .text.irq_set_exclusive_handler
                0x10000df4       0x54 CMakeFiles/pid_ctrl.dir/C_/Users/TaekguenJi/Documents/pico-sdk/src/rp2_common/hardware_irq/irq.c.obj
                0x10000df4                irq_set_exclusive_handler
 .text.irq_add_shared_handler
                0x10000e48      0x210 CMakeFiles/pid_ctrl.dir/C_/Users/TaekguenJi/Documents/pico-sdk/src/rp2_common/hardware_irq/irq.c.obj
                0x10000e48                irq_add_shared_handler
 .text.irq_remove_handler
                0x10001058      0x188 CMakeFiles/pid_ctrl.dir/C_/Users/TaekguenJi/Documents/pico-sdk/src/rp2_common/hardware_irq/irq.c.obj
                0x10001058                irq_remove_handler
 .text.irq_add_tail_to_free_list
                0x100011e0       0xf0 CMakeFiles/pid_ctrl.dir/C_/Users/TaekguenJi/Documents/pico-sdk/src/rp2_common/hardware_irq/irq.c.obj
                0x100011e0                irq_add_tail_to_free_list
 .text.irq_init_priorities
                0x100012d0       0x1c CMakeFiles/pid_ctrl.dir/C_/Users/TaekguenJi/Documents/pico-sdk/src/rp2_common/hardware_irq/irq.c.obj
                0x100012d0                irq_init_priorities
 .text.user_irq_claim_unused
                0x100012ec       0x2c CMakeFiles/pid_ctrl.dir/C_/Users/TaekguenJi/Documents/pico-sdk/src/rp2_common/hardware_irq/irq.c.obj
                0x100012ec                user_irq_claim_unused
 .text.lock_init
                0x10001318       0x10 CMakeFiles/pid_ctrl.dir/C_/Users/TaekguenJi/Documents/pico-sdk/src/common/pico_sync/lock_core.c.obj
                0x10001318                lock_init
 .text.update_us_since_boot
                0x10001328       0x24 CMakeFiles/pid_ctrl.dir/C_/Users/TaekguenJi/Documents/pico-sdk/src/common/pico_sync/mutex.c.obj
 .text.delayed_by_ms
                0x1000134c       0x44 CMakeFiles/pid_ctrl.dir/C_/Users/TaekguenJi/Documents/pico-sdk/src/common/pico_sync/mutex.c.obj
 .text.get_absolute_time
                0x10001390       0x22 CMakeFiles/pid_ctrl.dir/C_/Users/TaekguenJi/Documents/pico-sdk/src/common/pico_sync/mutex.c.obj
 .text.make_timeout_time_ms
                0x100013b2       0x20 CMakeFiles/pid_ctrl.dir/C_/Users/TaekguenJi/Documents/pico-sdk/src/common/pico_sync/mutex.c.obj
 .text.mutex_init
                0x100013d2       0x1a CMakeFiles/pid_ctrl.dir/C_/Users/TaekguenJi/Documents/pico-sdk/src/common/pico_sync/mutex.c.obj
                0x100013d2                mutex_init
 .text.recursive_mutex_init
                0x100013ec       0x1e CMakeFiles/pid_ctrl.dir/C_/Users/TaekguenJi/Documents/pico-sdk/src/common/pico_sync/mutex.c.obj
                0x100013ec                recursive_mutex_init
 *fill*         0x1000140a        0x2 
 .text.critical_section_init_with_lock_num
                0x1000140c       0x14 CMakeFiles/pid_ctrl.dir/C_/Users/TaekguenJi/Documents/pico-sdk/src/common/pico_sync/critical_section.c.obj
                0x1000140c                critical_section_init_with_lock_num
 .text.critical_section_init
                0x10001420       0x14 CMakeFiles/pid_ctrl.dir/C_/Users/TaekguenJi/Documents/pico-sdk/src/common/pico_sync/critical_section.c.obj
                0x10001420                critical_section_init
 .text.time_reached
                0x10001434       0x28 CMakeFiles/pid_ctrl.dir/C_/Users/TaekguenJi/Documents/pico-sdk/src/common/pico_time/time.c.obj
 .text.get_entry
                0x1000145c       0x38 CMakeFiles/pid_ctrl.dir/C_/Users/TaekguenJi/Documents/pico-sdk/src/common/pico_time/time.c.obj
 .text.timer_pool_entry_comparator
                0x10001494       0x2e CMakeFiles/pid_ctrl.dir/C_/Users/TaekguenJi/Documents/pico-sdk/src/common/pico_time/time.c.obj
                0x10001494                timer_pool_entry_comparator
 *fill*         0x100014c2        0x2 
 .text.update_us_since_boot
                0x100014c4       0x24 CMakeFiles/pid_ctrl.dir/C_/Users/TaekguenJi/Documents/pico-sdk/src/common/pico_time/time.c.obj
 .text.delayed_by_us
                0x100014e8       0x34 CMakeFiles/pid_ctrl.dir/C_/Users/TaekguenJi/Documents/pico-sdk/src/common/pico_time/time.c.obj
 .text.ph_get_node
                0x1000151c       0x30 CMakeFiles/pid_ctrl.dir/C_/Users/TaekguenJi/Documents/pico-sdk/src/common/pico_time/time.c.obj
 .text.ph_contains_node
                0x1000154c       0x1e CMakeFiles/pid_ctrl.dir/C_/Users/TaekguenJi/Documents/pico-sdk/src/common/pico_time/time.c.obj
 .text.ph_new_node
                0x1000156a       0x28 CMakeFiles/pid_ctrl.dir/C_/Users/TaekguenJi/Documents/pico-sdk/src/common/pico_time/time.c.obj
 *fill*         0x10001592        0x2 
 .text.ph_add_child_node
                0x10001594       0x6c CMakeFiles/pid_ctrl.dir/C_/Users/TaekguenJi/Documents/pico-sdk/src/common/pico_time/time.c.obj
 .text.ph_merge_nodes
                0x10001600       0x3e CMakeFiles/pid_ctrl.dir/C_/Users/TaekguenJi/Documents/pico-sdk/src/common/pico_time/time.c.obj
 *fill*         0x1000163e        0x2 
 .text.ph_insert_node
                0x10001640       0x3c CMakeFiles/pid_ctrl.dir/C_/Users/TaekguenJi/Documents/pico-sdk/src/common/pico_time/time.c.obj
 .text.ph_free_node
                0x1000167c       0x5c CMakeFiles/pid_ctrl.dir/C_/Users/TaekguenJi/Documents/pico-sdk/src/common/pico_time/time.c.obj
 .text.get_entry_id_high
                0x100016d8       0x30 CMakeFiles/pid_ctrl.dir/C_/Users/TaekguenJi/Documents/pico-sdk/src/common/pico_time/time.c.obj
 .text.alarm_pool_post_alloc_init
                0x10001708       0x40 CMakeFiles/pid_ctrl.dir/C_/Users/TaekguenJi/Documents/pico-sdk/src/common/pico_time/time.c.obj
 .text.sleep_until_callback
                0x10001748       0x30 CMakeFiles/pid_ctrl.dir/C_/Users/TaekguenJi/Documents/pico-sdk/src/common/pico_time/time.c.obj
 .text.get_absolute_time
                0x10001778       0x22 CMakeFiles/pid_ctrl.dir/C_/Users/TaekguenJi/Documents/pico-sdk/src/common/pico_time/time.c.obj
 .text.make_timeout_time_us
                0x1000179a       0x24 CMakeFiles/pid_ctrl.dir/C_/Users/TaekguenJi/Documents/pico-sdk/src/common/pico_time/time.c.obj
 *fill*         0x100017be        0x2 
 .text.add_alarm_under_lock
                0x100017c0       0x94 CMakeFiles/pid_ctrl.dir/C_/Users/TaekguenJi/Documents/pico-sdk/src/common/pico_time/time.c.obj
 .text.alarm_pool_alarm_callback
                0x10001854      0x20c CMakeFiles/pid_ctrl.dir/C_/Users/TaekguenJi/Documents/pico-sdk/src/common/pico_time/time.c.obj
 .text.alarm_pool_init_default
                0x10001a60       0x40 CMakeFiles/pid_ctrl.dir/C_/Users/TaekguenJi/Documents/pico-sdk/src/common/pico_time/time.c.obj
                0x10001a60                alarm_pool_init_default
 .text.alarm_pool_get_default
                0x10001aa0       0x2c CMakeFiles/pid_ctrl.dir/C_/Users/TaekguenJi/Documents/pico-sdk/src/common/pico_time/time.c.obj
                0x10001aa0                alarm_pool_get_default
 .text.alarm_pool_add_alarm_at
                0x10001acc      0x10e CMakeFiles/pid_ctrl.dir/C_/Users/TaekguenJi/Documents/pico-sdk/src/common/pico_time/time.c.obj
                0x10001acc                alarm_pool_add_alarm_at
 .text.add_alarm_at
                0x10001bda       0x2e CMakeFiles/pid_ctrl.dir/C_/Users/TaekguenJi/Documents/pico-sdk/src/common/pico_time/time.c.obj
 .text.alarm_pool_cancel_alarm
                0x10001c08       0xa0 CMakeFiles/pid_ctrl.dir/C_/Users/TaekguenJi/Documents/pico-sdk/src/common/pico_time/time.c.obj
                0x10001c08                alarm_pool_cancel_alarm
 .text.cancel_alarm
                0x10001ca8       0x10 CMakeFiles/pid_ctrl.dir/C_/Users/TaekguenJi/Documents/pico-sdk/src/common/pico_time/time.c.obj
 .text.alarm_pool_core_num
                0x10001cb8        0x4 CMakeFiles/pid_ctrl.dir/C_/Users/TaekguenJi/Documents/pico-sdk/src/common/pico_time/time.c.obj
                0x10001cb8                alarm_pool_core_num
 .text.sleep_until
                0x10001cbc       0xb0 CMakeFiles/pid_ctrl.dir/C_/Users/TaekguenJi/Documents/pico-sdk/src/common/pico_time/time.c.obj
                0x10001cbc                sleep_until
 .text.sleep_us
                0x10001d6c       0x1a CMakeFiles/pid_ctrl.dir/C_/Users/TaekguenJi/Documents/pico-sdk/src/common/pico_time/time.c.obj
                0x10001d6c                sleep_us
 .text.sleep_ms
                0x10001d86       0x14 CMakeFiles/pid_ctrl.dir/C_/Users/TaekguenJi/Documents/pico-sdk/src/common/pico_time/time.c.obj
                0x10001d86                sleep_ms
 *fill*         0x10001d9a        0x2 
 .text.best_effort_wfe_or_timeout
                0x10001d9c       0x44 CMakeFiles/pid_ctrl.dir/C_/Users/TaekguenJi/Documents/pico-sdk/src/common/pico_time/time.c.obj
                0x10001d9c                best_effort_wfe_or_timeout
 .text.hardware_alarm_irq_handler
                0x10001de0       0x8c CMakeFiles/pid_ctrl.dir/C_/Users/TaekguenJi/Documents/pico-sdk/src/rp2_common/hardware_timer/timer.c.obj
 .text.hardware_alarm_claim
                0x10001e6c       0x18 CMakeFiles/pid_ctrl.dir/C_/Users/TaekguenJi/Documents/pico-sdk/src/rp2_common/hardware_timer/timer.c.obj
                0x10001e6c                hardware_alarm_claim
 .text.time_us_64
                0x10001e84       0x18 CMakeFiles/pid_ctrl.dir/C_/Users/TaekguenJi/Documents/pico-sdk/src/rp2_common/hardware_timer/timer.c.obj
                0x10001e84                time_us_64
 .text.busy_wait_until
                0x10001e9c       0x28 CMakeFiles/pid_ctrl.dir/C_/Users/TaekguenJi/Documents/pico-sdk/src/rp2_common/hardware_timer/timer.c.obj
                0x10001e9c                busy_wait_until
 .text.hardware_alarm_set_callback
                0x10001ec4       0x90 CMakeFiles/pid_ctrl.dir/C_/Users/TaekguenJi/Documents/pico-sdk/src/rp2_common/hardware_timer/timer.c.obj
                0x10001ec4                hardware_alarm_set_callback
 .text.hardware_alarm_set_target
                0x10001f54       0xe8 CMakeFiles/pid_ctrl.dir/C_/Users/TaekguenJi/Documents/pico-sdk/src/rp2_common/hardware_timer/timer.c.obj
                0x10001f54                hardware_alarm_set_target
 .text.hardware_alarm_cancel
                0x1000203c       0x40 CMakeFiles/pid_ctrl.dir/C_/Users/TaekguenJi/Documents/pico-sdk/src/rp2_common/hardware_timer/timer.c.obj
                0x1000203c                hardware_alarm_cancel
 .text.ph_get_node
                0x1000207c       0x30 CMakeFiles/pid_ctrl.dir/C_/Users/TaekguenJi/Documents/pico-sdk/src/common/pico_util/pheap.c.obj
 .text.ph_add_child_node
                0x100020ac       0x6c CMakeFiles/pid_ctrl.dir/C_/Users/TaekguenJi/Documents/pico-sdk/src/common/pico_util/pheap.c.obj
 .text.ph_merge_nodes
                0x10002118       0x3e CMakeFiles/pid_ctrl.dir/C_/Users/TaekguenJi/Documents/pico-sdk/src/common/pico_util/pheap.c.obj
 .text.ph_clear
                0x10002156       0x34 CMakeFiles/pid_ctrl.dir/C_/Users/TaekguenJi/Documents/pico-sdk/src/common/pico_util/pheap.c.obj
                0x10002156                ph_clear
 .text.ph_post_alloc_init
                0x1000218a        0xe CMakeFiles/pid_ctrl.dir/C_/Users/TaekguenJi/Documents/pico-sdk/src/common/pico_util/pheap.c.obj
                0x1000218a                ph_post_alloc_init
 .text.ph_merge_two_pass
                0x10002198       0x5c CMakeFiles/pid_ctrl.dir/C_/Users/TaekguenJi/Documents/pico-sdk/src/common/pico_util/pheap.c.obj
                0x10002198                ph_merge_two_pass
 .text.ph_remove_any_head
                0x100021f4       0xc0 CMakeFiles/pid_ctrl.dir/C_/Users/TaekguenJi/Documents/pico-sdk/src/common/pico_util/pheap.c.obj
 .text.ph_remove_head
                0x100022b4       0x14 CMakeFiles/pid_ctrl.dir/C_/Users/TaekguenJi/Documents/pico-sdk/src/common/pico_util/pheap.c.obj
                0x100022b4                ph_remove_head
 .text.ph_remove_and_free_node
                0x100022c8       0xa0 CMakeFiles/pid_ctrl.dir/C_/Users/TaekguenJi/Documents/pico-sdk/src/common/pico_util/pheap.c.obj
                0x100022c8                ph_remove_and_free_node
 .text.uart_set_baudrate
                0x10002368       0x5c CMakeFiles/pid_ctrl.dir/C_/Users/TaekguenJi/Documents/pico-sdk/src/rp2_common/hardware_uart/uart.c.obj
                0x10002368                uart_set_baudrate
 .text.uart_set_translate_crlf
                0x100023c4       0x28 CMakeFiles/pid_ctrl.dir/C_/Users/TaekguenJi/Documents/pico-sdk/src/rp2_common/hardware_uart/uart.c.obj
                0x100023c4                uart_set_translate_crlf
 .text.uart_init
                0x100023ec       0x80 CMakeFiles/pid_ctrl.dir/C_/Users/TaekguenJi/Documents/pico-sdk/src/rp2_common/hardware_uart/uart.c.obj
                0x100023ec                uart_init
 .text.clock_configure
                0x1000246c      0x104 CMakeFiles/pid_ctrl.dir/C_/Users/TaekguenJi/Documents/pico-sdk/src/rp2_common/hardware_clocks/clocks.c.obj
                0x1000246c                clock_configure
 .text.clocks_init
                0x10002570      0x100 CMakeFiles/pid_ctrl.dir/C_/Users/TaekguenJi/Documents/pico-sdk/src/rp2_common/hardware_clocks/clocks.c.obj
                0x10002570                clocks_init
 .text.clock_get_hz
                0x10002670        0xc CMakeFiles/pid_ctrl.dir/C_/Users/TaekguenJi/Documents/pico-sdk/src/rp2_common/hardware_clocks/clocks.c.obj
                0x10002670                clock_get_hz
 .text.pll_init
                0x1000267c      0x12c CMakeFiles/pid_ctrl.dir/C_/Users/TaekguenJi/Documents/pico-sdk/src/rp2_common/hardware_pll/pll.c.obj
                0x1000267c                pll_init
 .text.watchdog_start_tick
                0x100027a8       0x10 CMakeFiles/pid_ctrl.dir/C_/Users/TaekguenJi/Documents/pico-sdk/src/rp2_common/hardware_watchdog/watchdog.c.obj
                0x100027a8                watchdog_start_tick
 .text.watchdog_update
                0x100027b8       0x14 CMakeFiles/pid_ctrl.dir/C_/Users/TaekguenJi/Documents/pico-sdk/src/rp2_common/hardware_watchdog/watchdog.c.obj
                0x100027b8                watchdog_update
 .text._watchdog_enable
                0x100027cc       0x78 CMakeFiles/pid_ctrl.dir/C_/Users/TaekguenJi/Documents/pico-sdk/src/rp2_common/hardware_watchdog/watchdog.c.obj
                0x100027cc                _watchdog_enable
 .text.watchdog_reboot
                0x10002844       0x48 CMakeFiles/pid_ctrl.dir/C_/Users/TaekguenJi/Documents/pico-sdk/src/rp2_common/hardware_watchdog/watchdog.c.obj
                0x10002844                watchdog_reboot
 .text.xosc_init
                0x1000288c       0x28 CMakeFiles/pid_ctrl.dir/C_/Users/TaekguenJi/Documents/pico-sdk/src/rp2_common/hardware_xosc/xosc.c.obj
                0x1000288c                xosc_init
 .text._exit    0x100028b4        0x4 CMakeFiles/pid_ctrl.dir/C_/Users/TaekguenJi/Documents/pico-sdk/src/rp2_common/pico_runtime/runtime.c.obj
                0x100028b4                _exit
 .text.exit     0x100028b8        0x6 CMakeFiles/pid_ctrl.dir/C_/Users/TaekguenJi/Documents/pico-sdk/src/rp2_common/pico_runtime/runtime.c.obj
                0x100028b8                exit
 *fill*         0x100028be        0x2 
 .text.__assert_func
                0x100028c0       0x38 CMakeFiles/pid_ctrl.dir/C_/Users/TaekguenJi/Documents/pico-sdk/src/rp2_common/pico_runtime/runtime.c.obj
                0x100028c0                __assert_func
 .text.runtime_init
                0x100028f8       0xf8 CMakeFiles/pid_ctrl.dir/C_/Users/TaekguenJi/Documents/pico-sdk/src/rp2_common/pico_runtime/runtime.c.obj
                0x100028f8                runtime_init
 .text.panic    0x100029f0       0x30 CMakeFiles/pid_ctrl.dir/C_/Users/TaekguenJi/Documents/pico-sdk/src/rp2_common/pico_runtime/runtime.c.obj
                0x100029f0                panic
 .text._out_null
                0x10002a20        0x2 CMakeFiles/pid_ctrl.dir/C_/Users/TaekguenJi/Documents/pico-sdk/src/rp2_common/pico_printf/printf.c.obj
 .text._out_fct
                0x10002a22        0xe CMakeFiles/pid_ctrl.dir/C_/Users/TaekguenJi/Documents/pico-sdk/src/rp2_common/pico_printf/printf.c.obj
 .text._atoi    0x10002a30       0x24 CMakeFiles/pid_ctrl.dir/C_/Users/TaekguenJi/Documents/pico-sdk/src/rp2_common/pico_printf/printf.c.obj
 .text._out_rev
                0x10002a54       0xae CMakeFiles/pid_ctrl.dir/C_/Users/TaekguenJi/Documents/pico-sdk/src/rp2_common/pico_printf/printf.c.obj
 .text._ntoa_format
                0x10002b02      0x110 CMakeFiles/pid_ctrl.dir/C_/Users/TaekguenJi/Documents/pico-sdk/src/rp2_common/pico_printf/printf.c.obj
 .text._ntoa_long
                0x10002c12       0xbc CMakeFiles/pid_ctrl.dir/C_/Users/TaekguenJi/Documents/pico-sdk/src/rp2_common/pico_printf/printf.c.obj
 .text._ntoa_long_long
                0x10002cce      0x10e CMakeFiles/pid_ctrl.dir/C_/Users/TaekguenJi/Documents/pico-sdk/src/rp2_common/pico_printf/printf.c.obj
 .text._etoa    0x10002ddc      0x420 CMakeFiles/pid_ctrl.dir/C_/Users/TaekguenJi/Documents/pico-sdk/src/rp2_common/pico_printf/printf.c.obj
 .text._ftoa    0x100031fc      0x354 CMakeFiles/pid_ctrl.dir/C_/Users/TaekguenJi/Documents/pico-sdk/src/rp2_common/pico_printf/printf.c.obj
 .text._vsnprintf
                0x10003550      0x65c CMakeFiles/pid_ctrl.dir/C_/Users/TaekguenJi/Documents/pico-sdk/src/rp2_common/pico_printf/printf.c.obj
 .text.vfctprintf
                0x10003bac       0x20 CMakeFiles/pid_ctrl.dir/C_/Users/TaekguenJi/Documents/pico-sdk/src/rp2_common/pico_printf/printf.c.obj
                0x10003bac                vfctprintf
 .text          0x10003bcc       0x10 CMakeFiles/pid_ctrl.dir/C_/Users/TaekguenJi/Documents/pico-sdk/src/rp2_common/pico_bit_ops/bit_ops_aeabi.S.obj
 .text.rom_func_lookup
                0x10003bdc       0x10 CMakeFiles/pid_ctrl.dir/C_/Users/TaekguenJi/Documents/pico-sdk/src/rp2_common/pico_bootrom/bootrom.c.obj
                0x10003bdc                rom_func_lookup
 .text.rom_data_lookup
                0x10003bec       0x10 CMakeFiles/pid_ctrl.dir/C_/Users/TaekguenJi/Documents/pico-sdk/src/rp2_common/pico_bootrom/bootrom.c.obj
                0x10003bec                rom_data_lookup
 .text.rom_funcs_lookup
                0x10003bfc       0x36 CMakeFiles/pid_ctrl.dir/C_/Users/TaekguenJi/Documents/pico-sdk/src/rp2_common/pico_bootrom/bootrom.c.obj
                0x10003bfc                rom_funcs_lookup
 *fill*         0x10003c32        0x2 
 .text.__wrap___aeabi_idiv
                0x10003c34       0x50 CMakeFiles/pid_ctrl.dir/C_/Users/TaekguenJi/Documents/pico-sdk/src/rp2_common/pico_divider/divider.S.obj
                0x10003c34                __wrap___aeabi_idivmod
                0x10003c34                divmod_s32s32
                0x10003c34                div_s32s32
                0x10003c34                __wrap___aeabi_idiv
                0x10003c3c                divmod_s32s32_unsafe
                0x10003c68                divmod_s32s32_savestate
 .text.__wrap___aeabi_uidiv
                0x10003c84       0x4c CMakeFiles/pid_ctrl.dir/C_/Users/TaekguenJi/Documents/pico-sdk/src/rp2_common/pico_divider/divider.S.obj
                0x10003c84                __wrap___aeabi_uidiv
                0x10003c84                __wrap___aeabi_uidivmod
                0x10003c84                div_u32u32
                0x10003c84                divmod_u32u32
                0x10003c8c                divmod_u32u32_unsafe
                0x10003cb4                divmod_u32u32_savestate
 .text.__wrap___aeabi_ldiv
                0x10003cd0      0x424 CMakeFiles/pid_ctrl.dir/C_/Users/TaekguenJi/Documents/pico-sdk/src/rp2_common/pico_divider/divider.S.obj
                0x10003cd0                div_s64s64
                0x10003cd0                divmod_s64s64
                0x10003cd0                __wrap___aeabi_ldivmod
                0x10003d00                divmod_u64u64
                0x10003d00                div_u64u64
                0x10003d00                __wrap___aeabi_uldivmod
                0x10003d10                divmod_u64u64_savestate
                0x10003d30                divmod_s64s64_unsafe
                0x10003db8                divmod_u64u64_unsafe
 .text.__wrap___aeabi_darithmetic
                0x100040f4       0x80 CMakeFiles/pid_ctrl.dir/C_/Users/TaekguenJi/Documents/pico-sdk/src/rp2_common/pico_double/double_aeabi.S.obj
                0x100040f4                __wrap___aeabi_drsub
                0x100040fa                __wrap___aeabi_dsub
                0x1000410c                __wrap___aeabi_dadd
                0x1000411e                __wrap___aeabi_ddiv
                0x1000415a                __wrap___aeabi_dmul
 .text.__wrap___aeabi_cdcmple
                0x10004174       0x6c CMakeFiles/pid_ctrl.dir/C_/Users/TaekguenJi/Documents/pico-sdk/src/rp2_common/pico_double/double_aeabi.S.obj
                0x10004174                __wrap___aeabi_cdrcmple
                0x10004184                __wrap___aeabi_cdcmpeq
                0x10004184                __wrap___aeabi_cdcmple
 .text.__wrap___aeabi_dcmpeq
                0x100041e0       0x10 CMakeFiles/pid_ctrl.dir/C_/Users/TaekguenJi/Documents/pico-sdk/src/rp2_common/pico_double/double_aeabi.S.obj
                0x100041e0                __wrap___aeabi_dcmpeq
 .text.__wrap___aeabi_dcmplt
                0x100041f0        0xc CMakeFiles/pid_ctrl.dir/C_/Users/TaekguenJi/Documents/pico-sdk/src/rp2_common/pico_double/double_aeabi.S.obj
                0x100041f0                __wrap___aeabi_dcmplt
 .text.__wrap___aeabi_dcmple
                0x100041fc       0x10 CMakeFiles/pid_ctrl.dir/C_/Users/TaekguenJi/Documents/pico-sdk/src/rp2_common/pico_double/double_aeabi.S.obj
                0x100041fc                __wrap___aeabi_dcmple
 .text.__wrap___aeabi_dcmpge
                0x1000420c       0x10 CMakeFiles/pid_ctrl.dir/C_/Users/TaekguenJi/Documents/pico-sdk/src/rp2_common/pico_double/double_aeabi.S.obj
                0x1000420c                __wrap___aeabi_dcmpge
 .text.__wrap___aeabi_dcmpgt
                0x1000421c        0xa CMakeFiles/pid_ctrl.dir/C_/Users/TaekguenJi/Documents/pico-sdk/src/rp2_common/pico_double/double_aeabi.S.obj
                0x1000421c                __wrap___aeabi_dcmpgt
 .text.__wrap___aeabi_dcmpun
                0x10004226       0x1c CMakeFiles/pid_ctrl.dir/C_/Users/TaekguenJi/Documents/pico-sdk/src/rp2_common/pico_double/double_aeabi.S.obj
                0x10004226                __wrap___aeabi_dcmpun
 *fill*         0x10004242        0x2 
 .text.__wrap___aeabi_i2d
                0x10004244       0x38 CMakeFiles/pid_ctrl.dir/C_/Users/TaekguenJi/Documents/pico-sdk/src/rp2_common/pico_double/double_aeabi.S.obj
                0x10004244                __wrap___aeabi_ui2d
                0x1000424c                __wrap___aeabi_i2d
 .text.__wrap___aeabi_d2iz
                0x1000427c       0x48 CMakeFiles/pid_ctrl.dir/C_/Users/TaekguenJi/Documents/pico-sdk/src/rp2_common/pico_double/double_aeabi.S.obj
                0x1000427c                double2int_z
                0x1000427c                __wrap___aeabi_d2iz
 .text.__wrap___aeabi_d2uiz
                0x100042c4       0x18 CMakeFiles/pid_ctrl.dir/C_/Users/TaekguenJi/Documents/pico-sdk/src/rp2_common/pico_double/double_aeabi.S.obj
                0x100042c4                __wrap___aeabi_d2uiz
                0x100042c4                double2uint
 .text.__wrap_exp
                0x100042dc       0x18 CMakeFiles/pid_ctrl.dir/C_/Users/TaekguenJi/Documents/pico-sdk/src/rp2_common/pico_double/double_aeabi.S.obj
                0x100042dc                __wrap_exp
 .text.__wrap_log
                0x100042f4       0x18 CMakeFiles/pid_ctrl.dir/C_/Users/TaekguenJi/Documents/pico-sdk/src/rp2_common/pico_double/double_aeabi.S.obj
                0x100042f4                __wrap_log
 .text.__aeabi_double_init
                0x1000430c       0xcc CMakeFiles/pid_ctrl.dir/C_/Users/TaekguenJi/Documents/pico-sdk/src/rp2_common/pico_double/double_init_rom.c.obj
                0x1000430c                __aeabi_double_init
 .text.dldexp   0x100043d8       0x50 CMakeFiles/pid_ctrl.dir/C_/Users/TaekguenJi/Documents/pico-sdk/src/rp2_common/pico_double/double_math.c.obj
 .text.disint   0x10004428       0x60 CMakeFiles/pid_ctrl.dir/C_/Users/TaekguenJi/Documents/pico-sdk/src/rp2_common/pico_double/double_math.c.obj
 .text.disoddint
                0x10004488       0x7c CMakeFiles/pid_ctrl.dir/C_/Users/TaekguenJi/Documents/pico-sdk/src/rp2_common/pico_double/double_math.c.obj
 .text.dispo2   0x10004504       0x28 CMakeFiles/pid_ctrl.dir/C_/Users/TaekguenJi/Documents/pico-sdk/src/rp2_common/pico_double/double_math.c.obj
 .text.dpow_int2
                0x1000452c       0x2c CMakeFiles/pid_ctrl.dir/C_/Users/TaekguenJi/Documents/pico-sdk/src/rp2_common/pico_double/double_math.c.obj
 .text.dpowint_1
                0x10004558       0x24 CMakeFiles/pid_ctrl.dir/C_/Users/TaekguenJi/Documents/pico-sdk/src/rp2_common/pico_double/double_math.c.obj
 .text.dpow_1   0x1000457c      0x1dc CMakeFiles/pid_ctrl.dir/C_/Users/TaekguenJi/Documents/pico-sdk/src/rp2_common/pico_double/double_math.c.obj
 .text.dpow_0   0x10004758       0xd8 CMakeFiles/pid_ctrl.dir/C_/Users/TaekguenJi/Documents/pico-sdk/src/rp2_common/pico_double/double_math.c.obj
 .text.__wrap_ldexp
                0x10004830        0x8 CMakeFiles/pid_ctrl.dir/C_/Users/TaekguenJi/Documents/pico-sdk/src/rp2_common/pico_double/double_math.c.obj
                0x10004830                __wrap_ldexp
 .text.__wrap_round
                0x10004838       0x98 CMakeFiles/pid_ctrl.dir/C_/Users/TaekguenJi/Documents/pico-sdk/src/rp2_common/pico_double/double_math.c.obj
                0x10004838                __wrap_round
 .text.__wrap_exp2
                0x100048d0       0x88 CMakeFiles/pid_ctrl.dir/C_/Users/TaekguenJi/Documents/pico-sdk/src/rp2_common/pico_double/double_math.c.obj
                0x100048d0                __wrap_exp2
 .text.__wrap_pow
                0x10004958      0x168 CMakeFiles/pid_ctrl.dir/C_/Users/TaekguenJi/Documents/pico-sdk/src/rp2_common/pico_double/double_math.c.obj
                0x10004958                __wrap_pow
 .text.double_table_shim_on_use_helper
                0x10004ac0       0x34 CMakeFiles/pid_ctrl.dir/C_/Users/TaekguenJi/Documents/pico-sdk/src/rp2_common/pico_double/double_v1_rom_shim.S.obj
                0x10004ac0                double_table_shim_on_use_helper
 .text.__wrap___aeabi_dsub
                0x10004af4       0x10 CMakeFiles/pid_ctrl.dir/C_/Users/TaekguenJi/Documents/pico-sdk/src/rp2_common/pico_double/double_v1_rom_shim.S.obj
                0x10004af4                drsub_shim
                0x10004afa                dsub_shim
 .text.dadd_shim
                0x10004b04      0x15c CMakeFiles/pid_ctrl.dir/C_/Users/TaekguenJi/Documents/pico-sdk/src/rp2_common/pico_double/double_v1_rom_shim.S.obj
                0x10004b04                dadd_shim
 .text.dmul_shim
                0x10004c60      0x15c CMakeFiles/pid_ctrl.dir/C_/Users/TaekguenJi/Documents/pico-sdk/src/rp2_common/pico_double/double_v1_rom_shim.S.obj
                0x10004c60                dmul_shim
 .text.ddiv_shim
                0x10004dbc      0x1b0 CMakeFiles/pid_ctrl.dir/C_/Users/TaekguenJi/Documents/pico-sdk/src/rp2_common/pico_double/double_v1_rom_shim.S.obj
                0x10004dbc                ddiv_shim
 .text.double2uint_shim
                0x10004f6c        0xe CMakeFiles/pid_ctrl.dir/C_/Users/TaekguenJi/Documents/pico-sdk/src/rp2_common/pico_double/double_v1_rom_shim.S.obj
                0x10004f6c                double2uint_shim
                0x10004f6e                double2ufix_shim
 *fill*         0x10004f7a        0x2 
 .text.double2uint64_shim
                0x10004f7c       0x70 CMakeFiles/pid_ctrl.dir/C_/Users/TaekguenJi/Documents/pico-sdk/src/rp2_common/pico_double/double_v1_rom_shim.S.obj
                0x10004f7c                double2uint64_shim
                0x10004f7e                double2ufix64_shim
                0x10004f9e                d2fix_a
 .text.x2double_shims
                0x10004fec       0x90 CMakeFiles/pid_ctrl.dir/C_/Users/TaekguenJi/Documents/pico-sdk/src/rp2_common/pico_double/double_v1_rom_shim.S.obj
                0x10004fec                uint2double_shim
                0x10004fee                ufix2double_shim
                0x10004ff4                int2double_shim
                0x10004ff6                fix2double_shim
                0x10004ffc                uint642double_shim
                0x10004ffe                ufix642double_shim
                0x10005004                int642double_shim
                0x10005006                fix642double_shim
 .text.dunpacks
                0x1000507c       0x3c CMakeFiles/pid_ctrl.dir/C_/Users/TaekguenJi/Documents/pico-sdk/src/rp2_common/pico_double/double_v1_rom_shim.S.obj
                0x1000507c                dunpacks
 .text.dreduce  0x100050b8       0x82 CMakeFiles/pid_ctrl.dir/C_/Users/TaekguenJi/Documents/pico-sdk/src/rp2_common/pico_double/double_v1_rom_shim.S.obj
                0x100050b8                dreduce
 *fill*         0x1000513a        0x2 
 .text.dexp_guts
                0x1000513c      0x268 CMakeFiles/pid_ctrl.dir/C_/Users/TaekguenJi/Documents/pico-sdk/src/rp2_common/pico_double/double_v1_rom_shim.S.obj
                0x1000513c                dexp_shim
                0x100051d8                dln_shim
 .text.__aeabi_lmul
                0x100053a4       0x32 CMakeFiles/pid_ctrl.dir/C_/Users/TaekguenJi/Documents/pico-sdk/src/rp2_common/pico_int64_ops/pico_int64_ops_aeabi.S.obj
                0x100053a4                __wrap___aeabi_lmul
 *fill*         0x100053d6        0x2 
 .text.__aeabi_float_init
                0x100053d8       0xfc CMakeFiles/pid_ctrl.dir/C_/Users/TaekguenJi/Documents/pico-sdk/src/rp2_common/pico_float/float_init_rom.c.obj
                0x100053d8                __aeabi_float_init
 .text.float_table_shim_on_use_helper
                0x100054d4       0x34 CMakeFiles/pid_ctrl.dir/C_/Users/TaekguenJi/Documents/pico-sdk/src/rp2_common/pico_float/float_v1_rom_shim.S.obj
                0x100054d4                float_table_shim_on_use_helper
 .text          0x10005508       0x10 CMakeFiles/pid_ctrl.dir/C_/Users/TaekguenJi/Documents/pico-sdk/src/rp2_common/pico_mem_ops/mem_ops_aeabi.S.obj
                0x10005508                __aeabi_mem_init
 .text.memset   0x10005518        0xc CMakeFiles/pid_ctrl.dir/C_/Users/TaekguenJi/Documents/pico-sdk/src/rp2_common/pico_mem_ops/mem_ops_aeabi.S.obj
                0x10005518                __wrap_memset
 .text.memcpy   0x10005524        0xc CMakeFiles/pid_ctrl.dir/C_/Users/TaekguenJi/Documents/pico-sdk/src/rp2_common/pico_mem_ops/mem_ops_aeabi.S.obj
                0x10005524                __wrap_memcpy
                0x10005524                __wrap___aeabi_memcpy
 .text.stdio_out_chars_no_crlf
                0x10005530        0xe CMakeFiles/pid_ctrl.dir/C_/Users/TaekguenJi/Documents/pico-sdk/src/rp2_common/pico_stdio/stdio.c.obj
 *fill*         0x1000553e        0x2 
 .text.stdio_out_chars_crlf
                0x10005540       0x80 CMakeFiles/pid_ctrl.dir/C_/Users/TaekguenJi/Documents/pico-sdk/src/rp2_common/pico_stdio/stdio.c.obj
 .text.stdio_stack_buffer_flush
                0x100055c0       0x44 CMakeFiles/pid_ctrl.dir/C_/Users/TaekguenJi/Documents/pico-sdk/src/rp2_common/pico_stdio/stdio.c.obj
 .text.stdio_buffered_printer
                0x10005604       0x20 CMakeFiles/pid_ctrl.dir/C_/Users/TaekguenJi/Documents/pico-sdk/src/rp2_common/pico_stdio/stdio.c.obj
 .text.update_us_since_boot
                0x10005624       0x24 CMakeFiles/pid_ctrl.dir/C_/Users/TaekguenJi/Documents/pico-sdk/src/rp2_common/pico_stdio/stdio.c.obj
 .text.get_absolute_time
                0x10005648       0x22 CMakeFiles/pid_ctrl.dir/C_/Users/TaekguenJi/Documents/pico-sdk/src/rp2_common/pico_stdio/stdio.c.obj
 *fill*         0x1000566a        0x2 
 .text.delayed_by_ms
                0x1000566c       0x44 CMakeFiles/pid_ctrl.dir/C_/Users/TaekguenJi/Documents/pico-sdk/src/rp2_common/pico_stdio/stdio.c.obj
 .text.make_timeout_time_ms
                0x100056b0       0x20 CMakeFiles/pid_ctrl.dir/C_/Users/TaekguenJi/Documents/pico-sdk/src/rp2_common/pico_stdio/stdio.c.obj
 .text.stdout_serialize_begin
                0x100056d0       0x20 CMakeFiles/pid_ctrl.dir/C_/Users/TaekguenJi/Documents/pico-sdk/src/rp2_common/pico_stdio/stdio.c.obj
                0x100056d0                stdout_serialize_begin
 .text.stdout_serialize_end
                0x100056f0       0x10 CMakeFiles/pid_ctrl.dir/C_/Users/TaekguenJi/Documents/pico-sdk/src/rp2_common/pico_stdio/stdio.c.obj
                0x100056f0                stdout_serialize_end
 .text.stdio_put_string
                0x10005700       0x98 CMakeFiles/pid_ctrl.dir/C_/Users/TaekguenJi/Documents/pico-sdk/src/rp2_common/pico_stdio/stdio.c.obj
 .text.stdio_set_driver_enabled
                0x10005798       0x2c CMakeFiles/pid_ctrl.dir/C_/Users/TaekguenJi/Documents/pico-sdk/src/rp2_common/pico_stdio/stdio.c.obj
                0x10005798                stdio_set_driver_enabled
 .text.stdio_flush
                0x100057c4       0x20 CMakeFiles/pid_ctrl.dir/C_/Users/TaekguenJi/Documents/pico-sdk/src/rp2_common/pico_stdio/stdio.c.obj
                0x100057c4                stdio_flush
 .text.__wrap_puts
                0x100057e4       0x1e CMakeFiles/pid_ctrl.dir/C_/Users/TaekguenJi/Documents/pico-sdk/src/rp2_common/pico_stdio/stdio.c.obj
                0x100057e4                __wrap_puts
 *fill*         0x10005802        0x2 
 .text.__wrap_vprintf
                0x10005804       0x40 CMakeFiles/pid_ctrl.dir/C_/Users/TaekguenJi/Documents/pico-sdk/src/rp2_common/pico_stdio/stdio.c.obj
                0x10005804                __wrap_vprintf
 .text.__wrap_printf
                0x10005844       0x18 CMakeFiles/pid_ctrl.dir/C_/Users/TaekguenJi/Documents/pico-sdk/src/rp2_common/pico_stdio/stdio.c.obj
                0x10005844                __wrap_printf
 .text.stdio_init_all
                0x1000585c        0xe CMakeFiles/pid_ctrl.dir/C_/Users/TaekguenJi/Documents/pico-sdk/src/rp2_common/pico_stdio/stdio.c.obj
                0x1000585c                stdio_init_all
 *fill*         0x1000586a        0x2 
 .text.uart_putc
                0x1000586c       0x60 CMakeFiles/pid_ctrl.dir/C_/Users/TaekguenJi/Documents/pico-sdk/src/rp2_common/pico_stdio_uart/stdio_uart.c.obj
 .text.uart_getc
                0x100058cc       0x24 CMakeFiles/pid_ctrl.dir/C_/Users/TaekguenJi/Documents/pico-sdk/src/rp2_common/pico_stdio_uart/stdio_uart.c.obj
 .text.stdio_uart_out_chars
                0x100058f0       0x20 CMakeFiles/pid_ctrl.dir/C_/Users/TaekguenJi/Documents/pico-sdk/src/rp2_common/pico_stdio_uart/stdio_uart.c.obj
 .text.stdio_uart_in_chars
                0x10005910       0x5c CMakeFiles/pid_ctrl.dir/C_/Users/TaekguenJi/Documents/pico-sdk/src/rp2_common/pico_stdio_uart/stdio_uart.c.obj
                0x10005910                stdio_uart_in_chars
 .text.on_uart_rx
                0x1000596c       0x28 CMakeFiles/pid_ctrl.dir/C_/Users/TaekguenJi/Documents/pico-sdk/src/rp2_common/pico_stdio_uart/stdio_uart.c.obj
 .text.stdio_uart_set_chars_available_callback
                0x10005994       0x8c CMakeFiles/pid_ctrl.dir/C_/Users/TaekguenJi/Documents/pico-sdk/src/rp2_common/pico_stdio_uart/stdio_uart.c.obj
 .text.stdio_uart_init_full
                0x10005a20       0x44 CMakeFiles/pid_ctrl.dir/C_/Users/TaekguenJi/Documents/pico-sdk/src/rp2_common/pico_stdio_uart/stdio_uart.c.obj
                0x10005a20                stdio_uart_init_full
 .text.stdio_uart_init
                0x10005a64       0x28 CMakeFiles/pid_ctrl.dir/C_/Users/TaekguenJi/Documents/pico-sdk/src/rp2_common/pico_stdio_uart/stdio_uart.c.obj
                0x10005a64                stdio_uart_init
 .text.resetd_init
                0x10005a8c        0x2 CMakeFiles/pid_ctrl.dir/C_/Users/TaekguenJi/Documents/pico-sdk/src/rp2_common/pico_stdio_usb/reset_interface.c.obj
 *fill*         0x10005a8e        0x2 
 .text.resetd_reset
                0x10005a90        0xc CMakeFiles/pid_ctrl.dir/C_/Users/TaekguenJi/Documents/pico-sdk/src/rp2_common/pico_stdio_usb/reset_interface.c.obj
 .text.resetd_open
                0x10005a9c       0x34 CMakeFiles/pid_ctrl.dir/C_/Users/TaekguenJi/Documents/pico-sdk/src/rp2_common/pico_stdio_usb/reset_interface.c.obj
 .text.resetd_xfer_cb
                0x10005ad0        0x4 CMakeFiles/pid_ctrl.dir/C_/Users/TaekguenJi/Documents/pico-sdk/src/rp2_common/pico_stdio_usb/reset_interface.c.obj
 .text.reset_usb_boot
                0x10005ad4       0x18 CMakeFiles/pid_ctrl.dir/C_/Users/TaekguenJi/Documents/pico-sdk/src/rp2_common/pico_stdio_usb/reset_interface.c.obj
 .text.resetd_control_xfer_cb
                0x10005aec       0x5c CMakeFiles/pid_ctrl.dir/C_/Users/TaekguenJi/Documents/pico-sdk/src/rp2_common/pico_stdio_usb/reset_interface.c.obj
 .text.usbd_app_driver_get_cb
                0x10005b48        0xc CMakeFiles/pid_ctrl.dir/C_/Users/TaekguenJi/Documents/pico-sdk/src/rp2_common/pico_stdio_usb/reset_interface.c.obj
                0x10005b48                usbd_app_driver_get_cb
 .text.tud_cdc_line_coding_cb
                0x10005b54       0x28 CMakeFiles/pid_ctrl.dir/C_/Users/TaekguenJi/Documents/pico-sdk/src/rp2_common/pico_stdio_usb/reset_interface.c.obj
                0x10005b54                tud_cdc_line_coding_cb
 .text.stdio_usb_set_chars_available_callback
                0x10005b7c       0x14 CMakeFiles/pid_ctrl.dir/C_/Users/TaekguenJi/Documents/pico-sdk/src/rp2_common/pico_stdio_usb/stdio_usb.c.obj
                0x10005b7c                stdio_usb_set_chars_available_callback
 .text.update_us_since_boot
                0x10005b90       0x24 CMakeFiles/pid_ctrl.dir/C_/Users/TaekguenJi/Documents/pico-sdk/src/rp2_common/pico_stdio_usb/stdio_usb.c.obj
 .text.get_absolute_time
                0x10005bb4       0x22 CMakeFiles/pid_ctrl.dir/C_/Users/TaekguenJi/Documents/pico-sdk/src/rp2_common/pico_stdio_usb/stdio_usb.c.obj
 *fill*         0x10005bd6        0x2 
 .text.delayed_by_ms
                0x10005bd8       0x44 CMakeFiles/pid_ctrl.dir/C_/Users/TaekguenJi/Documents/pico-sdk/src/rp2_common/pico_stdio_usb/stdio_usb.c.obj
 .text.make_timeout_time_ms
                0x10005c1c       0x20 CMakeFiles/pid_ctrl.dir/C_/Users/TaekguenJi/Documents/pico-sdk/src/rp2_common/pico_stdio_usb/stdio_usb.c.obj
 .text.delayed_by_us
                0x10005c3c       0x34 CMakeFiles/pid_ctrl.dir/C_/Users/TaekguenJi/Documents/pico-sdk/src/rp2_common/pico_stdio_usb/stdio_usb.c.obj
 .text.usb_irq  0x10005c70       0x10 CMakeFiles/pid_ctrl.dir/C_/Users/TaekguenJi/Documents/pico-sdk/src/rp2_common/pico_stdio_usb/stdio_usb.c.obj
 .text.timer_task
                0x10005c80       0x58 CMakeFiles/pid_ctrl.dir/C_/Users/TaekguenJi/Documents/pico-sdk/src/rp2_common/pico_stdio_usb/stdio_usb.c.obj
 .text.alarm_pool_add_alarm_in_us
                0x10005cd8       0x3a CMakeFiles/pid_ctrl.dir/C_/Users/TaekguenJi/Documents/pico-sdk/src/rp2_common/pico_stdio_usb/stdio_usb.c.obj
 .text.add_alarm_in_us
                0x10005d12       0x2e CMakeFiles/pid_ctrl.dir/C_/Users/TaekguenJi/Documents/pico-sdk/src/rp2_common/pico_stdio_usb/stdio_usb.c.obj
 .text.low_priority_worker_irq
                0x10005d40       0x84 CMakeFiles/pid_ctrl.dir/C_/Users/TaekguenJi/Documents/pico-sdk/src/rp2_common/pico_stdio_usb/stdio_usb.c.obj
 .text.tud_cdc_rx_cb
                0x10005dc4       0x20 CMakeFiles/pid_ctrl.dir/C_/Users/TaekguenJi/Documents/pico-sdk/src/rp2_common/pico_stdio_usb/stdio_usb.c.obj
                0x10005dc4                tud_cdc_rx_cb
 .text.stdio_usb_init
                0x10005de4       0xdc CMakeFiles/pid_ctrl.dir/C_/Users/TaekguenJi/Documents/pico-sdk/src/rp2_common/pico_stdio_usb/stdio_usb.c.obj
                0x10005de4                stdio_usb_init
 .text.stdio_usb_connected
                0x10005ec0        0xa CMakeFiles/pid_ctrl.dir/C_/Users/TaekguenJi/Documents/pico-sdk/src/rp2_common/pico_stdio_usb/stdio_usb.c.obj
                0x10005ec0                stdio_usb_connected
 *fill*         0x10005eca        0x2 
 .text.stdio_usb_in_chars
                0x10005ecc       0x88 CMakeFiles/pid_ctrl.dir/C_/Users/TaekguenJi/Documents/pico-sdk/src/rp2_common/pico_stdio_usb/stdio_usb.c.obj
                0x10005ecc                stdio_usb_in_chars
 .text.stdio_usb_out_chars
                0x10005f54       0xd8 CMakeFiles/pid_ctrl.dir/C_/Users/TaekguenJi/Documents/pico-sdk/src/rp2_common/pico_stdio_usb/stdio_usb.c.obj
 .text.tud_descriptor_device_cb
                0x1000602c        0x8 CMakeFiles/pid_ctrl.dir/C_/Users/TaekguenJi/Documents/pico-sdk/src/rp2_common/pico_stdio_usb/stdio_usb_descriptors.c.obj
                0x1000602c                tud_descriptor_device_cb
 .text.tud_descriptor_configuration_cb
                0x10006034        0x8 CMakeFiles/pid_ctrl.dir/C_/Users/TaekguenJi/Documents/pico-sdk/src/rp2_common/pico_stdio_usb/stdio_usb_descriptors.c.obj
                0x10006034                tud_descriptor_configuration_cb
 .text.tud_descriptor_string_cb
                0x1000603c       0x6c CMakeFiles/pid_ctrl.dir/C_/Users/TaekguenJi/Documents/pico-sdk/src/rp2_common/pico_stdio_usb/stdio_usb_descriptors.c.obj
                0x1000603c                tud_descriptor_string_cb
 .text._retrieve_unique_id_on_boot
                0x100060a8       0x10 CMakeFiles/pid_ctrl.dir/C_/Users/TaekguenJi/Documents/pico-sdk/src/rp2_common/pico_unique_id/unique_id.c.obj
 .text.pico_get_unique_board_id_string
                0x100060b8       0x5c CMakeFiles/pid_ctrl.dir/C_/Users/TaekguenJi/Documents/pico-sdk/src/rp2_common/pico_unique_id/unique_id.c.obj
                0x100060b8                pico_get_unique_board_id_string
 .text.flash_get_unique_id
                0x10006114       0x46 CMakeFiles/pid_ctrl.dir/C_/Users/TaekguenJi/Documents/pico-sdk/src/rp2_common/hardware_flash/flash.c.obj
                0x10006114                flash_get_unique_id
 *fill*         0x1000615a        0x2 
 .text.hw_endpoint_get_by_addr
                0x1000615c       0x18 CMakeFiles/pid_ctrl.dir/C_/Users/TaekguenJi/Documents/pico-sdk/lib/tinyusb/src/portable/raspberrypi/rp2040/dcd_rp2040.c.obj
 .text._hw_endpoint_alloc
                0x10006174       0x70 CMakeFiles/pid_ctrl.dir/C_/Users/TaekguenJi/Documents/pico-sdk/lib/tinyusb/src/portable/raspberrypi/rp2040/dcd_rp2040.c.obj
 .text.hw_endpoint_init
                0x100061e4       0x88 CMakeFiles/pid_ctrl.dir/C_/Users/TaekguenJi/Documents/pico-sdk/lib/tinyusb/src/portable/raspberrypi/rp2040/dcd_rp2040.c.obj
 .text.dcd_event_sof
                0x1000626c       0x2c CMakeFiles/pid_ctrl.dir/C_/Users/TaekguenJi/Documents/pico-sdk/lib/tinyusb/src/portable/raspberrypi/rp2040/dcd_rp2040.c.obj
 .text.hw_endpoint_xfer
                0x10006298       0x14 CMakeFiles/pid_ctrl.dir/C_/Users/TaekguenJi/Documents/pico-sdk/lib/tinyusb/src/portable/raspberrypi/rp2040/dcd_rp2040.c.obj
 .text.dcd_int_enable
                0x100062ac       0x2c CMakeFiles/pid_ctrl.dir/C_/Users/TaekguenJi/Documents/pico-sdk/lib/tinyusb/src/portable/raspberrypi/rp2040/dcd_rp2040.c.obj
                0x100062ac                dcd_int_enable
 .text.dcd_set_address
                0x100062d8       0x2c CMakeFiles/pid_ctrl.dir/C_/Users/TaekguenJi/Documents/pico-sdk/lib/tinyusb/src/portable/raspberrypi/rp2040/dcd_rp2040.c.obj
                0x100062d8                dcd_set_address
 .text.dcd_connect
                0x10006304       0x10 CMakeFiles/pid_ctrl.dir/C_/Users/TaekguenJi/Documents/pico-sdk/lib/tinyusb/src/portable/raspberrypi/rp2040/dcd_rp2040.c.obj
                0x10006304                dcd_connect
 .text.dcd_init
                0x10006314       0x80 CMakeFiles/pid_ctrl.dir/C_/Users/TaekguenJi/Documents/pico-sdk/lib/tinyusb/src/portable/raspberrypi/rp2040/dcd_rp2040.c.obj
                0x10006314                dcd_init
 .text.dcd_edpt0_status_complete
                0x10006394       0x1c CMakeFiles/pid_ctrl.dir/C_/Users/TaekguenJi/Documents/pico-sdk/lib/tinyusb/src/portable/raspberrypi/rp2040/dcd_rp2040.c.obj
                0x10006394                dcd_edpt0_status_complete
 .text.dcd_edpt_open
                0x100063b0       0x40 CMakeFiles/pid_ctrl.dir/C_/Users/TaekguenJi/Documents/pico-sdk/lib/tinyusb/src/portable/raspberrypi/rp2040/dcd_rp2040.c.obj
                0x100063b0                dcd_edpt_open
 .text.dcd_edpt_close_all
                0x100063f0        0x8 CMakeFiles/pid_ctrl.dir/C_/Users/TaekguenJi/Documents/pico-sdk/lib/tinyusb/src/portable/raspberrypi/rp2040/dcd_rp2040.c.obj
                0x100063f0                dcd_edpt_close_all
 .text.dcd_edpt_xfer
                0x100063f8       0x34 CMakeFiles/pid_ctrl.dir/C_/Users/TaekguenJi/Documents/pico-sdk/lib/tinyusb/src/portable/raspberrypi/rp2040/dcd_rp2040.c.obj
                0x100063f8                dcd_edpt_xfer
 .text.dcd_edpt_stall
                0x1000642c       0x2c CMakeFiles/pid_ctrl.dir/C_/Users/TaekguenJi/Documents/pico-sdk/lib/tinyusb/src/portable/raspberrypi/rp2040/dcd_rp2040.c.obj
                0x1000642c                dcd_edpt_stall
 .text.dcd_edpt_clear_stall
                0x10006458       0x20 CMakeFiles/pid_ctrl.dir/C_/Users/TaekguenJi/Documents/pico-sdk/lib/tinyusb/src/portable/raspberrypi/rp2040/dcd_rp2040.c.obj
                0x10006458                dcd_edpt_clear_stall
 .text.rp2040_usb_init
                0x10006478       0x4c CMakeFiles/pid_ctrl.dir/C_/Users/TaekguenJi/Documents/pico-sdk/lib/tinyusb/src/portable/raspberrypi/rp2040/rp2040_usb.c.obj
                0x10006478                rp2040_usb_init
 .text.hw_endpoint_xfer_start
                0x100064c4       0x50 CMakeFiles/pid_ctrl.dir/C_/Users/TaekguenJi/Documents/pico-sdk/lib/tinyusb/src/portable/raspberrypi/rp2040/rp2040_usb.c.obj
                0x100064c4                hw_endpoint_xfer_start
 .text.configuration_reset
                0x10006514       0x84 CMakeFiles/pid_ctrl.dir/C_/Users/TaekguenJi/Documents/pico-sdk/lib/tinyusb/src/device/usbd.c.obj
 .text.usbd_reset
                0x10006598        0xc CMakeFiles/pid_ctrl.dir/C_/Users/TaekguenJi/Documents/pico-sdk/lib/tinyusb/src/device/usbd.c.obj
 .text.invoke_class_control
                0x100065a4       0x1a CMakeFiles/pid_ctrl.dir/C_/Users/TaekguenJi/Documents/pico-sdk/lib/tinyusb/src/device/usbd.c.obj
 *fill*         0x100065be        0x2 
 .text.process_set_config
                0x100065c0      0x178 CMakeFiles/pid_ctrl.dir/C_/Users/TaekguenJi/Documents/pico-sdk/lib/tinyusb/src/device/usbd.c.obj
 .text.process_get_descriptor
                0x10006738       0xdc CMakeFiles/pid_ctrl.dir/C_/Users/TaekguenJi/Documents/pico-sdk/lib/tinyusb/src/device/usbd.c.obj
 .text.tud_mounted
                0x10006814       0x10 CMakeFiles/pid_ctrl.dir/C_/Users/TaekguenJi/Documents/pico-sdk/lib/tinyusb/src/device/usbd.c.obj
                0x10006814                tud_mounted
 .text.tud_suspended
                0x10006824       0x10 CMakeFiles/pid_ctrl.dir/C_/Users/TaekguenJi/Documents/pico-sdk/lib/tinyusb/src/device/usbd.c.obj
                0x10006824                tud_suspended
 .text.tud_inited
                0x10006834       0x14 CMakeFiles/pid_ctrl.dir/C_/Users/TaekguenJi/Documents/pico-sdk/lib/tinyusb/src/device/usbd.c.obj
                0x10006834                tud_inited
 .text.tud_init
                0x10006848       0xcc CMakeFiles/pid_ctrl.dir/C_/Users/TaekguenJi/Documents/pico-sdk/lib/tinyusb/src/device/usbd.c.obj
                0x10006848                tud_init
 .text.usbd_defer_func
                0x10006914       0x2a CMakeFiles/pid_ctrl.dir/C_/Users/TaekguenJi/Documents/pico-sdk/lib/tinyusb/src/device/usbd.c.obj
                0x10006914                usbd_defer_func
 *fill*         0x1000693e        0x2 
 .text.usbd_edpt_open
                0x10006940       0x34 CMakeFiles/pid_ctrl.dir/C_/Users/TaekguenJi/Documents/pico-sdk/lib/tinyusb/src/device/usbd.c.obj
                0x10006940                usbd_edpt_open
 .text.usbd_open_edpt_pair
                0x10006974       0x62 CMakeFiles/pid_ctrl.dir/C_/Users/TaekguenJi/Documents/pico-sdk/lib/tinyusb/src/device/usbd.c.obj
                0x10006974                usbd_open_edpt_pair
 *fill*         0x100069d6        0x2 
 .text.usbd_edpt_claim
                0x100069d8       0x28 CMakeFiles/pid_ctrl.dir/C_/Users/TaekguenJi/Documents/pico-sdk/lib/tinyusb/src/device/usbd.c.obj
                0x100069d8                usbd_edpt_claim
 .text.usbd_edpt_release
                0x10006a00       0x28 CMakeFiles/pid_ctrl.dir/C_/Users/TaekguenJi/Documents/pico-sdk/lib/tinyusb/src/device/usbd.c.obj
                0x10006a00                usbd_edpt_release
 .text.usbd_edpt_xfer
                0x10006a28       0x78 CMakeFiles/pid_ctrl.dir/C_/Users/TaekguenJi/Documents/pico-sdk/lib/tinyusb/src/device/usbd.c.obj
                0x10006a28                usbd_edpt_xfer
 .text.usbd_edpt_stall
                0x10006aa0       0x48 CMakeFiles/pid_ctrl.dir/C_/Users/TaekguenJi/Documents/pico-sdk/lib/tinyusb/src/device/usbd.c.obj
                0x10006aa0                usbd_edpt_stall
 .text.usbd_edpt_clear_stall
                0x10006ae8       0x48 CMakeFiles/pid_ctrl.dir/C_/Users/TaekguenJi/Documents/pico-sdk/lib/tinyusb/src/device/usbd.c.obj
                0x10006ae8                usbd_edpt_clear_stall
 .text.usbd_edpt_stalled
                0x10006b30       0x1c CMakeFiles/pid_ctrl.dir/C_/Users/TaekguenJi/Documents/pico-sdk/lib/tinyusb/src/device/usbd.c.obj
                0x10006b30                usbd_edpt_stalled
 .text.process_control_request
                0x10006b4c      0x374 CMakeFiles/pid_ctrl.dir/C_/Users/TaekguenJi/Documents/pico-sdk/lib/tinyusb/src/device/usbd.c.obj
 .text.tud_task_ext
                0x10006ec0      0x1b4 CMakeFiles/pid_ctrl.dir/C_/Users/TaekguenJi/Documents/pico-sdk/lib/tinyusb/src/device/usbd.c.obj
                0x10006ec0                tud_task_ext
 .text._status_stage_xact
                0x10007074       0x1a CMakeFiles/pid_ctrl.dir/C_/Users/TaekguenJi/Documents/pico-sdk/lib/tinyusb/src/device/usbd_control.c.obj
 *fill*         0x1000708e        0x2 
 .text._data_stage_xact
                0x10007090       0x58 CMakeFiles/pid_ctrl.dir/C_/Users/TaekguenJi/Documents/pico-sdk/lib/tinyusb/src/device/usbd_control.c.obj
 .text.tud_control_status
                0x100070e8       0x28 CMakeFiles/pid_ctrl.dir/C_/Users/TaekguenJi/Documents/pico-sdk/lib/tinyusb/src/device/usbd_control.c.obj
                0x100070e8                tud_control_status
 .text.tud_control_xfer
                0x10007110       0x68 CMakeFiles/pid_ctrl.dir/C_/Users/TaekguenJi/Documents/pico-sdk/lib/tinyusb/src/device/usbd_control.c.obj
                0x10007110                tud_control_xfer
 .text.usbd_control_reset
                0x10007178       0x14 CMakeFiles/pid_ctrl.dir/C_/Users/TaekguenJi/Documents/pico-sdk/lib/tinyusb/src/device/usbd_control.c.obj
                0x10007178                usbd_control_reset
 .text.usbd_control_set_complete_callback
                0x1000718c        0xc CMakeFiles/pid_ctrl.dir/C_/Users/TaekguenJi/Documents/pico-sdk/lib/tinyusb/src/device/usbd_control.c.obj
                0x1000718c                usbd_control_set_complete_callback
 .text.usbd_control_set_request
                0x10007198       0x1c CMakeFiles/pid_ctrl.dir/C_/Users/TaekguenJi/Documents/pico-sdk/lib/tinyusb/src/device/usbd_control.c.obj
                0x10007198                usbd_control_set_request
 .text.usbd_control_xfer_cb
                0x100071b4       0xbc CMakeFiles/pid_ctrl.dir/C_/Users/TaekguenJi/Documents/pico-sdk/lib/tinyusb/src/device/usbd_control.c.obj
                0x100071b4                usbd_control_xfer_cb
 .text._prep_out_transaction
                0x10007270       0x4a CMakeFiles/pid_ctrl.dir/C_/Users/TaekguenJi/Documents/pico-sdk/lib/tinyusb/src/class/cdc/cdc_device.c.obj
 *fill*         0x100072ba        0x2 
 .text.tud_cdc_n_connected
                0x100072bc       0x38 CMakeFiles/pid_ctrl.dir/C_/Users/TaekguenJi/Documents/pico-sdk/lib/tinyusb/src/class/cdc/cdc_device.c.obj
                0x100072bc                tud_cdc_n_connected
 .text.tud_cdc_n_available
                0x100072f4       0x18 CMakeFiles/pid_ctrl.dir/C_/Users/TaekguenJi/Documents/pico-sdk/lib/tinyusb/src/class/cdc/cdc_device.c.obj
                0x100072f4                tud_cdc_n_available
 .text.tud_cdc_n_read
                0x1000730c       0x28 CMakeFiles/pid_ctrl.dir/C_/Users/TaekguenJi/Documents/pico-sdk/lib/tinyusb/src/class/cdc/cdc_device.c.obj
                0x1000730c                tud_cdc_n_read
 .text.tud_cdc_n_write_flush
                0x10007334       0xb8 CMakeFiles/pid_ctrl.dir/C_/Users/TaekguenJi/Documents/pico-sdk/lib/tinyusb/src/class/cdc/cdc_device.c.obj
                0x10007334                tud_cdc_n_write_flush
 .text.tud_cdc_n_write
                0x100073ec       0x38 CMakeFiles/pid_ctrl.dir/C_/Users/TaekguenJi/Documents/pico-sdk/lib/tinyusb/src/class/cdc/cdc_device.c.obj
                0x100073ec                tud_cdc_n_write
 .text.tud_cdc_n_write_available
                0x10007424       0x1c CMakeFiles/pid_ctrl.dir/C_/Users/TaekguenJi/Documents/pico-sdk/lib/tinyusb/src/class/cdc/cdc_device.c.obj
                0x10007424                tud_cdc_n_write_available
 .text.cdcd_init
                0x10007440       0xbc CMakeFiles/pid_ctrl.dir/C_/Users/TaekguenJi/Documents/pico-sdk/lib/tinyusb/src/class/cdc/cdc_device.c.obj
                0x10007440                cdcd_init
 .text.cdcd_reset
                0x100074fc       0x44 CMakeFiles/pid_ctrl.dir/C_/Users/TaekguenJi/Documents/pico-sdk/lib/tinyusb/src/class/cdc/cdc_device.c.obj
                0x100074fc                cdcd_reset
 .text.cdcd_open
                0x10007540       0xc4 CMakeFiles/pid_ctrl.dir/C_/Users/TaekguenJi/Documents/pico-sdk/lib/tinyusb/src/class/cdc/cdc_device.c.obj
                0x10007540                cdcd_open
 .text.cdcd_control_xfer_cb
                0x10007604      0x134 CMakeFiles/pid_ctrl.dir/C_/Users/TaekguenJi/Documents/pico-sdk/lib/tinyusb/src/class/cdc/cdc_device.c.obj
                0x10007604                cdcd_control_xfer_cb
 .text.cdcd_xfer_cb
                0x10007738      0x130 CMakeFiles/pid_ctrl.dir/C_/Users/TaekguenJi/Documents/pico-sdk/lib/tinyusb/src/class/cdc/cdc_device.c.obj
                0x10007738                cdcd_xfer_cb
 .text.tusb_init
                0x10007868        0xa CMakeFiles/pid_ctrl.dir/C_/Users/TaekguenJi/Documents/pico-sdk/lib/tinyusb/src/tusb.c.obj
                0x10007868                tusb_init
 .text.tusb_inited
                0x10007872        0xe CMakeFiles/pid_ctrl.dir/C_/Users/TaekguenJi/Documents/pico-sdk/lib/tinyusb/src/tusb.c.obj
                0x10007872                tusb_inited
 .text.tu_edpt_claim
                0x10007880       0x50 CMakeFiles/pid_ctrl.dir/C_/Users/TaekguenJi/Documents/pico-sdk/lib/tinyusb/src/tusb.c.obj
                0x10007880                tu_edpt_claim
 .text.tu_edpt_release
                0x100078d0       0x38 CMakeFiles/pid_ctrl.dir/C_/Users/TaekguenJi/Documents/pico-sdk/lib/tinyusb/src/tusb.c.obj
                0x100078d0                tu_edpt_release
 .text.tu_edpt_validate
                0x10007908       0x78 CMakeFiles/pid_ctrl.dir/C_/Users/TaekguenJi/Documents/pico-sdk/lib/tinyusb/src/tusb.c.obj
                0x10007908                tu_edpt_validate
 .text.tu_edpt_bind_driver
                0x10007980       0x26 CMakeFiles/pid_ctrl.dir/C_/Users/TaekguenJi/Documents/pico-sdk/lib/tinyusb/src/tusb.c.obj
                0x10007980                tu_edpt_bind_driver
 .text.advance_index
                0x100079a6       0x1a CMakeFiles/pid_ctrl.dir/C_/Users/TaekguenJi/Documents/pico-sdk/lib/tinyusb/src/common/tusb_fifo.c.obj
 .text._tu_fifo_peek
                0x100079c0       0x56 CMakeFiles/pid_ctrl.dir/C_/Users/TaekguenJi/Documents/pico-sdk/lib/tinyusb/src/common/tusb_fifo.c.obj
 .text._ff_pull_const_addr
                0x10007a16       0x4c CMakeFiles/pid_ctrl.dir/C_/Users/TaekguenJi/Documents/pico-sdk/lib/tinyusb/src/common/tusb_fifo.c.obj
 .text._ff_pull_n
                0x10007a62      0x110 CMakeFiles/pid_ctrl.dir/C_/Users/TaekguenJi/Documents/pico-sdk/lib/tinyusb/src/common/tusb_fifo.c.obj
 .text._tu_fifo_peek_n
                0x10007b72       0x6a CMakeFiles/pid_ctrl.dir/C_/Users/TaekguenJi/Documents/pico-sdk/lib/tinyusb/src/common/tusb_fifo.c.obj
 .text._tu_fifo_read_n
                0x10007bdc       0x4e CMakeFiles/pid_ctrl.dir/C_/Users/TaekguenJi/Documents/pico-sdk/lib/tinyusb/src/common/tusb_fifo.c.obj
 .text._ff_push_const_addr
                0x10007c2a       0x40 CMakeFiles/pid_ctrl.dir/C_/Users/TaekguenJi/Documents/pico-sdk/lib/tinyusb/src/common/tusb_fifo.c.obj
 .text._ff_push_n
                0x10007c6a      0x10c CMakeFiles/pid_ctrl.dir/C_/Users/TaekguenJi/Documents/pico-sdk/lib/tinyusb/src/common/tusb_fifo.c.obj
 .text._tu_fifo_write_n
                0x10007d76       0xf0 CMakeFiles/pid_ctrl.dir/C_/Users/TaekguenJi/Documents/pico-sdk/lib/tinyusb/src/common/tusb_fifo.c.obj
 .text.tu_fifo_config
                0x10007e66       0x7c CMakeFiles/pid_ctrl.dir/C_/Users/TaekguenJi/Documents/pico-sdk/lib/tinyusb/src/common/tusb_fifo.c.obj
                0x10007e66                tu_fifo_config
 .text.tu_fifo_count
                0x10007ee2       0x2a CMakeFiles/pid_ctrl.dir/C_/Users/TaekguenJi/Documents/pico-sdk/lib/tinyusb/src/common/tusb_fifo.c.obj
                0x10007ee2                tu_fifo_count
 .text.tu_fifo_empty
                0x10007f0c        0xe CMakeFiles/pid_ctrl.dir/C_/Users/TaekguenJi/Documents/pico-sdk/lib/tinyusb/src/common/tusb_fifo.c.obj
                0x10007f0c                tu_fifo_empty
 .text.tu_fifo_full
                0x10007f1a       0x28 CMakeFiles/pid_ctrl.dir/C_/Users/TaekguenJi/Documents/pico-sdk/lib/tinyusb/src/common/tusb_fifo.c.obj
                0x10007f1a                tu_fifo_full
 .text.tu_fifo_remaining
                0x10007f42       0x2c CMakeFiles/pid_ctrl.dir/C_/Users/TaekguenJi/Documents/pico-sdk/lib/tinyusb/src/common/tusb_fifo.c.obj
                0x10007f42                tu_fifo_remaining
 .text.tu_fifo_read
                0x10007f6e       0x42 CMakeFiles/pid_ctrl.dir/C_/Users/TaekguenJi/Documents/pico-sdk/lib/tinyusb/src/common/tusb_fifo.c.obj
                0x10007f6e                tu_fifo_read
 .text.tu_fifo_read_n
                0x10007fb0        0xa CMakeFiles/pid_ctrl.dir/C_/Users/TaekguenJi/Documents/pico-sdk/lib/tinyusb/src/common/tusb_fifo.c.obj
                0x10007fb0                tu_fifo_read_n
 .text.tu_fifo_write
                0x10007fba       0x64 CMakeFiles/pid_ctrl.dir/C_/Users/TaekguenJi/Documents/pico-sdk/lib/tinyusb/src/common/tusb_fifo.c.obj
                0x10007fba                tu_fifo_write
 .text.tu_fifo_write_n
                0x1000801e        0xa CMakeFiles/pid_ctrl.dir/C_/Users/TaekguenJi/Documents/pico-sdk/lib/tinyusb/src/common/tusb_fifo.c.obj
                0x1000801e                tu_fifo_write_n
 .text.tu_fifo_clear
                0x10008028       0x3e CMakeFiles/pid_ctrl.dir/C_/Users/TaekguenJi/Documents/pico-sdk/lib/tinyusb/src/common/tusb_fifo.c.obj
                0x10008028                tu_fifo_clear
 .text.tu_fifo_set_overwritable
                0x10008066       0x46 CMakeFiles/pid_ctrl.dir/C_/Users/TaekguenJi/Documents/pico-sdk/lib/tinyusb/src/common/tusb_fifo.c.obj
                0x10008066                tu_fifo_set_overwritable
 .text.spi_set_baudrate
                0x100080ac       0x92 CMakeFiles/pid_ctrl.dir/C_/Users/TaekguenJi/Documents/pico-sdk/src/rp2_common/hardware_spi/spi.c.obj
                0x100080ac                spi_set_baudrate
 *fill*         0x1000813e        0x2 
 .text.spi_init
                0x10008140       0x68 CMakeFiles/pid_ctrl.dir/C_/Users/TaekguenJi/Documents/pico-sdk/src/rp2_common/hardware_spi/spi.c.obj
                0x10008140                spi_init
 .text.strlen   0x100081a8       0x5c c:/progra~2/armgnu~1/12977f~1.2mp/bin/../lib/gcc/arm-none-eabi/12.2.1/thumb/v6-m/nofp\libg.a(libc_a-strlen-stub.o)
                0x100081a8                strlen
 *(.fini)
 .fini          0x10008204        0x4 c:/progra~2/armgnu~1/12977f~1.2mp/bin/../lib/gcc/arm-none-eabi/12.2.1/thumb/v6-m/nofp/crti.o
                0x10008204                _fini
 .fini.__stub   0x10008208       0xf0 linker stubs
 *crtbegin.o(.ctors)
 *crtbegin?.o(.ctors)
 *(EXCLUDE_FILE(*crtend.o *crtend?.o) .ctors)
 *(SORT_BY_NAME(.ctors.*))
 *(.ctors)
 *crtbegin.o(.dtors)
 *crtbegin?.o(.dtors)
 *(EXCLUDE_FILE(*crtend.o *crtend?.o) .dtors)
 *(SORT_BY_NAME(.dtors.*))
 *(.dtors)
 *(.eh_frame*)
 .eh_frame      0x100082f8        0x0 c:/progra~2/armgnu~1/12977f~1.2mp/bin/../lib/gcc/arm-none-eabi/12.2.1/thumb/v6-m/nofp/crtbegin.o
                0x100082f8                        . = ALIGN (0x4)

.glue_7         0x100082f8        0x0
 .glue_7        0x100082f8        0x0 linker stubs

.glue_7t        0x100082f8        0x0
 .glue_7t       0x100082f8        0x0 linker stubs

.vfp11_veneer   0x100082f8        0x0
 .vfp11_veneer  0x100082f8        0x0 linker stubs

.v4_bx          0x100082f8        0x0
 .v4_bx         0x100082f8        0x0 linker stubs

.iplt           0x100082f8        0x0
 .iplt          0x100082f8        0x0 c:/progra~2/armgnu~1/12977f~1.2mp/bin/../lib/gcc/arm-none-eabi/12.2.1/thumb/v6-m/nofp/crtbegin.o

.rodata         0x100082f8     0x163c
 *(EXCLUDE_FILE(*libm.a: *libc.a:*lib_a-mem*.o *libgcc.a:) .rodata*)
 .rodata.main.str1.4
                0x100082f8       0x2c CMakeFiles/pid_ctrl.dir/pid_ctrl.cpp.obj
 .rodata.spin_lock_claim_unused.str1.4
                0x10008324       0x1b CMakeFiles/pid_ctrl.dir/C_/Users/TaekguenJi/Documents/pico-sdk/src/rp2_common/hardware_sync/sync.c.obj
 *fill*         0x1000833f        0x1 
 .rodata.resolve_branch.str1.4
                0x10008340       0x61 CMakeFiles/pid_ctrl.dir/C_/Users/TaekguenJi/Documents/pico-sdk/src/rp2_common/hardware_irq/irq.c.obj
 *fill*         0x100083a1        0x3 
 .rodata.make_branch.str1.4
                0x100083a4       0x30 CMakeFiles/pid_ctrl.dir/C_/Users/TaekguenJi/Documents/pico-sdk/src/rp2_common/hardware_irq/irq.c.obj
 .rodata.insert_branch_and_link.str1.4
                0x100083d4       0x10 CMakeFiles/pid_ctrl.dir/C_/Users/TaekguenJi/Documents/pico-sdk/src/rp2_common/hardware_irq/irq.c.obj
 .rodata.irq_set_exclusive_handler.str1.4
                0x100083e4       0x36 CMakeFiles/pid_ctrl.dir/C_/Users/TaekguenJi/Documents/pico-sdk/src/rp2_common/hardware_irq/irq.c.obj
 *fill*         0x1000841a        0x2 
 .rodata.irq_add_shared_handler.str1.4
                0x1000841c       0xc2 CMakeFiles/pid_ctrl.dir/C_/Users/TaekguenJi/Documents/pico-sdk/src/rp2_common/hardware_irq/irq.c.obj
 *fill*         0x100084de        0x2 
 .rodata.irq_remove_handler.str1.4
                0x100084e0       0x3a CMakeFiles/pid_ctrl.dir/C_/Users/TaekguenJi/Documents/pico-sdk/src/rp2_common/hardware_irq/irq.c.obj
 *fill*         0x1000851a        0x2 
 .rodata.irq_add_tail_to_free_list.str1.4
                0x1000851c       0x3a CMakeFiles/pid_ctrl.dir/C_/Users/TaekguenJi/Documents/pico-sdk/src/rp2_common/hardware_irq/irq.c.obj
 *fill*         0x10008556        0x2 
 .rodata.user_irq_claim_unused.str1.4
                0x10008558       0x1b CMakeFiles/pid_ctrl.dir/C_/Users/TaekguenJi/Documents/pico-sdk/src/rp2_common/hardware_irq/irq.c.obj
 *fill*         0x10008573        0x1 
 .rodata.__func__.0
                0x10008574       0x1a CMakeFiles/pid_ctrl.dir/C_/Users/TaekguenJi/Documents/pico-sdk/src/rp2_common/hardware_irq/irq.c.obj
 *fill*         0x1000858e        0x2 
 .rodata.__func__.1
                0x10008590       0x17 CMakeFiles/pid_ctrl.dir/C_/Users/TaekguenJi/Documents/pico-sdk/src/rp2_common/hardware_irq/irq.c.obj
 *fill*         0x100085a7        0x1 
 .rodata.__func__.2
                0x100085a8       0x13 CMakeFiles/pid_ctrl.dir/C_/Users/TaekguenJi/Documents/pico-sdk/src/rp2_common/hardware_irq/irq.c.obj
 *fill*         0x100085bb        0x1 
 .rodata.__func__.3
                0x100085bc        0xc CMakeFiles/pid_ctrl.dir/C_/Users/TaekguenJi/Documents/pico-sdk/src/rp2_common/hardware_irq/irq.c.obj
 .rodata.__func__.4
                0x100085c8        0xf CMakeFiles/pid_ctrl.dir/C_/Users/TaekguenJi/Documents/pico-sdk/src/rp2_common/hardware_irq/irq.c.obj
 *fill*         0x100085d7        0x1 
 .rodata.__func__.5
                0x100085d8       0x17 CMakeFiles/pid_ctrl.dir/C_/Users/TaekguenJi/Documents/pico-sdk/src/rp2_common/hardware_irq/irq.c.obj
 *fill*         0x100085ef        0x1 
 .rodata.__func__.6
                0x100085f0       0x1a CMakeFiles/pid_ctrl.dir/C_/Users/TaekguenJi/Documents/pico-sdk/src/rp2_common/hardware_irq/irq.c.obj
 *fill*         0x1000860a        0x2 
 .rodata.update_us_since_boot.str1.4
                0x1000860c       0x6d CMakeFiles/pid_ctrl.dir/C_/Users/TaekguenJi/Documents/pico-sdk/src/common/pico_sync/mutex.c.obj
 *fill*         0x10008679        0x3 
 .rodata.str1.4
                0x1000867c       0x95 CMakeFiles/pid_ctrl.dir/C_/Users/TaekguenJi/Documents/pico-sdk/src/common/pico_sync/mutex.c.obj
 *fill*         0x10008711        0x3 
 .rodata.__func__.1
                0x10008714        0xb CMakeFiles/pid_ctrl.dir/C_/Users/TaekguenJi/Documents/pico-sdk/src/common/pico_sync/mutex.c.obj
 *fill*         0x1000871f        0x1 
 .rodata.__func__.3
                0x10008720       0x18 CMakeFiles/pid_ctrl.dir/C_/Users/TaekguenJi/Documents/pico-sdk/src/common/pico_sync/mutex.c.obj
 .rodata.__func__.4
                0x10008738       0x15 CMakeFiles/pid_ctrl.dir/C_/Users/TaekguenJi/Documents/pico-sdk/src/common/pico_sync/mutex.c.obj
 *fill*         0x1000874d        0x3 
 .rodata.get_entry.str1.4
                0x10008750       0x67 CMakeFiles/pid_ctrl.dir/C_/Users/TaekguenJi/Documents/pico-sdk/src/common/pico_time/time.c.obj
 .rodata.update_us_since_boot.str1.4
                0x100087b7       0x6d CMakeFiles/pid_ctrl.dir/C_/Users/TaekguenJi/Documents/pico-sdk/src/common/pico_time/time.c.obj
 *fill*         0x100087b7        0x1 
 .rodata.ph_get_node.str1.4
                0x100087b8       0x72 CMakeFiles/pid_ctrl.dir/C_/Users/TaekguenJi/Documents/pico-sdk/src/common/pico_time/time.c.obj
 *fill*         0x1000882a        0x2 
 .rodata.ph_add_child_node.str1.4
                0x1000882c       0x2e CMakeFiles/pid_ctrl.dir/C_/Users/TaekguenJi/Documents/pico-sdk/src/common/pico_time/time.c.obj
 *fill*         0x1000885a        0x2 
 .rodata.ph_insert_node.str1.4
                0x1000885c        0x3 CMakeFiles/pid_ctrl.dir/C_/Users/TaekguenJi/Documents/pico-sdk/src/common/pico_time/time.c.obj
 *fill*         0x1000885f        0x1 
 .rodata.ph_free_node.str1.4
                0x10008860       0x38 CMakeFiles/pid_ctrl.dir/C_/Users/TaekguenJi/Documents/pico-sdk/src/common/pico_time/time.c.obj
 .rodata.add_alarm_under_lock.str1.4
                0x10008898       0x28 CMakeFiles/pid_ctrl.dir/C_/Users/TaekguenJi/Documents/pico-sdk/src/common/pico_time/time.c.obj
 .rodata.alarm_pool_alarm_callback.str1.4
                0x100088c0       0x60 CMakeFiles/pid_ctrl.dir/C_/Users/TaekguenJi/Documents/pico-sdk/src/common/pico_time/time.c.obj
 .rodata.alarm_pool_get_default.str1.4
                0x10008920       0x21 CMakeFiles/pid_ctrl.dir/C_/Users/TaekguenJi/Documents/pico-sdk/src/common/pico_time/time.c.obj
 *fill*         0x10008941        0x3 
 .rodata.alarm_pool_cancel_alarm.str1.4
                0x10008944       0x27 CMakeFiles/pid_ctrl.dir/C_/Users/TaekguenJi/Documents/pico-sdk/src/common/pico_time/time.c.obj
 *fill*         0x1000896b        0x1 
 .rodata.sleep_until.str1.4
                0x1000896c       0x4d CMakeFiles/pid_ctrl.dir/C_/Users/TaekguenJi/Documents/pico-sdk/src/common/pico_time/time.c.obj
 *fill*         0x100089b9        0x3 
 .rodata.__func__.1
                0x100089bc       0x18 CMakeFiles/pid_ctrl.dir/C_/Users/TaekguenJi/Documents/pico-sdk/src/common/pico_time/time.c.obj
 .rodata.__func__.3
                0x100089d4       0x17 CMakeFiles/pid_ctrl.dir/C_/Users/TaekguenJi/Documents/pico-sdk/src/common/pico_time/time.c.obj
 *fill*         0x100089eb        0x1 
 .rodata.__func__.4
                0x100089ec       0x12 CMakeFiles/pid_ctrl.dir/C_/Users/TaekguenJi/Documents/pico-sdk/src/common/pico_time/time.c.obj
 *fill*         0x100089fe        0x2 
 .rodata.__func__.5
                0x10008a00        0xd CMakeFiles/pid_ctrl.dir/C_/Users/TaekguenJi/Documents/pico-sdk/src/common/pico_time/time.c.obj
 *fill*         0x10008a0d        0x3 
 .rodata.__func__.6
                0x10008a10       0x12 CMakeFiles/pid_ctrl.dir/C_/Users/TaekguenJi/Documents/pico-sdk/src/common/pico_time/time.c.obj
 *fill*         0x10008a22        0x2 
 .rodata.__func__.7
                0x10008a24        0xf CMakeFiles/pid_ctrl.dir/C_/Users/TaekguenJi/Documents/pico-sdk/src/common/pico_time/time.c.obj
 *fill*         0x10008a33        0x1 
 .rodata.__func__.8
                0x10008a34        0xc CMakeFiles/pid_ctrl.dir/C_/Users/TaekguenJi/Documents/pico-sdk/src/common/pico_time/time.c.obj
 .rodata.__func__.9
                0x10008a40       0x15 CMakeFiles/pid_ctrl.dir/C_/Users/TaekguenJi/Documents/pico-sdk/src/common/pico_time/time.c.obj
 *fill*         0x10008a55        0x3 
 .rodata.__func__.10
                0x10008a58       0x15 CMakeFiles/pid_ctrl.dir/C_/Users/TaekguenJi/Documents/pico-sdk/src/common/pico_time/time.c.obj
 *fill*         0x10008a6d        0x3 
 .rodata.__func__.11
                0x10008a70       0x1a CMakeFiles/pid_ctrl.dir/C_/Users/TaekguenJi/Documents/pico-sdk/src/common/pico_time/time.c.obj
 *fill*         0x10008a8a        0x2 
 .rodata.__func__.12
                0x10008a8c        0xa CMakeFiles/pid_ctrl.dir/C_/Users/TaekguenJi/Documents/pico-sdk/src/common/pico_time/time.c.obj
 *fill*         0x10008a96        0x2 
 .rodata.hardware_alarm_claim.str1.4
                0x10008a98       0x22 CMakeFiles/pid_ctrl.dir/C_/Users/TaekguenJi/Documents/pico-sdk/src/rp2_common/hardware_timer/timer.c.obj
 *fill*         0x10008aba        0x2 
 .rodata.hardware_alarm_set_target.str1.4
                0x10008abc       0x71 CMakeFiles/pid_ctrl.dir/C_/Users/TaekguenJi/Documents/pico-sdk/src/rp2_common/hardware_timer/timer.c.obj
 *fill*         0x10008b2d        0x3 
 .rodata.__func__.0
                0x10008b30       0x1a CMakeFiles/pid_ctrl.dir/C_/Users/TaekguenJi/Documents/pico-sdk/src/rp2_common/hardware_timer/timer.c.obj
 .rodata.ph_get_node.str1.4
                0x10008b4a       0x72 CMakeFiles/pid_ctrl.dir/C_/Users/TaekguenJi/Documents/pico-sdk/src/common/pico_util/pheap.c.obj
 .rodata.ph_add_child_node.str1.4
                0x10008b4a       0x2e CMakeFiles/pid_ctrl.dir/C_/Users/TaekguenJi/Documents/pico-sdk/src/common/pico_util/pheap.c.obj
 *fill*         0x10008b4a        0x2 
 .rodata.ph_remove_any_head.str1.4
                0x10008b4c       0x98 CMakeFiles/pid_ctrl.dir/C_/Users/TaekguenJi/Documents/pico-sdk/src/common/pico_util/pheap.c.obj
                                 0xac (size before relaxing)
 .rodata.ph_remove_and_free_node.str1.4
                0x10008be4       0x1e CMakeFiles/pid_ctrl.dir/C_/Users/TaekguenJi/Documents/pico-sdk/src/common/pico_util/pheap.c.obj
                                 0x26 (size before relaxing)
 *fill*         0x10008c02        0x2 
 .rodata.__func__.0
                0x10008c04       0x18 CMakeFiles/pid_ctrl.dir/C_/Users/TaekguenJi/Documents/pico-sdk/src/common/pico_util/pheap.c.obj
 .rodata.__func__.1
                0x10008c1c       0x13 CMakeFiles/pid_ctrl.dir/C_/Users/TaekguenJi/Documents/pico-sdk/src/common/pico_util/pheap.c.obj
 *fill*         0x10008c2f        0x1 
 .rodata.__func__.2
                0x10008c30       0x12 CMakeFiles/pid_ctrl.dir/C_/Users/TaekguenJi/Documents/pico-sdk/src/common/pico_util/pheap.c.obj
 *fill*         0x10008c42        0x2 
 .rodata.__func__.3
                0x10008c44        0xc CMakeFiles/pid_ctrl.dir/C_/Users/TaekguenJi/Documents/pico-sdk/src/common/pico_util/pheap.c.obj
 .rodata.clock_configure.str1.4
                0x10008c50       0x63 CMakeFiles/pid_ctrl.dir/C_/Users/TaekguenJi/Documents/pico-sdk/src/rp2_common/hardware_clocks/clocks.c.obj
 *fill*         0x10008cb3        0x1 
 .rodata.__func__.1
                0x10008cb4       0x10 CMakeFiles/pid_ctrl.dir/C_/Users/TaekguenJi/Documents/pico-sdk/src/rp2_common/hardware_clocks/clocks.c.obj
 .rodata.pll_init.str1.4
                0x10008cc4      0x12f CMakeFiles/pid_ctrl.dir/C_/Users/TaekguenJi/Documents/pico-sdk/src/rp2_common/hardware_pll/pll.c.obj
 *fill*         0x10008df3        0x1 
 .rodata.__func__.0
                0x10008df4        0x9 CMakeFiles/pid_ctrl.dir/C_/Users/TaekguenJi/Documents/pico-sdk/src/rp2_common/hardware_pll/pll.c.obj
 *fill*         0x10008dfd        0x3 
 .rodata.__assert_func.str1.4
                0x10008e00       0x3f CMakeFiles/pid_ctrl.dir/C_/Users/TaekguenJi/Documents/pico-sdk/src/rp2_common/pico_runtime/runtime.c.obj
                                 0x43 (size before relaxing)
 *fill*         0x10008e3f        0x1 
 .rodata.runtime_init.str1.4
                0x10008e40       0x6d CMakeFiles/pid_ctrl.dir/C_/Users/TaekguenJi/Documents/pico-sdk/src/rp2_common/pico_runtime/runtime.c.obj
 *fill*         0x10008ead        0x3 
 .rodata.panic.str1.4
                0x10008eb0       0x12 CMakeFiles/pid_ctrl.dir/C_/Users/TaekguenJi/Documents/pico-sdk/src/rp2_common/pico_runtime/runtime.c.obj
 *fill*         0x10008ec2        0x2 
 .rodata.__func__.2
                0x10008ec4        0xd CMakeFiles/pid_ctrl.dir/C_/Users/TaekguenJi/Documents/pico-sdk/src/rp2_common/pico_runtime/runtime.c.obj
 *fill*         0x10008ed1        0x3 
 .rodata._ftoa.str1.4
                0x10008ed4       0x15 CMakeFiles/pid_ctrl.dir/C_/Users/TaekguenJi/Documents/pico-sdk/src/rp2_common/pico_printf/printf.c.obj
 *fill*         0x10008ee9        0x3 
 .rodata._vsnprintf
                0x10008eec      0x19c CMakeFiles/pid_ctrl.dir/C_/Users/TaekguenJi/Documents/pico-sdk/src/rp2_common/pico_printf/printf.c.obj
 .rodata.pow10.0
                0x10009088       0x50 CMakeFiles/pid_ctrl.dir/C_/Users/TaekguenJi/Documents/pico-sdk/src/rp2_common/pico_printf/printf.c.obj
 .rodata.__aeabi_double_init.str1.4
                0x100090d8       0xb4 CMakeFiles/pid_ctrl.dir/C_/Users/TaekguenJi/Documents/pico-sdk/src/rp2_common/pico_double/double_init_rom.c.obj
 .rodata.__func__.0
                0x1000918c       0x14 CMakeFiles/pid_ctrl.dir/C_/Users/TaekguenJi/Documents/pico-sdk/src/rp2_common/pico_double/double_init_rom.c.obj
 .rodata.__aeabi_float_init.str1.4
                0x100091a0       0x86 CMakeFiles/pid_ctrl.dir/C_/Users/TaekguenJi/Documents/pico-sdk/src/rp2_common/pico_float/float_init_rom.c.obj
                                 0x8a (size before relaxing)
 *fill*         0x10009226        0x2 
 .rodata.__func__.0
                0x10009228       0x13 CMakeFiles/pid_ctrl.dir/C_/Users/TaekguenJi/Documents/pico-sdk/src/rp2_common/pico_float/float_init_rom.c.obj
 *fill*         0x1000923b        0x1 
 .rodata.str1.4
                0x1000923c       0x40 CMakeFiles/pid_ctrl.dir/C_/Users/TaekguenJi/Documents/pico-sdk/src/rp2_common/pico_standard_link/binary_info.c.obj
 .rodata.__bi_81
                0x1000927c        0xc CMakeFiles/pid_ctrl.dir/C_/Users/TaekguenJi/Documents/pico-sdk/src/rp2_common/pico_standard_link/binary_info.c.obj
 .rodata.__bi_75
                0x10009288        0xc CMakeFiles/pid_ctrl.dir/C_/Users/TaekguenJi/Documents/pico-sdk/src/rp2_common/pico_standard_link/binary_info.c.obj
 .rodata.__bi_44
                0x10009294        0xc CMakeFiles/pid_ctrl.dir/C_/Users/TaekguenJi/Documents/pico-sdk/src/rp2_common/pico_standard_link/binary_info.c.obj
 .rodata.update_us_since_boot.str1.4
                0x100092a0       0x6d CMakeFiles/pid_ctrl.dir/C_/Users/TaekguenJi/Documents/pico-sdk/src/rp2_common/pico_stdio/stdio.c.obj
 .rodata.crlf_str.2
                0x100092a0        0x2 CMakeFiles/pid_ctrl.dir/C_/Users/TaekguenJi/Documents/pico-sdk/src/rp2_common/pico_stdio/stdio.c.obj
 *fill*         0x100092a2        0x2 
 .rodata.__func__.3
                0x100092a4       0x15 CMakeFiles/pid_ctrl.dir/C_/Users/TaekguenJi/Documents/pico-sdk/src/rp2_common/pico_stdio/stdio.c.obj
 *fill*         0x100092b9        0x3 
 .rodata.str1.4
                0x100092bc       0x2c CMakeFiles/pid_ctrl.dir/C_/Users/TaekguenJi/Documents/pico-sdk/src/rp2_common/pico_stdio_uart/stdio_uart.c.obj
 .rodata.__bi_33.4
                0x100092e8        0xc CMakeFiles/pid_ctrl.dir/C_/Users/TaekguenJi/Documents/pico-sdk/src/rp2_common/pico_stdio_uart/stdio_uart.c.obj
 .rodata.__bi_34.5
                0x100092f4        0x8 CMakeFiles/pid_ctrl.dir/C_/Users/TaekguenJi/Documents/pico-sdk/src/rp2_common/pico_stdio_uart/stdio_uart.c.obj
 .rodata._resetd_driver
                0x100092fc       0x18 CMakeFiles/pid_ctrl.dir/C_/Users/TaekguenJi/Documents/pico-sdk/src/rp2_common/pico_stdio_usb/reset_interface.c.obj
 .rodata.update_us_since_boot.str1.4
                0x10009314       0x6d CMakeFiles/pid_ctrl.dir/C_/Users/TaekguenJi/Documents/pico-sdk/src/rp2_common/pico_stdio_usb/stdio_usb.c.obj
 .rodata.stdio_usb_init.str1.4
                0x10009314       0x51 CMakeFiles/pid_ctrl.dir/C_/Users/TaekguenJi/Documents/pico-sdk/src/rp2_common/pico_stdio_usb/stdio_usb.c.obj
                                 0x59 (size before relaxing)
 *fill*         0x10009365        0x3 
 .rodata.str1.4
                0x10009368       0x13 CMakeFiles/pid_ctrl.dir/C_/Users/TaekguenJi/Documents/pico-sdk/src/rp2_common/pico_stdio_usb/stdio_usb.c.obj
 *fill*         0x1000937b        0x1 
 .rodata.__bi_188.0
                0x1000937c        0xc CMakeFiles/pid_ctrl.dir/C_/Users/TaekguenJi/Documents/pico-sdk/src/rp2_common/pico_stdio_usb/stdio_usb.c.obj
 .rodata.__func__.1
                0x10009388        0xf CMakeFiles/pid_ctrl.dir/C_/Users/TaekguenJi/Documents/pico-sdk/src/rp2_common/pico_stdio_usb/stdio_usb.c.obj
 *fill*         0x10009397        0x1 
 .rodata.__func__.3
                0x10009398       0x15 CMakeFiles/pid_ctrl.dir/C_/Users/TaekguenJi/Documents/pico-sdk/src/rp2_common/pico_stdio_usb/stdio_usb.c.obj
 *fill*         0x100093ad        0x3 
 .rodata.str1.4
                0x100093b0       0x2a CMakeFiles/pid_ctrl.dir/C_/Users/TaekguenJi/Documents/pico-sdk/src/rp2_common/pico_stdio_usb/stdio_usb_descriptors.c.obj
 *fill*         0x100093da        0x2 
 .rodata.usbd_desc_str
                0x100093dc       0x18 CMakeFiles/pid_ctrl.dir/C_/Users/TaekguenJi/Documents/pico-sdk/src/rp2_common/pico_stdio_usb/stdio_usb_descriptors.c.obj
 .rodata.usbd_desc_cfg
                0x100093f4       0x54 CMakeFiles/pid_ctrl.dir/C_/Users/TaekguenJi/Documents/pico-sdk/src/rp2_common/pico_stdio_usb/stdio_usb_descriptors.c.obj
 .rodata.usbd_desc_device
                0x10009448       0x12 CMakeFiles/pid_ctrl.dir/C_/Users/TaekguenJi/Documents/pico-sdk/src/rp2_common/pico_stdio_usb/stdio_usb_descriptors.c.obj
 *fill*         0x1000945a        0x2 
 .rodata.pico_get_unique_board_id_string.str1.4
                0x1000945c       0x59 CMakeFiles/pid_ctrl.dir/C_/Users/TaekguenJi/Documents/pico-sdk/src/rp2_common/pico_unique_id/unique_id.c.obj
 *fill*         0x100094b5        0x3 
 .rodata.__func__.0
                0x100094b8       0x20 CMakeFiles/pid_ctrl.dir/C_/Users/TaekguenJi/Documents/pico-sdk/src/rp2_common/pico_unique_id/unique_id.c.obj
 .rodata.str1.4
                0x100094d8      0x166 CMakeFiles/pid_ctrl.dir/C_/Users/TaekguenJi/Documents/pico-sdk/src/rp2_common/hardware_flash/flash.c.obj
 *fill*         0x1000963e        0x2 
 .rodata.__func__.0
                0x10009640        0xd CMakeFiles/pid_ctrl.dir/C_/Users/TaekguenJi/Documents/pico-sdk/src/rp2_common/hardware_flash/flash.c.obj
 *fill*         0x1000964d        0x3 
 .rodata._hw_endpoint_alloc.str1.4
                0x10009650       0xc1 CMakeFiles/pid_ctrl.dir/C_/Users/TaekguenJi/Documents/pico-sdk/lib/tinyusb/src/portable/raspberrypi/rp2040/dcd_rp2040.c.obj
 *fill*         0x10009711        0x3 
 .rodata.str1.4
                0x10009714       0x14 CMakeFiles/pid_ctrl.dir/C_/Users/TaekguenJi/Documents/pico-sdk/lib/tinyusb/src/portable/raspberrypi/rp2040/dcd_rp2040.c.obj
 .rodata.dcd_int_enable.str1.4
                0x10009728        0xc CMakeFiles/pid_ctrl.dir/C_/Users/TaekguenJi/Documents/pico-sdk/lib/tinyusb/src/portable/raspberrypi/rp2040/dcd_rp2040.c.obj
 .rodata.__func__.0
                0x10009734        0xe CMakeFiles/pid_ctrl.dir/C_/Users/TaekguenJi/Documents/pico-sdk/lib/tinyusb/src/portable/raspberrypi/rp2040/dcd_rp2040.c.obj
 *fill*         0x10009742        0x2 
 .rodata.__func__.1
                0x10009744        0xe CMakeFiles/pid_ctrl.dir/C_/Users/TaekguenJi/Documents/pico-sdk/lib/tinyusb/src/portable/raspberrypi/rp2040/dcd_rp2040.c.obj
 *fill*         0x10009752        0x2 
 .rodata.__func__.3
                0x10009754       0x10 CMakeFiles/pid_ctrl.dir/C_/Users/TaekguenJi/Documents/pico-sdk/lib/tinyusb/src/portable/raspberrypi/rp2040/dcd_rp2040.c.obj
 .rodata.__func__.5
                0x10009764        0xf CMakeFiles/pid_ctrl.dir/C_/Users/TaekguenJi/Documents/pico-sdk/lib/tinyusb/src/portable/raspberrypi/rp2040/dcd_rp2040.c.obj
 *fill*         0x10009773        0x1 
 .rodata.__func__.6
                0x10009774       0x13 CMakeFiles/pid_ctrl.dir/C_/Users/TaekguenJi/Documents/pico-sdk/lib/tinyusb/src/portable/raspberrypi/rp2040/dcd_rp2040.c.obj
 *fill*         0x10009787        0x1 
 .rodata.__func__.7
                0x10009788        0x9 CMakeFiles/pid_ctrl.dir/C_/Users/TaekguenJi/Documents/pico-sdk/lib/tinyusb/src/portable/raspberrypi/rp2040/dcd_rp2040.c.obj
 *fill*         0x10009791        0x3 
 .rodata.str1.4
                0x10009794       0xe9 CMakeFiles/pid_ctrl.dir/C_/Users/TaekguenJi/Documents/pico-sdk/lib/tinyusb/src/portable/raspberrypi/rp2040/rp2040_usb.c.obj
                                 0xf3 (size before relaxing)
 *fill*         0x1000987d        0x3 
 .rodata.__func__.0
                0x10009880        0xf CMakeFiles/pid_ctrl.dir/C_/Users/TaekguenJi/Documents/pico-sdk/lib/tinyusb/src/portable/raspberrypi/rp2040/rp2040_usb.c.obj
 *fill*         0x1000988f        0x1 
 .rodata.process_get_descriptor