Archive member included to satisfy reference by file (symbol)

c:/progra~2/armgnu~1/12977f~1.2mp/bin/../lib/gcc/arm-none-eabi/12.2.1/thumb/v6-m/nofp\libgcc.a(_dvmd_tls.o)
                              CMakeFiles/pid_ctrl.dir/C_/Users/TaekguenJi/Documents/pico-sdk/src/rp2_common/pico_divider/divider.S.obj (__aeabi_idiv0)
c:/progra~2/armgnu~1/12977f~1.2mp/bin/../lib/gcc/arm-none-eabi/12.2.1/thumb/v6-m/nofp\libg.a(libc_a-calloc.o)
                              CMakeFiles/pid_ctrl.dir/C_/Users/TaekguenJi/Documents/pico-sdk/src/rp2_common/pico_malloc/pico_malloc.c.obj (calloc)
c:/progra~2/armgnu~1/12977f~1.2mp/bin/../lib/gcc/arm-none-eabi/12.2.1/thumb/v6-m/nofp\libg.a(libc_a-callocr.o)
                              c:/progra~2/armgnu~1/12977f~1.2mp/bin/../lib/gcc/arm-none-eabi/12.2.1/thumb/v6-m/nofp\libg.a(libc_a-calloc.o) (_calloc_r)
c:/progra~2/armgnu~1/12977f~1.2mp/bin/../lib/gcc/arm-none-eabi/12.2.1/thumb/v6-m/nofp\libg.a(libc_a-malloc.o)
                              CMakeFiles/pid_ctrl.dir/C_/Users/TaekguenJi/Documents/pico-sdk/src/rp2_common/pico_malloc/pico_malloc.c.obj (malloc)
c:/progra~2/armgnu~1/12977f~1.2mp/bin/../lib/gcc/arm-none-eabi/12.2.1/thumb/v6-m/nofp\libg.a(libc_a-mallocr.o)
                              c:/progra~2/armgnu~1/12977f~1.2mp/bin/../lib/gcc/arm-none-eabi/12.2.1/thumb/v6-m/nofp\libg.a(libc_a-callocr.o) (_malloc_r)
c:/progra~2/armgnu~1/12977f~1.2mp/bin/../lib/gcc/arm-none-eabi/12.2.1/thumb/v6-m/nofp\libg.a(libc_a-mlock.o)
                              c:/progra~2/armgnu~1/12977f~1.2mp/bin/../lib/gcc/arm-none-eabi/12.2.1/thumb/v6-m/nofp\libg.a(libc_a-mallocr.o) (__malloc_lock)
c:/progra~2/armgnu~1/12977f~1.2mp/bin/../lib/gcc/arm-none-eabi/12.2.1/thumb/v6-m/nofp\libg.a(libc_a-realloc.o)
                              CMakeFiles/pid_ctrl.dir/C_/Users/TaekguenJi/Documents/pico-sdk/src/rp2_common/pico_malloc/pico_malloc.c.obj (realloc)
c:/progra~2/armgnu~1/12977f~1.2mp/bin/../lib/gcc/arm-none-eabi/12.2.1/thumb/v6-m/nofp\libg.a(libc_a-reallocr.o)
                              c:/progra~2/armgnu~1/12977f~1.2mp/bin/../lib/gcc/arm-none-eabi/12.2.1/thumb/v6-m/nofp\libg.a(libc_a-realloc.o) (_realloc_r)
c:/progra~2/armgnu~1/12977f~1.2mp/bin/../lib/gcc/arm-none-eabi/12.2.1/thumb/v6-m/nofp\libg.a(libc_a-memmove.o)
                              c:/progra~2/armgnu~1/12977f~1.2mp/bin/../lib/gcc/arm-none-eabi/12.2.1/thumb/v6-m/nofp\libg.a(libc_a-reallocr.o) (memmove)
c:/progra~2/armgnu~1/12977f~1.2mp/bin/../lib/gcc/arm-none-eabi/12.2.1/thumb/v6-m/nofp\libg.a(libc_a-impure.o)
                              c:/progra~2/armgnu~1/12977f~1.2mp/bin/../lib/gcc/arm-none-eabi/12.2.1/thumb/v6-m/nofp\libg.a(libc_a-calloc.o) (_impure_ptr)
c:/progra~2/armgnu~1/12977f~1.2mp/bin/../lib/gcc/arm-none-eabi/12.2.1/thumb/v6-m/nofp\libg.a(libc_a-sbrkr.o)
                              c:/progra~2/armgnu~1/12977f~1.2mp/bin/../lib/gcc/arm-none-eabi/12.2.1/thumb/v6-m/nofp\libg.a(libc_a-mallocr.o) (_sbrk_r)
c:/progra~2/armgnu~1/12977f~1.2mp/bin/../lib/gcc/arm-none-eabi/12.2.1/thumb/v6-m/nofp\libg.a(libc_a-errno.o)
                              c:/progra~2/armgnu~1/12977f~1.2mp/bin/../lib/gcc/arm-none-eabi/12.2.1/thumb/v6-m/nofp\libg.a(libc_a-callocr.o) (__errno)
c:/progra~2/armgnu~1/12977f~1.2mp/bin/../lib/gcc/arm-none-eabi/12.2.1/thumb/v6-m/nofp\libg.a(libc_a-init.o)
                              c:/progra~2/armgnu~1/12977f~1.2mp/bin/../lib/gcc/arm-none-eabi/12.2.1/thumb/v6-m/nofp/crt0.o (__libc_init_array)
c:/progra~2/armgnu~1/12977f~1.2mp/bin/../lib/gcc/arm-none-eabi/12.2.1/thumb/v6-m/nofp\libg.a(libc_a-lock.o)
                              c:/progra~2/armgnu~1/12977f~1.2mp/bin/../lib/gcc/arm-none-eabi/12.2.1/thumb/v6-m/nofp\libg.a(libc_a-mlock.o) (__retarget_lock_acquire_recursive)
c:/progra~2/armgnu~1/12977f~1.2mp/bin/../lib/gcc/arm-none-eabi/12.2.1/thumb/v6-m/nofp\libg.a(libc_a-sysconf.o)
                              c:/progra~2/armgnu~1/12977f~1.2mp/bin/../lib/gcc/arm-none-eabi/12.2.1/thumb/v6-m/nofp\libg.a(libc_a-mallocr.o) (sysconf)
c:/progra~2/armgnu~1/12977f~1.2mp/bin/../lib/gcc/arm-none-eabi/12.2.1/thumb/v6-m/nofp\libg.a(libc_a-strlen-stub.o)
                              CMakeFiles/pid_ctrl.dir/C_/Users/TaekguenJi/Documents/pico-sdk/src/rp2_common/pico_stdio/stdio.c.obj (strlen)
c:/progra~2/armgnu~1/12977f~1.2mp/bin/../lib/gcc/arm-none-eabi/12.2.1/thumb/v6-m/nofp\libg.a(libc_a-freer.o)
                              c:/progra~2/armgnu~1/12977f~1.2mp/bin/../lib/gcc/arm-none-eabi/12.2.1/thumb/v6-m/nofp\libg.a(libc_a-malloc.o) (_free_r)
c:/progra~2/armgnu~1/12977f~1.2mp/bin/../lib/gcc/arm-none-eabi/12.2.1/thumb/v6-m/nofp\libg.a(libc_a-findfp.o)
                              c:/progra~2/armgnu~1/12977f~1.2mp/bin/../lib/gcc/arm-none-eabi/12.2.1/thumb/v6-m/nofp\libg.a(libc_a-impure.o) (__sf)
c:/progra~2/armgnu~1/12977f~1.2mp/bin/../lib/gcc/arm-none-eabi/12.2.1/thumb/v6-m/nofp\libg.a(libc_a-fwalk.o)
[...]
Memory Configuration

Name             Origin             Length             Attributes
FLASH            0x10000000         0x00200000         xr
RAM              0x20000000         0x00040000         xrw
SCRATCH_X        0x20040000         0x00001000         xrw
SCRATCH_Y        0x20041000         0x00001000         xrw
*default*        0x00000000         0xffffffff

Linker script and memory map

LOAD c:/progra~2/armgnu~1/12977f~1.2mp/bin/../lib/gcc/arm-none-eabi/12.2.1/thumb/v6-m/nofp/crti.o
LOAD c:/progra~2/armgnu~1/12977f~1.2mp/bin/../lib/gcc/arm-none-eabi/12.2.1/thumb/v6-m/nofp/crtbegin.o
LOAD c:/progra~2/armgnu~1/12977f~1.2mp/bin/../lib/gcc/arm-none-eabi/12.2.1/thumb/v6-m/nofp/crt0.o

.flash_begin    0x10000000        0x0
                0x10000000                        __flash_binary_start = .

.boot2          0x10000000      0x100
                0x10000000                        __boot2_start__ = .
 *(.boot2)
 .boot2         0x10000000      0x100 C:\Users\TAEKGU~1\AppData\Local\Temp\cc8YmTC7.o
                0x10000100                        __boot2_end__ = .
                0x00000001                        ASSERT (((__boot2_end__ - __boot2_start__) == 0x100), ERROR: Pico second stage bootloader must be 256 bytes in size)

.text           0x10000100     0x81d0
                0x10000100                        __logical_binary_start = .
 *(.vectors)
 .vectors       0x10000100       0xd4 CMakeFiles/pid_ctrl.dir/C_/Users/TaekguenJi/Documents/pico-sdk/src/rp2_common/pico_standard_link/crt0.S.obj
                0x10000100                __VECTOR_TABLE
                0x10000100                __vectors
                0x100001c0                isr_invalid
                0x100001c0                __default_isrs_start
                0x100001c2                isr_nmi
                0x100001c4                isr_hardfault
                0x100001c6                isr_svcall
                0x100001c8                isr_pendsv
                0x100001ca                isr_systick
                0x100001cc                isr_irq23
                0x100001cc                isr_irq18
                0x100001cc                isr_irq11
                0x100001cc                isr_irq28
                0x100001cc                isr_irq19
                0x100001cc                isr_irq0
                0x100001cc                isr_irq6
                0x100001cc                isr_irq5
                0x100001cc                isr_irq12
                0x100001cc                isr_irq22
                0x100001cc                isr_irq31
                0x100001cc                isr_irq17
                0x100001cc                isr_irq27
                0x100001cc                isr_irq30
                0x100001cc                isr_irq2
                0x100001cc                isr_irq10
                0x100001cc                isr_irq8
                0x100001cc                isr_irq24
                0x100001cc                isr_irq1
                0x100001cc                isr_irq7
                0x100001cc                isr_irq21
                0x100001cc                isr_irq20
                0x100001cc                isr_irq15
                0x100001cc                isr_irq25
                0x100001cc                isr_irq13
                0x100001cc                __unhandled_user_irq
                0x100001cc                isr_irq4
                0x100001cc                isr_irq16
                0x100001cc                isr_irq29
                0x100001cc                isr_irq26
                0x100001cc                __default_isrs_end
                0x100001cc                isr_irq3
                0x100001cc                isr_irq14
                0x100001cc                isr_irq9
                0x100001d2                unhandled_user_irq_num_in_r0
 *(.binary_info_header)
 .binary_info_header
                0x100001d4       0x14 CMakeFiles/pid_ctrl.dir/C_/Users/TaekguenJi/Documents/pico-sdk/src/rp2_common/pico_standard_link/crt0.S.obj
                0x100001e8                        __binary_info_header_end = .
 *(.reset)
 .reset         0x100001e8       0xa0 CMakeFiles/pid_ctrl.dir/C_/Users/TaekguenJi/Documents/pico-sdk/src/rp2_common/pico_standard_link/crt0.S.obj
                0x100001e8                _entry_point
 .reset         0x10000288       0x30 CMakeFiles/pid_ctrl.dir/C_/Users/TaekguenJi/Documents/pico-sdk/src/rp2_common/pico_standard_link/binary_info.c.obj
 *(.init)
 .init          0x100002b8        0x4 c:/progra~2/armgnu~1/12977f~1.2mp/bin/../lib/gcc/arm-none-eabi/12.2.1/thumb/v6-m/nofp/crti.o
                0x100002b8                _init
 *(EXCLUDE_FILE(*libm.a: *libc.a:*lib_a-mem*.o *libgcc.a:) .text*)
 .text.register_tm_clones
                0x100002bc       0x28 c:/progra~2/armgnu~1/12977f~1.2mp/bin/../lib/gcc/arm-none-eabi/12.2.1/thumb/v6-m/nofp/crtbegin.o
 .text.frame_dummy
                0x100002e4       0x24 c:/progra~2/armgnu~1/12977f~1.2mp/bin/../lib/gcc/arm-none-eabi/12.2.1/thumb/v6-m/nofp/crtbegin.o
 .text.pwm_init
                0x10000308       0x34 CMakeFiles/pid_ctrl.dir/pid_ctrl.cpp.obj
 .text.pwm_set_chan_level
                0x1000033c       0x40 CMakeFiles/pid_ctrl.dir/pid_ctrl.cpp.obj
 .text._Z11on_pwm_wrapv
                0x1000037c       0x34 CMakeFiles/pid_ctrl.dir/pid_ctrl.cpp.obj
                0x1000037c                on_pwm_wrap()
 .text._Z41__static_initialization_and_destruction_0ii
                0x100003b0       0x64 CMakeFiles/pid_ctrl.dir/pid_ctrl.cpp.obj
 .text._Z11readCelsiusv
                0x10000414       0x88 CMakeFiles/pid_ctrl.dir/pid_ctrl.cpp.obj
                0x10000414                readCelsius()
 .text.main     0x1000049c      0x1a0 CMakeFiles/pid_ctrl.dir/pid_ctrl.cpp.obj
                0x1000049c                main
 .text._GLOBAL__sub_I_Setpoint
                0x1000063c       0x10 CMakeFiles/pid_ctrl.dir/pid_ctrl.cpp.obj
 .text._ZN3PID7ComputeEv
                0x1000064c      0x184 CMakeFiles/pid_ctrl.dir/pid_lib/PID_v1.cpp.obj
                0x1000064c                PID::Compute()
 .text._ZN3PID10SetTuningsEdddi
                0x100007d0       0xe4 CMakeFiles/pid_ctrl.dir/pid_lib/PID_v1.cpp.obj
                0x100007d0                PID::SetTunings(double, double, double, int)
 .text._ZN3PID10SetTuningsEddd
                0x100008b4       0x20 CMakeFiles/pid_ctrl.dir/pid_lib/PID_v1.cpp.obj
                0x100008b4                PID::SetTunings(double, double, double)
 .text._ZN3PID15SetOutputLimitsEdd
                0x100008d4       0xb6 CMakeFiles/pid_ctrl.dir/pid_lib/PID_v1.cpp.obj
                0x100008d4                PID::SetOutputLimits(double, double)
 .text._ZN3PID10InitializeEv
                0x1000098a       0x5a CMakeFiles/pid_ctrl.dir/pid_lib/PID_v1.cpp.obj
                0x1000098a                PID::Initialize()
 .text._ZN3PID7SetModeEi
                0x100009e4       0x24 CMakeFiles/pid_ctrl.dir/pid_lib/PID_v1.cpp.obj
                0x100009e4                PID::SetMode(int)
 .text._ZN3PID22SetControllerDirectionEi
                0x10000a08       0x48 CMakeFiles/pid_ctrl.dir/pid_lib/PID_v1.cpp.obj
                0x10000a08                PID::SetControllerDirection(int)
 .text._ZN3PIDC2EPdS0_S0_dddii
                0x10000a50       0x70 CMakeFiles/pid_ctrl.dir/pid_lib/PID_v1.cpp.obj
                0x10000a50                PID::PID(double*, double*, double*, double, double, double, int, int)
                0x10000a50                PID::PID(double*, double*, double*, double, double, double, int, int)
 .text._ZN3PIDC2EPdS0_S0_dddi
                0x10000ac0       0x32 CMakeFiles/pid_ctrl.dir/pid_lib/PID_v1.cpp.obj
                0x10000ac0                PID::PID(double*, double*, double*, double, double, double, int)
                0x10000ac0                PID::PID(double*, double*, double*, double, double, double, int)
 *fill*         0x10000af2        0x2 
 .text.gpio_set_function
                0x10000af4       0x30 CMakeFiles/pid_ctrl.dir/C_/Users/TaekguenJi/Documents/pico-sdk/src/rp2_common/hardware_gpio/gpio.c.obj
                0x10000af4                gpio_set_function
 .text.gpio_init
                0x10000b24       0x16 CMakeFiles/pid_ctrl.dir/C_/Users/TaekguenJi/Documents/pico-sdk/src/rp2_common/hardware_gpio/gpio.c.obj
                0x10000b24                gpio_init
 *fill*         0x10000b3a        0x2 
 .text.running_on_fpga
                0x10000b3c       0x14 CMakeFiles/pid_ctrl.dir/C_/Users/TaekguenJi/Documents/pico-sdk/src/rp2_common/pico_platform/platform.c.obj
                0x10000b3c                running_on_fpga
 .text.hw_claim_lock
                0x10000b50       0x18 CMakeFiles/pid_ctrl.dir/C_/Users/TaekguenJi/Documents/pico-sdk/src/rp2_common/hardware_claim/claim.c.obj
                0x10000b50                hw_claim_lock
 .text.hw_claim_unlock
                0x10000b68       0x14 CMakeFiles/pid_ctrl.dir/C_/Users/TaekguenJi/Documents/pico-sdk/src/rp2_common/hardware_claim/claim.c.obj
                0x10000b68                hw_claim_unlock
 .text.hw_claim_or_assert
                0x10000b7c       0x32 CMakeFiles/pid_ctrl.dir/C_/Users/TaekguenJi/Documents/pico-sdk/src/rp2_common/hardware_claim/claim.c.obj
                0x10000b7c                hw_claim_or_assert
 .text.hw_claim_unused_from_range
                0x10000bae       0x50 CMakeFiles/pid_ctrl.dir/C_/Users/TaekguenJi/Documents/pico-sdk/src/rp2_common/hardware_claim/claim.c.obj
                0x10000bae                hw_claim_unused_from_range
 *fill*         0x10000bfe        0x2 
 .text.spin_locks_reset
                0x10000c00       0x20 CMakeFiles/pid_ctrl.dir/C_/Users/TaekguenJi/Documents/pico-sdk/src/rp2_common/hardware_sync/sync.c.obj
                0x10000c00                spin_locks_reset
 .text.next_striped_spin_lock_num
                0x10000c20       0x1c CMakeFiles/pid_ctrl.dir/C_/Users/TaekguenJi/Documents/pico-sdk/src/rp2_common/hardware_sync/sync.c.obj
                0x10000c20                next_striped_spin_lock_num
 .text.spin_lock_claim_unused
                0x10000c3c       0x24 CMakeFiles/pid_ctrl.dir/C_/Users/TaekguenJi/Documents/pico-sdk/src/rp2_common/hardware_sync/sync.c.obj
                0x10000c3c                spin_lock_claim_unused
 .text.set_raw_irq_handler_and_unlock
                0x10000c60       0x28 CMakeFiles/pid_ctrl.dir/C_/Users/TaekguenJi/Documents/pico-sdk/src/rp2_common/hardware_irq/irq.c.obj
 .text.resolve_branch
                0x10000c88       0x30 CMakeFiles/pid_ctrl.dir/C_/Users/TaekguenJi/Documents/pico-sdk/src/rp2_common/hardware_irq/irq.c.obj
 .text.make_branch
                0x10000cb8       0x48 CMakeFiles/pid_ctrl.dir/C_/Users/TaekguenJi/Documents/pico-sdk/src/rp2_common/hardware_irq/irq.c.obj
 .text.insert_branch_and_link
                0x10000d00       0x40 CMakeFiles/pid_ctrl.dir/C_/Users/TaekguenJi/Documents/pico-sdk/src/rp2_common/hardware_irq/irq.c.obj
 .text.irq_is_enabled
                0x10000d40       0x18 CMakeFiles/pid_ctrl.dir/C_/Users/TaekguenJi/Documents/pico-sdk/src/rp2_common/hardware_irq/irq.c.obj
                0x10000d40                irq_is_enabled
 .text.irq_set_mask_enabled
                0x10000d58       0x20 CMakeFiles/pid_ctrl.dir/C_/Users/TaekguenJi/Documents/pico-sdk/src/rp2_common/hardware_irq/irq.c.obj
                0x10000d58                irq_set_mask_enabled
 .text.irq_set_enabled
                0x10000d78        0xe CMakeFiles/pid_ctrl.dir/C_/Users/TaekguenJi/Documents/pico-sdk/src/rp2_common/hardware_irq/irq.c.obj
                0x10000d78                irq_set_enabled
 *fill*         0x10000d86        0x2 
 .text.irq_set_pending
                0x10000d88       0x10 CMakeFiles/pid_ctrl.dir/C_/Users/TaekguenJi/Documents/pico-sdk/src/rp2_common/hardware_irq/irq.c.obj
                0x10000d88                irq_set_pending
 .text.irq_get_vtable_handler
                0x10000d98       0x10 CMakeFiles/pid_ctrl.dir/C_/Users/TaekguenJi/Documents/pico-sdk/src/rp2_common/hardware_irq/irq.c.obj
                0x10000d98                irq_get_vtable_handler
 .text.irq_has_shared_handler
                0x10000da8       0x24 CMakeFiles/pid_ctrl.dir/C_/Users/TaekguenJi/Documents/pico-sdk/src/rp2_common/hardware_irq/irq.c.obj
                0x10000da8                irq_has_shared_handler
 .text.irq_set_exclusive_handler
                0x10000dcc       0x54 CMakeFiles/pid_ctrl.dir/C_/Users/TaekguenJi/Documents/pico-sdk/src/rp2_common/hardware_irq/irq.c.obj
                0x10000dcc                irq_set_exclusive_handler
 .text.irq_add_shared_handler
                0x10000e20      0x210 CMakeFiles/pid_ctrl.dir/C_/Users/TaekguenJi/Documents/pico-sdk/src/rp2_common/hardware_irq/irq.c.obj
                0x10000e20                irq_add_shared_handler
 .text.irq_remove_handler
                0x10001030      0x188 CMakeFiles/pid_ctrl.dir/C_/Users/TaekguenJi/Documents/pico-sdk/src/rp2_common/hardware_irq/irq.c.obj
                0x10001030                irq_remove_handler
 .text.irq_add_tail_to_free_list
                0x100011b8       0xf0 CMakeFiles/pid_ctrl.dir/C_/Users/TaekguenJi/Documents/pico-sdk/src/rp2_common/hardware_irq/irq.c.obj
                0x100011b8                irq_add_tail_to_free_list
 .text.irq_init_priorities
                0x100012a8       0x1c CMakeFiles/pid_ctrl.dir/C_/Users/TaekguenJi/Documents/pico-sdk/src/rp2_common/hardware_irq/irq.c.obj
                0x100012a8                irq_init_priorities
 .text.user_irq_claim_unused
                0x100012c4       0x2c CMakeFiles/pid_ctrl.dir/C_/Users/TaekguenJi/Documents/pico-sdk/src/rp2_common/hardware_irq/irq.c.obj
                0x100012c4                user_irq_claim_unused
 .text.lock_init
                0x100012f0       0x10 CMakeFiles/pid_ctrl.dir/C_/Users/TaekguenJi/Documents/pico-sdk/src/common/pico_sync/lock_core.c.obj
                0x100012f0                lock_init
 .text.update_us_since_boot
                0x10001300       0x24 CMakeFiles/pid_ctrl.dir/C_/Users/TaekguenJi/Documents/pico-sdk/src/common/pico_sync/mutex.c.obj
 .text.delayed_by_ms
                0x10001324       0x44 CMakeFiles/pid_ctrl.dir/C_/Users/TaekguenJi/Documents/pico-sdk/src/common/pico_sync/mutex.c.obj
 .text.get_absolute_time
                0x10001368       0x22 CMakeFiles/pid_ctrl.dir/C_/Users/TaekguenJi/Documents/pico-sdk/src/common/pico_sync/mutex.c.obj
 .text.make_timeout_time_ms
                0x1000138a       0x20 CMakeFiles/pid_ctrl.dir/C_/Users/TaekguenJi/Documents/pico-sdk/src/common/pico_sync/mutex.c.obj
 .text.mutex_init
                0x100013aa       0x1a CMakeFiles/pid_ctrl.dir/C_/Users/TaekguenJi/Documents/pico-sdk/src/common/pico_sync/mutex.c.obj
                0x100013aa                mutex_init
 .text.recursive_mutex_init
                0x100013c4       0x1e CMakeFiles/pid_ctrl.dir/C_/Users/TaekguenJi/Documents/pico-sdk/src/common/pico_sync/mutex.c.obj
                0x100013c4                recursive_mutex_init
 *fill*         0x100013e2        0x2 
 .text.critical_section_init_with_lock_num
                0x100013e4       0x14 CMakeFiles/pid_ctrl.dir/C_/Users/TaekguenJi/Documents/pico-sdk/src/common/pico_sync/critical_section.c.obj
                0x100013e4                critical_section_init_with_lock_num
 .text.critical_section_init
                0x100013f8       0x14 CMakeFiles/pid_ctrl.dir/C_/Users/TaekguenJi/Documents/pico-sdk/src/common/pico_sync/critical_section.c.obj
                0x100013f8                critical_section_init
 .text.time_reached
                0x1000140c       0x28 CMakeFiles/pid_ctrl.dir/C_/Users/TaekguenJi/Documents/pico-sdk/src/common/pico_time/time.c.obj
 .text.get_entry
                0x10001434       0x38 CMakeFiles/pid_ctrl.dir/C_/Users/TaekguenJi/Documents/pico-sdk/src/common/pico_time/time.c.obj
 .text.timer_pool_entry_comparator
                0x1000146c       0x2e CMakeFiles/pid_ctrl.dir/C_/Users/TaekguenJi/Documents/pico-sdk/src/common/pico_time/time.c.obj
                0x1000146c                timer_pool_entry_comparator
 *fill*         0x1000149a        0x2 
 .text.update_us_since_boot
                0x1000149c       0x24 CMakeFiles/pid_ctrl.dir/C_/Users/TaekguenJi/Documents/pico-sdk/src/common/pico_time/time.c.obj
 .text.delayed_by_us
                0x100014c0       0x34 CMakeFiles/pid_ctrl.dir/C_/Users/TaekguenJi/Documents/pico-sdk/src/common/pico_time/time.c.obj
 .text.ph_get_node
                0x100014f4       0x30 CMakeFiles/pid_ctrl.dir/C_/Users/TaekguenJi/Documents/pico-sdk/src/common/pico_time/time.c.obj
 .text.ph_contains_node
                0x10001524       0x1e CMakeFiles/pid_ctrl.dir/C_/Users/TaekguenJi/Documents/pico-sdk/src/common/pico_time/time.c.obj
 .text.ph_new_node
                0x10001542       0x28 CMakeFiles/pid_ctrl.dir/C_/Users/TaekguenJi/Documents/pico-sdk/src/common/pico_time/time.c.obj
 *fill*         0x1000156a        0x2 
 .text.ph_add_child_node
                0x1000156c       0x6c CMakeFiles/pid_ctrl.dir/C_/Users/TaekguenJi/Documents/pico-sdk/src/common/pico_time/time.c.obj
 .text.ph_merge_nodes
                0x100015d8       0x3e CMakeFiles/pid_ctrl.dir/C_/Users/TaekguenJi/Documents/pico-sdk/src/common/pico_time/time.c.obj
 *fill*         0x10001616        0x2 
 .text.ph_insert_node
                0x10001618       0x3c CMakeFiles/pid_ctrl.dir/C_/Users/TaekguenJi/Documents/pico-sdk/src/common/pico_time/time.c.obj
 .text.ph_free_node
                0x10001654       0x5c CMakeFiles/pid_ctrl.dir/C_/Users/TaekguenJi/Documents/pico-sdk/src/common/pico_time/time.c.obj
 .text.get_entry_id_high
                0x100016b0       0x30 CMakeFiles/pid_ctrl.dir/C_/Users/TaekguenJi/Documents/pico-sdk/src/common/pico_time/time.c.obj
 .text.alarm_pool_post_alloc_init
                0x100016e0       0x40 CMakeFiles/pid_ctrl.dir/C_/Users/TaekguenJi/Documents/pico-sdk/src/common/pico_time/time.c.obj
 .text.sleep_until_callback
                0x10001720       0x30 CMakeFiles/pid_ctrl.dir/C_/Users/TaekguenJi/Documents/pico-sdk/src/common/pico_time/time.c.obj
 .text.get_absolute_time
                0x10001750       0x22 CMakeFiles/pid_ctrl.dir/C_/Users/TaekguenJi/Documents/pico-sdk/src/common/pico_time/time.c.obj
 .text.make_timeout_time_us
                0x10001772       0x24 CMakeFiles/pid_ctrl.dir/C_/Users/TaekguenJi/Documents/pico-sdk/src/common/pico_time/time.c.obj
 *fill*         0x10001796        0x2 
 .text.add_alarm_under_lock
                0x10001798       0x94 CMakeFiles/pid_ctrl.dir/C_/Users/TaekguenJi/Documents/pico-sdk/src/common/pico_time/time.c.obj
 .text.alarm_pool_alarm_callback
                0x1000182c      0x20c CMakeFiles/pid_ctrl.dir/C_/Users/TaekguenJi/Documents/pico-sdk/src/common/pico_time/time.c.obj
 .text.alarm_pool_init_default
                0x10001a38       0x40 CMakeFiles/pid_ctrl.dir/C_/Users/TaekguenJi/Documents/pico-sdk/src/common/pico_time/time.c.obj
                0x10001a38                alarm_pool_init_default
 .text.alarm_pool_get_default
                0x10001a78       0x2c CMakeFiles/pid_ctrl.dir/C_/Users/TaekguenJi/Documents/pico-sdk/src/common/pico_time/time.c.obj
                0x10001a78                alarm_pool_get_default
 .text.alarm_pool_add_alarm_at
                0x10001aa4      0x10e CMakeFiles/pid_ctrl.dir/C_/Users/TaekguenJi/Documents/pico-sdk/src/common/pico_time/time.c.obj
                0x10001aa4                alarm_pool_add_alarm_at
 .text.add_alarm_at
                0x10001bb2       0x2e CMakeFiles/pid_ctrl.dir/C_/Users/TaekguenJi/Documents/pico-sdk/src/common/pico_time/time.c.obj
 .text.alarm_pool_cancel_alarm
                0x10001be0       0xa0 CMakeFiles/pid_ctrl.dir/C_/Users/TaekguenJi/Documents/pico-sdk/src/common/pico_time/time.c.obj
                0x10001be0                alarm_pool_cancel_alarm
 .text.cancel_alarm
                0x10001c80       0x10 CMakeFiles/pid_ctrl.dir/C_/Users/TaekguenJi/Documents/pico-sdk/src/common/pico_time/time.c.obj
 .text.alarm_pool_core_num
                0x10001c90        0x4 CMakeFiles/pid_ctrl.dir/C_/Users/TaekguenJi/Documents/pico-sdk/src/common/pico_time/time.c.obj
                0x10001c90                alarm_pool_core_num
 .text.sleep_until
                0x10001c94       0xb0 CMakeFiles/pid_ctrl.dir/C_/Users/TaekguenJi/Documents/pico-sdk/src/common/pico_time/time.c.obj
                0x10001c94                sleep_until
 .text.sleep_us
                0x10001d44       0x1a CMakeFiles/pid_ctrl.dir/C_/Users/TaekguenJi/Documents/pico-sdk/src/common/pico_time/time.c.obj
                0x10001d44                sleep_us
 .text.sleep_ms
                0x10001d5e       0x14 CMakeFiles/pid_ctrl.dir/C_/Users/TaekguenJi/Documents/pico-sdk/src/common/pico_time/time.c.obj
                0x10001d5e                sleep_ms
 *fill*         0x10001d72        0x2 
 .text.best_effort_wfe_or_timeout
                0x10001d74       0x44 CMakeFiles/pid_ctrl.dir/C_/Users/TaekguenJi/Documents/pico-sdk/src/common/pico_time/time.c.obj
                0x10001d74                best_effort_wfe_or_timeout
 .text.hardware_alarm_irq_handler
                0x10001db8       0x8c CMakeFiles/pid_ctrl.dir/C_/Users/TaekguenJi/Documents/pico-sdk/src/rp2_common/hardware_timer/timer.c.obj
 .text.hardware_alarm_claim
                0x10001e44       0x18 CMakeFiles/pid_ctrl.dir/C_/Users/TaekguenJi/Documents/pico-sdk/src/rp2_common/hardware_timer/timer.c.obj
                0x10001e44                hardware_alarm_claim
 .text.time_us_64
                0x10001e5c       0x18 CMakeFiles/pid_ctrl.dir/C_/Users/TaekguenJi/Documents/pico-sdk/src/rp2_common/hardware_timer/timer.c.obj
                0x10001e5c                time_us_64
 .text.busy_wait_until
                0x10001e74       0x28 CMakeFiles/pid_ctrl.dir/C_/Users/TaekguenJi/Documents/pico-sdk/src/rp2_common/hardware_timer/timer.c.obj
                0x10001e74                busy_wait_until
 .text.hardware_alarm_set_callback
                0x10001e9c       0x90 CMakeFiles/pid_ctrl.dir/C_/Users/TaekguenJi/Documents/pico-sdk/src/rp2_common/hardware_timer/timer.c.obj
                0x10001e9c                hardware_alarm_set_callback
 .text.hardware_alarm_set_target
                0x10001f2c       0xe8 CMakeFiles/pid_ctrl.dir/C_/Users/TaekguenJi/Documents/pico-sdk/src/rp2_common/hardware_timer/timer.c.obj
                0x10001f2c                hardware_alarm_set_target
 .text.hardware_alarm_cancel
                0x10002014       0x40 CMakeFiles/pid_ctrl.dir/C_/Users/TaekguenJi/Documents/pico-sdk/src/rp2_common/hardware_timer/timer.c.obj
                0x10002014                hardware_alarm_cancel
 .text.ph_get_node
                0x10002054       0x30 CMakeFiles/pid_ctrl.dir/C_/Users/TaekguenJi/Documents/pico-sdk/src/common/pico_util/pheap.c.obj
 .text.ph_add_child_node
                0x10002084       0x6c CMakeFiles/pid_ctrl.dir/C_/Users/TaekguenJi/Documents/pico-sdk/src/common/pico_util/pheap.c.obj
 .text.ph_merge_nodes
                0x100020f0       0x3e CMakeFiles/pid_ctrl.dir/C_/Users/TaekguenJi/Documents/pico-sdk/src/common/pico_util/pheap.c.obj
 .text.ph_clear
                0x1000212e       0x34 CMakeFiles/pid_ctrl.dir/C_/Users/TaekguenJi/Documents/pico-sdk/src/common/pico_util/pheap.c.obj
                0x1000212e                ph_clear
 .text.ph_post_alloc_init
                0x10002162        0xe CMakeFiles/pid_ctrl.dir/C_/Users/TaekguenJi/Documents/pico-sdk/src/common/pico_util/pheap.c.obj
                0x10002162                ph_post_alloc_init
 .text.ph_merge_two_pass
                0x10002170       0x5c CMakeFiles/pid_ctrl.dir/C_/Users/TaekguenJi/Documents/pico-sdk/src/common/pico_util/pheap.c.obj
                0x10002170                ph_merge_two_pass
 .text.ph_remove_any_head
                0x100021cc       0xc0 CMakeFiles/pid_ctrl.dir/C_/Users/TaekguenJi/Documents/pico-sdk/src/common/pico_util/pheap.c.obj
 .text.ph_remove_head
                0x1000228c       0x14 CMakeFiles/pid_ctrl.dir/C_/Users/TaekguenJi/Documents/pico-sdk/src/common/pico_util/pheap.c.obj
                0x1000228c                ph_remove_head
 .text.ph_remove_and_free_node
                0x100022a0       0xa0 CMakeFiles/pid_ctrl.dir/C_/Users/TaekguenJi/Documents/pico-sdk/src/common/pico_util/pheap.c.obj
                0x100022a0                ph_remove_and_free_node
 .text.uart_set_baudrate
                0x10002340       0x5c CMakeFiles/pid_ctrl.dir/C_/Users/TaekguenJi/Documents/pico-sdk/src/rp2_common/hardware_uart/uart.c.obj
                0x10002340                uart_set_baudrate
 .text.uart_set_translate_crlf
                0x1000239c       0x28 CMakeFiles/pid_ctrl.dir/C_/Users/TaekguenJi/Documents/pico-sdk/src/rp2_common/hardware_uart/uart.c.obj
                0x1000239c                uart_set_translate_crlf
 .text.uart_init
                0x100023c4       0x80 CMakeFiles/pid_ctrl.dir/C_/Users/TaekguenJi/Documents/pico-sdk/src/rp2_common/hardware_uart/uart.c.obj
                0x100023c4                uart_init
 .text.clock_configure
                0x10002444      0x104 CMakeFiles/pid_ctrl.dir/C_/Users/TaekguenJi/Documents/pico-sdk/src/rp2_common/hardware_clocks/clocks.c.obj
                0x10002444                clock_configure
 .text.clocks_init
                0x10002548      0x100 CMakeFiles/pid_ctrl.dir/C_/Users/TaekguenJi/Documents/pico-sdk/src/rp2_common/hardware_clocks/clocks.c.obj
                0x10002548                clocks_init
 .text.clock_get_hz
                0x10002648        0xc CMakeFiles/pid_ctrl.dir/C_/Users/TaekguenJi/Documents/pico-sdk/src/rp2_common/hardware_clocks/clocks.c.obj
                0x10002648                clock_get_hz
 .text.pll_init
                0x10002654      0x12c CMakeFiles/pid_ctrl.dir/C_/Users/TaekguenJi/Documents/pico-sdk/src/rp2_common/hardware_pll/pll.c.obj
                0x10002654                pll_init
 .text.watchdog_start_tick
                0x10002780       0x10 CMakeFiles/pid_ctrl.dir/C_/Users/TaekguenJi/Documents/pico-sdk/src/rp2_common/hardware_watchdog/watchdog.c.obj
                0x10002780                watchdog_start_tick
 .text.watchdog_update
                0x10002790       0x14 CMakeFiles/pid_ctrl.dir/C_/Users/TaekguenJi/Documents/pico-sdk/src/rp2_common/hardware_watchdog/watchdog.c.obj
                0x10002790                watchdog_update
 .text._watchdog_enable
                0x100027a4       0x78 CMakeFiles/pid_ctrl.dir/C_/Users/TaekguenJi/Documents/pico-sdk/src/rp2_common/hardware_watchdog/watchdog.c.obj
                0x100027a4                _watchdog_enable
 .text.watchdog_reboot
                0x1000281c       0x48 CMakeFiles/pid_ctrl.dir/C_/Users/TaekguenJi/Documents/pico-sdk/src/rp2_common/hardware_watchdog/watchdog.c.obj
                0x1000281c                watchdog_reboot
 .text.xosc_init
                0x10002864       0x28 CMakeFiles/pid_ctrl.dir/C_/Users/TaekguenJi/Documents/pico-sdk/src/rp2_common/hardware_xosc/xosc.c.obj
                0x10002864                xosc_init
 .text._exit    0x1000288c        0x4 CMakeFiles/pid_ctrl.dir/C_/Users/TaekguenJi/Documents/pico-sdk/src/rp2_common/pico_runtime/runtime.c.obj
                0x1000288c                _exit
 .text.exit     0x10002890        0x6 CMakeFiles/pid_ctrl.dir/C_/Users/TaekguenJi/Documents/pico-sdk/src/rp2_common/pico_runtime/runtime.c.obj
                0x10002890                exit
 *fill*         0x10002896        0x2 
 .text.__assert_func
                0x10002898       0x38 CMakeFiles/pid_ctrl.dir/C_/Users/TaekguenJi/Documents/pico-sdk/src/rp2_common/pico_runtime/runtime.c.obj
                0x10002898                __assert_func
 .text.runtime_init
                0x100028d0       0xf8 CMakeFiles/pid_ctrl.dir/C_/Users/TaekguenJi/Documents/pico-sdk/src/rp2_common/pico_runtime/runtime.c.obj
                0x100028d0                runtime_init
 .text.panic    0x100029c8       0x30 CMakeFiles/pid_ctrl.dir/C_/Users/TaekguenJi/Documents/pico-sdk/src/rp2_common/pico_runtime/runtime.c.obj
                0x100029c8                panic
 .text._out_null
                0x100029f8        0x2 CMakeFiles/pid_ctrl.dir/C_/Users/TaekguenJi/Documents/pico-sdk/src/rp2_common/pico_printf/printf.c.obj
 .text._out_fct
                0x100029fa        0xe CMakeFiles/pid_ctrl.dir/C_/Users/TaekguenJi/Documents/pico-sdk/src/rp2_common/pico_printf/printf.c.obj
 .text._atoi    0x10002a08       0x24 CMakeFiles/pid_ctrl.dir/C_/Users/TaekguenJi/Documents/pico-sdk/src/rp2_common/pico_printf/printf.c.obj
 .text._out_rev
                0x10002a2c       0xae CMakeFiles/pid_ctrl.dir/C_/Users/TaekguenJi/Documents/pico-sdk/src/rp2_common/pico_printf/printf.c.obj
 .text._ntoa_format
                0x10002ada      0x110 CMakeFiles/pid_ctrl.dir/C_/Users/TaekguenJi/Documents/pico-sdk/src/rp2_common/pico_printf/printf.c.obj
 .text._ntoa_long
                0x10002bea       0xbc CMakeFiles/pid_ctrl.dir/C_/Users/TaekguenJi/Documents/pico-sdk/src/rp2_common/pico_printf/printf.c.obj
 .text._ntoa_long_long
                0x10002ca6      0x10e CMakeFiles/pid_ctrl.dir/C_/Users/TaekguenJi/Documents/pico-sdk/src/rp2_common/pico_printf/printf.c.obj
 .text._etoa    0x10002db4      0x420 CMakeFiles/pid_ctrl.dir/C_/Users/TaekguenJi/Documents/pico-sdk/src/rp2_common/pico_printf/printf.c.obj
 .text._ftoa    0x100031d4      0x354 CMakeFiles/pid_ctrl.dir/C_/Users/TaekguenJi/Documents/pico-sdk/src/rp2_common/pico_printf/printf.c.obj
 .text._vsnprintf
                0x10003528      0x65c CMakeFiles/pid_ctrl.dir/C_/Users/TaekguenJi/Documents/pico-sdk/src/rp2_common/pico_printf/printf.c.obj
 .text.vfctprintf
                0x10003b84       0x20 CMakeFiles/pid_ctrl.dir/C_/Users/TaekguenJi/Documents/pico-sdk/src/rp2_common/pico_printf/printf.c.obj
                0x10003b84                vfctprintf
 .text          0x10003ba4       0x10 CMakeFiles/pid_ctrl.dir/C_/Users/TaekguenJi/Documents/pico-sdk/src/rp2_common/pico_bit_ops/bit_ops_aeabi.S.obj
 .text.rom_func_lookup
                0x10003bb4       0x10 CMakeFiles/pid_ctrl.dir/C_/Users/TaekguenJi/Documents/pico-sdk/src/rp2_common/pico_bootrom/bootrom.c.obj
                0x10003bb4                rom_func_lookup
 .text.rom_data_lookup
                0x10003bc4       0x10 CMakeFiles/pid_ctrl.dir/C_/Users/TaekguenJi/Documents/pico-sdk/src/rp2_common/pico_bootrom/bootrom.c.obj
                0x10003bc4                rom_data_lookup
 .text.rom_funcs_lookup
                0x10003bd4       0x36 CMakeFiles/pid_ctrl.dir/C_/Users/TaekguenJi/Documents/pico-sdk/src/rp2_common/pico_bootrom/bootrom.c.obj
                0x10003bd4                rom_funcs_lookup
 *fill*         0x10003c0a        0x2 
 .text.__wrap___aeabi_idiv
                0x10003c0c       0x50 CMakeFiles/pid_ctrl.dir/C_/Users/TaekguenJi/Documents/pico-sdk/src/rp2_common/pico_divider/divider.S.obj
                0x10003c0c                __wrap___aeabi_idivmod
                0x10003c0c                divmod_s32s32
                0x10003c0c                div_s32s32
                0x10003c0c                __wrap___aeabi_idiv
                0x10003c14                divmod_s32s32_unsafe
                0x10003c40                divmod_s32s32_savestate
 .text.__wrap___aeabi_uidiv
                0x10003c5c       0x4c CMakeFiles/pid_ctrl.dir/C_/Users/TaekguenJi/Documents/pico-sdk/src/rp2_common/pico_divider/divider.S.obj
                0x10003c5c                __wrap___aeabi_uidiv
                0x10003c5c                __wrap___aeabi_uidivmod
                0x10003c5c                div_u32u32
                0x10003c5c                divmod_u32u32
                0x10003c64                divmod_u32u32_unsafe
                0x10003c8c                divmod_u32u32_savestate
 .text.__wrap___aeabi_ldiv
                0x10003ca8      0x424 CMakeFiles/pid_ctrl.dir/C_/Users/TaekguenJi/Documents/pico-sdk/src/rp2_common/pico_divider/divider.S.obj
                0x10003ca8                div_s64s64
                0x10003ca8                divmod_s64s64
                0x10003ca8                __wrap___aeabi_ldivmod
                0x10003cd8                divmod_u64u64
                0x10003cd8                div_u64u64
                0x10003cd8                __wrap___aeabi_uldivmod
                0x10003ce8                divmod_u64u64_savestate
                0x10003d08                divmod_s64s64_unsafe
                0x10003d90                divmod_u64u64_unsafe
 .text.__wrap___aeabi_darithmetic
                0x100040cc       0x80 CMakeFiles/pid_ctrl.dir/C_/Users/TaekguenJi/Documents/pico-sdk/src/rp2_common/pico_double/double_aeabi.S.obj
                0x100040cc                __wrap___aeabi_drsub
                0x100040d2                __wrap___aeabi_dsub
                0x100040e4                __wrap___aeabi_dadd
                0x100040f6                __wrap___aeabi_ddiv
                0x10004132                __wrap___aeabi_dmul
 .text.__wrap___aeabi_cdcmple
                0x1000414c       0x6c CMakeFiles/pid_ctrl.dir/C_/Users/TaekguenJi/Documents/pico-sdk/src/rp2_common/pico_double/double_aeabi.S.obj
                0x1000414c                __wrap___aeabi_cdrcmple
                0x1000415c                __wrap___aeabi_cdcmpeq
                0x1000415c                __wrap___aeabi_cdcmple
 .text.__wrap___aeabi_dcmpeq
                0x100041b8       0x10 CMakeFiles/pid_ctrl.dir/C_/Users/TaekguenJi/Documents/pico-sdk/src/rp2_common/pico_double/double_aeabi.S.obj
                0x100041b8                __wrap___aeabi_dcmpeq
 .text.__wrap___aeabi_dcmplt
                0x100041c8        0xc CMakeFiles/pid_ctrl.dir/C_/Users/TaekguenJi/Documents/pico-sdk/src/rp2_common/pico_double/double_aeabi.S.obj
                0x100041c8                __wrap___aeabi_dcmplt
 .text.__wrap___aeabi_dcmple
                0x100041d4       0x10 CMakeFiles/pid_ctrl.dir/C_/Users/TaekguenJi/Documents/pico-sdk/src/rp2_common/pico_double/double_aeabi.S.obj
                0x100041d4                __wrap___aeabi_dcmple
 .text.__wrap___aeabi_dcmpge
                0x100041e4       0x10 CMakeFiles/pid_ctrl.dir/C_/Users/TaekguenJi/Documents/pico-sdk/src/rp2_common/pico_double/double_aeabi.S.obj
                0x100041e4                __wrap___aeabi_dcmpge
 .text.__wrap___aeabi_dcmpgt
                0x100041f4        0xa CMakeFiles/pid_ctrl.dir/C_/Users/TaekguenJi/Documents/pico-sdk/src/rp2_common/pico_double/double_aeabi.S.obj
                0x100041f4                __wrap___aeabi_dcmpgt
 .text.__wrap___aeabi_dcmpun
                0x100041fe       0x1c CMakeFiles/pid_ctrl.dir/C_/Users/TaekguenJi/Documents/pico-sdk/src/rp2_common/pico_double/double_aeabi.S.obj
                0x100041fe                __wrap___aeabi_dcmpun
 *fill*         0x1000421a        0x2 
 .text.__wrap___aeabi_i2d
                0x1000421c       0x38 CMakeFiles/pid_ctrl.dir/C_/Users/TaekguenJi/Documents/pico-sdk/src/rp2_common/pico_double/double_aeabi.S.obj
                0x1000421c                __wrap___aeabi_ui2d
                0x10004224                __wrap___aeabi_i2d
 .text.__wrap___aeabi_d2iz
                0x10004254       0x48 CMakeFiles/pid_ctrl.dir/C_/Users/TaekguenJi/Documents/pico-sdk/src/rp2_common/pico_double/double_aeabi.S.obj
                0x10004254                double2int_z
                0x10004254                __wrap___aeabi_d2iz
 .text.__wrap___aeabi_d2uiz
                0x1000429c       0x18 CMakeFiles/pid_ctrl.dir/C_/Users/TaekguenJi/Documents/pico-sdk/src/rp2_common/pico_double/double_aeabi.S.obj
                0x1000429c                __wrap___aeabi_d2uiz
                0x1000429c                double2uint
 .text.__wrap_exp
                0x100042b4       0x18 CMakeFiles/pid_ctrl.dir/C_/Users/TaekguenJi/Documents/pico-sdk/src/rp2_common/pico_double/double_aeabi.S.obj
                0x100042b4                __wrap_exp
 .text.__wrap_log
                0x100042cc       0x18 CMakeFiles/pid_ctrl.dir/C_/Users/TaekguenJi/Documents/pico-sdk/src/rp2_common/pico_double/double_aeabi.S.obj
                0x100042cc                __wrap_log
 .text.__aeabi_double_init
                0x100042e4       0xcc CMakeFiles/pid_ctrl.dir/C_/Users/TaekguenJi/Documents/pico-sdk/src/rp2_common/pico_double/double_init_rom.c.obj
                0x100042e4                __aeabi_double_init
 .text.dldexp   0x100043b0       0x50 CMakeFiles/pid_ctrl.dir/C_/Users/TaekguenJi/Documents/pico-sdk/src/rp2_common/pico_double/double_math.c.obj
 .text.disint   0x10004400       0x60 CMakeFiles/pid_ctrl.dir/C_/Users/TaekguenJi/Documents/pico-sdk/src/rp2_common/pico_double/double_math.c.obj
 .text.disoddint
                0x10004460       0x7c CMakeFiles/pid_ctrl.dir/C_/Users/TaekguenJi/Documents/pico-sdk/src/rp2_common/pico_double/double_math.c.obj
 .text.dispo2   0x100044dc       0x28 CMakeFiles/pid_ctrl.dir/C_/Users/TaekguenJi/Documents/pico-sdk/src/rp2_common/pico_double/double_math.c.obj
 .text.dpow_int2
                0x10004504       0x2c CMakeFiles/pid_ctrl.dir/C_/Users/TaekguenJi/Documents/pico-sdk/src/rp2_common/pico_double/double_math.c.obj
 .text.dpowint_1
                0x10004530       0x24 CMakeFiles/pid_ctrl.dir/C_/Users/TaekguenJi/Documents/pico-sdk/src/rp2_common/pico_double/double_math.c.obj
 .text.dpow_1   0x10004554      0x1dc CMakeFiles/pid_ctrl.dir/C_/Users/TaekguenJi/Documents/pico-sdk/src/rp2_common/pico_double/double_math.c.obj
 .text.dpow_0   0x10004730       0xd8 CMakeFiles/pid_ctrl.dir/C_/Users/TaekguenJi/Documents/pico-sdk/src/rp2_common/pico_double/double_math.c.obj
 .text.__wrap_ldexp
                0x10004808        0x8 CMakeFiles/pid_ctrl.dir/C_/Users/TaekguenJi/Documents/pico-sdk/src/rp2_common/pico_double/double_math.c.obj
                0x10004808                __wrap_ldexp
 .text.__wrap_round
                0x10004810       0x98 CMakeFiles/pid_ctrl.dir/C_/Users/TaekguenJi/Documents/pico-sdk/src/rp2_common/pico_double/double_math.c.obj
                0x10004810                __wrap_round
 .text.__wrap_exp2
                0x100048a8       0x88 CMakeFiles/pid_ctrl.dir/C_/Users/TaekguenJi/Documents/pico-sdk/src/rp2_common/pico_double/double_math.c.obj
                0x100048a8                __wrap_exp2
 .text.__wrap_pow
                0x10004930      0x168 CMakeFiles/pid_ctrl.dir/C_/Users/TaekguenJi/Documents/pico-sdk/src/rp2_common/pico_double/double_math.c.obj
                0x10004930                __wrap_pow
 .text.double_table_shim_on_use_helper
                0x10004a98       0x34 CMakeFiles/pid_ctrl.dir/C_/Users/TaekguenJi/Documents/pico-sdk/src/rp2_common/pico_double/double_v1_rom_shim.S.obj
                0x10004a98                double_table_shim_on_use_helper
 .text.__wrap___aeabi_dsub
                0x10004acc       0x10 CMakeFiles/pid_ctrl.dir/C_/Users/TaekguenJi/Documents/pico-sdk/src/rp2_common/pico_double/double_v1_rom_shim.S.obj
                0x10004acc                drsub_shim
                0x10004ad2                dsub_shim
 .text.dadd_shim
                0x10004adc      0x15c CMakeFiles/pid_ctrl.dir/C_/Users/TaekguenJi/Documents/pico-sdk/src/rp2_common/pico_double/double_v1_rom_shim.S.obj
                0x10004adc                dadd_shim
 .text.dmul_shim
                0x10004c38      0x15c CMakeFiles/pid_ctrl.dir/C_/Users/TaekguenJi/Documents/pico-sdk/src/rp2_common/pico_double/double_v1_rom_shim.S.obj
                0x10004c38                dmul_shim
 .text.ddiv_shim
                0x10004d94      0x1b0 CMakeFiles/pid_ctrl.dir/C_/Users/TaekguenJi/Documents/pico-sdk/src/rp2_common/pico_double/double_v1_rom_shim.S.obj
                0x10004d94                ddiv_shim
 .text.double2uint_shim
                0x10004f44        0xe CMakeFiles/pid_ctrl.dir/C_/Users/TaekguenJi/Documents/pico-sdk/src/rp2_common/pico_double/double_v1_rom_shim.S.obj
                0x10004f44                double2uint_shim
                0x10004f46                double2ufix_shim
 *fill*         0x10004f52        0x2 
 .text.double2uint64_shim
                0x10004f54       0x70 CMakeFiles/pid_ctrl.dir/C_/Users/TaekguenJi/Documents/pico-sdk/src/rp2_common/pico_double/double_v1_rom_shim.S.obj
                0x10004f54                double2uint64_shim
                0x10004f56                double2ufix64_shim
                0x10004f76                d2fix_a
 .text.x2double_shims
                0x10004fc4       0x90 CMakeFiles/pid_ctrl.dir/C_/Users/TaekguenJi/Documents/pico-sdk/src/rp2_common/pico_double/double_v1_rom_shim.S.obj
                0x10004fc4                uint2double_shim
                0x10004fc6                ufix2double_shim
                0x10004fcc                int2double_shim
                0x10004fce                fix2double_shim
                0x10004fd4                uint642double_shim
                0x10004fd6                ufix642double_shim
                0x10004fdc                int642double_shim
                0x10004fde                fix642double_shim
 .text.dunpacks
                0x10005054       0x3c CMakeFiles/pid_ctrl.dir/C_/Users/TaekguenJi/Documents/pico-sdk/src/rp2_common/pico_double/double_v1_rom_shim.S.obj
                0x10005054                dunpacks
 .text.dreduce  0x10005090       0x82 CMakeFiles/pid_ctrl.dir/C_/Users/TaekguenJi/Documents/pico-sdk/src/rp2_common/pico_double/double_v1_rom_shim.S.obj
                0x10005090                dreduce
 *fill*         0x10005112        0x2 
 .text.dexp_guts
                0x10005114      0x268 CMakeFiles/pid_ctrl.dir/C_/Users/TaekguenJi/Documents/pico-sdk/src/rp2_common/pico_double/double_v1_rom_shim.S.obj
                0x10005114                dexp_shim
                0x100051b0                dln_shim
 .text.__aeabi_lmul
                0x1000537c       0x32 CMakeFiles/pid_ctrl.dir/C_/Users/TaekguenJi/Documents/pico-sdk/src/rp2_common/pico_int64_ops/pico_int64_ops_aeabi.S.obj
                0x1000537c                __wrap___aeabi_lmul
 *fill*         0x100053ae        0x2 
 .text.__aeabi_float_init
                0x100053b0       0xfc CMakeFiles/pid_ctrl.dir/C_/Users/TaekguenJi/Documents/pico-sdk/src/rp2_common/pico_float/float_init_rom.c.obj
                0x100053b0                __aeabi_float_init
 .text.float_table_shim_on_use_helper
                0x100054ac       0x34 CMakeFiles/pid_ctrl.dir/C_/Users/TaekguenJi/Documents/pico-sdk/src/rp2_common/pico_float/float_v1_rom_shim.S.obj
                0x100054ac                float_table_shim_on_use_helper
 .text          0x100054e0       0x10 CMakeFiles/pid_ctrl.dir/C_/Users/TaekguenJi/Documents/pico-sdk/src/rp2_common/pico_mem_ops/mem_ops_aeabi.S.obj
                0x100054e0                __aeabi_mem_init
 .text.memset   0x100054f0        0xc CMakeFiles/pid_ctrl.dir/C_/Users/TaekguenJi/Documents/pico-sdk/src/rp2_common/pico_mem_ops/mem_ops_aeabi.S.obj
                0x100054f0                __wrap_memset
 .text.memcpy   0x100054fc        0xc CMakeFiles/pid_ctrl.dir/C_/Users/TaekguenJi/Documents/pico-sdk/src/rp2_common/pico_mem_ops/mem_ops_aeabi.S.obj
                0x100054fc                __wrap_memcpy
                0x100054fc                __wrap___aeabi_memcpy
 .text.stdio_out_chars_no_crlf
                0x10005508        0xe CMakeFiles/pid_ctrl.dir/C_/Users/TaekguenJi/Documents/pico-sdk/src/rp2_common/pico_stdio/stdio.c.obj
 *fill*         0x10005516        0x2 
 .text.stdio_out_chars_crlf
                0x10005518       0x80 CMakeFiles/pid_ctrl.dir/C_/Users/TaekguenJi/Documents/pico-sdk/src/rp2_common/pico_stdio/stdio.c.obj
 .text.stdio_stack_buffer_flush
                0x10005598       0x44 CMakeFiles/pid_ctrl.dir/C_/Users/TaekguenJi/Documents/pico-sdk/src/rp2_common/pico_stdio/stdio.c.obj
 .text.stdio_buffered_printer
                0x100055dc       0x20 CMakeFiles/pid_ctrl.dir/C_/Users/TaekguenJi/Documents/pico-sdk/src/rp2_common/pico_stdio/stdio.c.obj
 .text.update_us_since_boot
                0x100055fc       0x24 CMakeFiles/pid_ctrl.dir/C_/Users/TaekguenJi/Documents/pico-sdk/src/rp2_common/pico_stdio/stdio.c.obj
 .text.get_absolute_time
                0x10005620       0x22 CMakeFiles/pid_ctrl.dir/C_/Users/TaekguenJi/Documents/pico-sdk/src/rp2_common/pico_stdio/stdio.c.obj
 *fill*         0x10005642        0x2 
 .text.delayed_by_ms
                0x10005644       0x44 CMakeFiles/pid_ctrl.dir/C_/Users/TaekguenJi/Documents/pico-sdk/src/rp2_common/pico_stdio/stdio.c.obj
 .text.make_timeout_time_ms
                0x10005688       0x20 CMakeFiles/pid_ctrl.dir/C_/Users/TaekguenJi/Documents/pico-sdk/src/rp2_common/pico_stdio/stdio.c.obj
 .text.stdout_serialize_begin
                0x100056a8       0x20 CMakeFiles/pid_ctrl.dir/C_/Users/TaekguenJi/Documents/pico-sdk/src/rp2_common/pico_stdio/stdio.c.obj
                0x100056a8                stdout_serialize_begin
 .text.stdout_serialize_end
                0x100056c8       0x10 CMakeFiles/pid_ctrl.dir/C_/Users/TaekguenJi/Documents/pico-sdk/src/rp2_common/pico_stdio/stdio.c.obj
                0x100056c8                stdout_serialize_end
 .text.stdio_put_string
                0x100056d8       0x98 CMakeFiles/pid_ctrl.dir/C_/Users/TaekguenJi/Documents/pico-sdk/src/rp2_common/pico_stdio/stdio.c.obj
 .text.stdio_set_driver_enabled
                0x10005770       0x2c CMakeFiles/pid_ctrl.dir/C_/Users/TaekguenJi/Documents/pico-sdk/src/rp2_common/pico_stdio/stdio.c.obj
                0x10005770                stdio_set_driver_enabled
 .text.stdio_flush
                0x1000579c       0x20 CMakeFiles/pid_ctrl.dir/C_/Users/TaekguenJi/Documents/pico-sdk/src/rp2_common/pico_stdio/stdio.c.obj
                0x1000579c                stdio_flush
 .text.__wrap_puts
                0x100057bc       0x1e CMakeFiles/pid_ctrl.dir/C_/Users/TaekguenJi/Documents/pico-sdk/src/rp2_common/pico_stdio/stdio.c.obj
                0x100057bc                __wrap_puts
 *fill*         0x100057da        0x2 
 .text.__wrap_vprintf
                0x100057dc       0x40 CMakeFiles/pid_ctrl.dir/C_/Users/TaekguenJi/Documents/pico-sdk/src/rp2_common/pico_stdio/stdio.c.obj
                0x100057dc                __wrap_vprintf
 .text.__wrap_printf
                0x1000581c       0x18 CMakeFiles/pid_ctrl.dir/C_/Users/TaekguenJi/Documents/pico-sdk/src/rp2_common/pico_stdio/stdio.c.obj
                0x1000581c                __wrap_printf
 .text.stdio_init_all
                0x10005834        0xe CMakeFiles/pid_ctrl.dir/C_/Users/TaekguenJi/Documents/pico-sdk/src/rp2_common/pico_stdio/stdio.c.obj
                0x10005834                stdio_init_all
 *fill*         0x10005842        0x2 
 .text.uart_putc
                0x10005844       0x60 CMakeFiles/pid_ctrl.dir/C_/Users/TaekguenJi/Documents/pico-sdk/src/rp2_common/pico_stdio_uart/stdio_uart.c.obj
 .text.uart_getc
                0x100058a4       0x24 CMakeFiles/pid_ctrl.dir/C_/Users/TaekguenJi/Documents/pico-sdk/src/rp2_common/pico_stdio_uart/stdio_uart.c.obj
 .text.stdio_uart_out_chars
                0x100058c8       0x20 CMakeFiles/pid_ctrl.dir/C_/Users/TaekguenJi/Documents/pico-sdk/src/rp2_common/pico_stdio_uart/stdio_uart.c.obj
 .text.stdio_uart_in_chars
                0x100058e8       0x5c CMakeFiles/pid_ctrl.dir/C_/Users/TaekguenJi/Documents/pico-sdk/src/rp2_common/pico_stdio_uart/stdio_uart.c.obj
                0x100058e8                stdio_uart_in_chars
 .text.on_uart_rx
                0x10005944       0x28 CMakeFiles/pid_ctrl.dir/C_/Users/TaekguenJi/Documents/pico-sdk/src/rp2_common/pico_stdio_uart/stdio_uart.c.obj
 .text.stdio_uart_set_chars_available_callback
                0x1000596c       0x8c CMakeFiles/pid_ctrl.dir/C_/Users/TaekguenJi/Documents/pico-sdk/src/rp2_common/pico_stdio_uart/stdio_uart.c.obj
 .text.stdio_uart_init_full
                0x100059f8       0x44 CMakeFiles/pid_ctrl.dir/C_/Users/TaekguenJi/Documents/pico-sdk/src/rp2_common/pico_stdio_uart/stdio_uart.c.obj
                0x100059f8                stdio_uart_init_full
 .text.stdio_uart_init
                0x10005a3c       0x28 CMakeFiles/pid_ctrl.dir/C_/Users/TaekguenJi/Documents/pico-sdk/src/rp2_common/pico_stdio_uart/stdio_uart.c.obj
                0x10005a3c                stdio_uart_init
 .text.resetd_init
                0x10005a64        0x2 CMakeFiles/pid_ctrl.dir/C_/Users/TaekguenJi/Documents/pico-sdk/src/rp2_common/pico_stdio_usb/reset_interface.c.obj
 *fill*         0x10005a66        0x2 
 .text.resetd_reset
                0x10005a68        0xc CMakeFiles/pid_ctrl.dir/C_/Users/TaekguenJi/Documents/pico-sdk/src/rp2_common/pico_stdio_usb/reset_interface.c.obj
 .text.resetd_open
                0x10005a74       0x34 CMakeFiles/pid_ctrl.dir/C_/Users/TaekguenJi/Documents/pico-sdk/src/rp2_common/pico_stdio_usb/reset_interface.c.obj
 .text.resetd_xfer_cb
                0x10005aa8        0x4 CMakeFiles/pid_ctrl.dir/C_/Users/TaekguenJi/Documents/pico-sdk/src/rp2_common/pico_stdio_usb/reset_interface.c.obj
 .text.reset_usb_boot
                0x10005aac       0x18 CMakeFiles/pid_ctrl.dir/C_/Users/TaekguenJi/Documents/pico-sdk/src/rp2_common/pico_stdio_usb/reset_interface.c.obj
 .text.resetd_control_xfer_cb
                0x10005ac4       0x5c CMakeFiles/pid_ctrl.dir/C_/Users/TaekguenJi/Documents/pico-sdk/src/rp2_common/pico_stdio_usb/reset_interface.c.obj
 .text.usbd_app_driver_get_cb
                0x10005b20        0xc CMakeFiles/pid_ctrl.dir/C_/Users/TaekguenJi/Documents/pico-sdk/src/rp2_common/pico_stdio_usb/reset_interface.c.obj
                0x10005b20                usbd_app_driver_get_cb
 .text.tud_cdc_line_coding_cb
                0x10005b2c       0x28 CMakeFiles/pid_ctrl.dir/C_/Users/TaekguenJi/Documents/pico-sdk/src/rp2_common/pico_stdio_usb/reset_interface.c.obj
                0x10005b2c                tud_cdc_line_coding_cb
 .text.stdio_usb_set_chars_available_callback
                0x10005b54       0x14 CMakeFiles/pid_ctrl.dir/C_/Users/TaekguenJi/Documents/pico-sdk/src/rp2_common/pico_stdio_usb/stdio_usb.c.obj
                0x10005b54                stdio_usb_set_chars_available_callback
 .text.update_us_since_boot
                0x10005b68       0x24 CMakeFiles/pid_ctrl.dir/C_/Users/TaekguenJi/Documents/pico-sdk/src/rp2_common/pico_stdio_usb/stdio_usb.c.obj
 .text.get_absolute_time
                0x10005b8c       0x22 CMakeFiles/pid_ctrl.dir/C_/Users/TaekguenJi/Documents/pico-sdk/src/rp2_common/pico_stdio_usb/stdio_usb.c.obj
 *fill*         0x10005bae        0x2 
 .text.delayed_by_ms
                0x10005bb0       0x44 CMakeFiles/pid_ctrl.dir/C_/Users/TaekguenJi/Documents/pico-sdk/src/rp2_common/pico_stdio_usb/stdio_usb.c.obj
 .text.make_timeout_time_ms
                0x10005bf4       0x20 CMakeFiles/pid_ctrl.dir/C_/Users/TaekguenJi/Documents/pico-sdk/src/rp2_common/pico_stdio_usb/stdio_usb.c.obj
 .text.delayed_by_us
                0x10005c14       0x34 CMakeFiles/pid_ctrl.dir/C_/Users/TaekguenJi/Documents/pico-sdk/src/rp2_common/pico_stdio_usb/stdio_usb.c.obj
 .text.usb_irq  0x10005c48       0x10 CMakeFiles/pid_ctrl.dir/C_/Users/TaekguenJi/Documents/pico-sdk/src/rp2_common/pico_stdio_usb/stdio_usb.c.obj
 .text.timer_task
                0x10005c58       0x58 CMakeFiles/pid_ctrl.dir/C_/Users/TaekguenJi/Documents/pico-sdk/src/rp2_common/pico_stdio_usb/stdio_usb.c.obj
 .text.alarm_pool_add_alarm_in_us
                0x10005cb0       0x3a CMakeFiles/pid_ctrl.dir/C_/Users/TaekguenJi/Documents/pico-sdk/src/rp2_common/pico_stdio_usb/stdio_usb.c.obj
 .text.add_alarm_in_us
                0x10005cea       0x2e CMakeFiles/pid_ctrl.dir/C_/Users/TaekguenJi/Documents/pico-sdk/src/rp2_common/pico_stdio_usb/stdio_usb.c.obj
 .text.low_priority_worker_irq
                0x10005d18       0x84 CMakeFiles/pid_ctrl.dir/C_/Users/TaekguenJi/Documents/pico-sdk/src/rp2_common/pico_stdio_usb/stdio_usb.c.obj
 .text.tud_cdc_rx_cb
                0x10005d9c       0x20 CMakeFiles/pid_ctrl.dir/C_/Users/TaekguenJi/Documents/pico-sdk/src/rp2_common/pico_stdio_usb/stdio_usb.c.obj
                0x10005d9c                tud_cdc_rx_cb
 .text.stdio_usb_init
                0x10005dbc       0xdc CMakeFiles/pid_ctrl.dir/C_/Users/TaekguenJi/Documents/pico-sdk/src/rp2_common/pico_stdio_usb/stdio_usb.c.obj
                0x10005dbc                stdio_usb_init
 .text.stdio_usb_connected
                0x10005e98        0xa CMakeFiles/pid_ctrl.dir/C_/Users/TaekguenJi/Documents/pico-sdk/src/rp2_common/pico_stdio_usb/stdio_usb.c.obj
                0x10005e98                stdio_usb_connected
 *fill*         0x10005ea2        0x2 
 .text.stdio_usb_in_chars
                0x10005ea4       0x88 CMakeFiles/pid_ctrl.dir/C_/Users/TaekguenJi/Documents/pico-sdk/src/rp2_common/pico_stdio_usb/stdio_usb.c.obj
                0x10005ea4                stdio_usb_in_chars
 .text.stdio_usb_out_chars
                0x10005f2c       0xd8 CMakeFiles/pid_ctrl.dir/C_/Users/TaekguenJi/Documents/pico-sdk/src/rp2_common/pico_stdio_usb/stdio_usb.c.obj
 .text.tud_descriptor_device_cb
                0x10006004        0x8 CMakeFiles/pid_ctrl.dir/C_/Users/TaekguenJi/Documents/pico-sdk/src/rp2_common/pico_stdio_usb/stdio_usb_descriptors.c.obj
                0x10006004                tud_descriptor_device_cb
 .text.tud_descriptor_configuration_cb
                0x1000600c        0x8 CMakeFiles/pid_ctrl.dir/C_/Users/TaekguenJi/Documents/pico-sdk/src/rp2_common/pico_stdio_usb/stdio_usb_descriptors.c.obj
                0x1000600c                tud_descriptor_configuration_cb
 .text.tud_descriptor_string_cb
                0x10006014       0x6c CMakeFiles/pid_ctrl.dir/C_/Users/TaekguenJi/Documents/pico-sdk/src/rp2_common/pico_stdio_usb/stdio_usb_descriptors.c.obj
                0x10006014                tud_descriptor_string_cb
 .text._retrieve_unique_id_on_boot
                0x10006080       0x10 CMakeFiles/pid_ctrl.dir/C_/Users/TaekguenJi/Documents/pico-sdk/src/rp2_common/pico_unique_id/unique_id.c.obj
 .text.pico_get_unique_board_id_string
                0x10006090       0x5c CMakeFiles/pid_ctrl.dir/C_/Users/TaekguenJi/Documents/pico-sdk/src/rp2_common/pico_unique_id/unique_id.c.obj
                0x10006090                pico_get_unique_board_id_string
 .text.flash_get_unique_id
                0x100060ec       0x46 CMakeFiles/pid_ctrl.dir/C_/Users/TaekguenJi/Documents/pico-sdk/src/rp2_common/hardware_flash/flash.c.obj
                0x100060ec                flash_get_unique_id
 *fill*         0x10006132        0x2 
 .text.hw_endpoint_get_by_addr
                0x10006134       0x18 CMakeFiles/pid_ctrl.dir/C_/Users/TaekguenJi/Documents/pico-sdk/lib/tinyusb/src/portable/raspberrypi/rp2040/dcd_rp2040.c.obj
 .text._hw_endpoint_alloc
                0x1000614c       0x70 CMakeFiles/pid_ctrl.dir/C_/Users/TaekguenJi/Documents/pico-sdk/lib/tinyusb/src/portable/raspberrypi/rp2040/dcd_rp2040.c.obj
 .text.hw_endpoint_init
                0x100061bc       0x88 CMakeFiles/pid_ctrl.dir/C_/Users/TaekguenJi/Documents/pico-sdk/lib/tinyusb/src/portable/raspberrypi/rp2040/dcd_rp2040.c.obj
 .text.dcd_event_sof
                0x10006244       0x2c CMakeFiles/pid_ctrl.dir/C_/Users/TaekguenJi/Documents/pico-sdk/lib/tinyusb/src/portable/raspberrypi/rp2040/dcd_rp2040.c.obj
 .text.hw_endpoint_xfer
                0x10006270       0x14 CMakeFiles/pid_ctrl.dir/C_/Users/TaekguenJi/Documents/pico-sdk/lib/tinyusb/src/portable/raspberrypi/rp2040/dcd_rp2040.c.obj
 .text.dcd_int_enable
                0x10006284       0x2c CMakeFiles/pid_ctrl.dir/C_/Users/TaekguenJi/Documents/pico-sdk/lib/tinyusb/src/portable/raspberrypi/rp2040/dcd_rp2040.c.obj
                0x10006284                dcd_int_enable
 .text.dcd_set_address
                0x100062b0       0x2c CMakeFiles/pid_ctrl.dir/C_/Users/TaekguenJi/Documents/pico-sdk/lib/tinyusb/src/portable/raspberrypi/rp2040/dcd_rp2040.c.obj
                0x100062b0                dcd_set_address
 .text.dcd_connect
                0x100062dc       0x10 CMakeFiles/pid_ctrl.dir/C_/Users/TaekguenJi/Documents/pico-sdk/lib/tinyusb/src/portable/raspberrypi/rp2040/dcd_rp2040.c.obj
                0x100062dc                dcd_connect
 .text.dcd_init
                0x100062ec       0x80 CMakeFiles/pid_ctrl.dir/C_/Users/TaekguenJi/Documents/pico-sdk/lib/tinyusb/src/portable/raspberrypi/rp2040/dcd_rp2040.c.obj
                0x100062ec                dcd_init
 .text.dcd_edpt0_status_complete
                0x1000636c       0x1c CMakeFiles/pid_ctrl.dir/C_/Users/TaekguenJi/Documents/pico-sdk/lib/tinyusb/src/portable/raspberrypi/rp2040/dcd_rp2040.c.obj
                0x1000636c                dcd_edpt0_status_complete
 .text.dcd_edpt_open
                0x10006388       0x40 CMakeFiles/pid_ctrl.dir/C_/Users/TaekguenJi/Documents/pico-sdk/lib/tinyusb/src/portable/raspberrypi/rp2040/dcd_rp2040.c.obj
                0x10006388                dcd_edpt_open
 .text.dcd_edpt_close_all
                0x100063c8        0x8 CMakeFiles/pid_ctrl.dir/C_/Users/TaekguenJi/Documents/pico-sdk/lib/tinyusb/src/portable/raspberrypi/rp2040/dcd_rp2040.c.obj
                0x100063c8                dcd_edpt_close_all
 .text.dcd_edpt_xfer
                0x100063d0       0x34 CMakeFiles/pid_ctrl.dir/C_/Users/TaekguenJi/Documents/pico-sdk/lib/tinyusb/src/portable/raspberrypi/rp2040/dcd_rp2040.c.obj
                0x100063d0                dcd_edpt_xfer
 .text.dcd_edpt_stall
                0x10006404       0x2c CMakeFiles/pid_ctrl.dir/C_/Users/TaekguenJi/Documents/pico-sdk/lib/tinyusb/src/portable/raspberrypi/rp2040/dcd_rp2040.c.obj
                0x10006404                dcd_edpt_stall
 .text.dcd_edpt_clear_stall
                0x10006430       0x20 CMakeFiles/pid_ctrl.dir/C_/Users/TaekguenJi/Documents/pico-sdk/lib/tinyusb/src/portable/raspberrypi/rp2040/dcd_rp2040.c.obj
                0x10006430                dcd_edpt_clear_stall
 .text.rp2040_usb_init
                0x10006450       0x4c CMakeFiles/pid_ctrl.dir/C_/Users/TaekguenJi/Documents/pico-sdk/lib/tinyusb/src/portable/raspberrypi/rp2040/rp2040_usb.c.obj
                0x10006450                rp2040_usb_init
 .text.hw_endpoint_xfer_start
                0x1000649c       0x50 CMakeFiles/pid_ctrl.dir/C_/Users/TaekguenJi/Documents/pico-sdk/lib/tinyusb/src/portable/raspberrypi/rp2040/rp2040_usb.c.obj
                0x1000649c                hw_endpoint_xfer_start
 .text.configuration_reset
                0x100064ec       0x84 CMakeFiles/pid_ctrl.dir/C_/Users/TaekguenJi/Documents/pico-sdk/lib/tinyusb/src/device/usbd.c.obj
 .text.usbd_reset
                0x10006570        0xc CMakeFiles/pid_ctrl.dir/C_/Users/TaekguenJi/Documents/pico-sdk/lib/tinyusb/src/device/usbd.c.obj
 .text.invoke_class_control
                0x1000657c       0x1a CMakeFiles/pid_ctrl.dir/C_/Users/TaekguenJi/Documents/pico-sdk/lib/tinyusb/src/device/usbd.c.obj
 *fill*         0x10006596        0x2 
 .text.process_set_config
                0x10006598      0x178 CMakeFiles/pid_ctrl.dir/C_/Users/TaekguenJi/Documents/pico-sdk/lib/tinyusb/src/device/usbd.c.obj
 .text.process_get_descriptor
                0x10006710       0xdc CMakeFiles/pid_ctrl.dir/C_/Users/TaekguenJi/Documents/pico-sdk/lib/tinyusb/src/device/usbd.c.obj
 .text.tud_mounted
                0x100067ec       0x10 CMakeFiles/pid_ctrl.dir/C_/Users/TaekguenJi/Documents/pico-sdk/lib/tinyusb/src/device/usbd.c.obj
                0x100067ec                tud_mounted
 .text.tud_suspended
                0x100067fc       0x10 CMakeFiles/pid_ctrl.dir/C_/Users/TaekguenJi/Documents/pico-sdk/lib/tinyusb/src/device/usbd.c.obj
                0x100067fc                tud_suspended
 .text.tud_inited
                0x1000680c       0x14 CMakeFiles/pid_ctrl.dir/C_/Users/TaekguenJi/Documents/pico-sdk/lib/tinyusb/src/device/usbd.c.obj
                0x1000680c                tud_inited
 .text.tud_init
                0x10006820       0xcc CMakeFiles/pid_ctrl.dir/C_/Users/TaekguenJi/Documents/pico-sdk/lib/tinyusb/src/device/usbd.c.obj
                0x10006820                tud_init
 .text.usbd_defer_func
                0x100068ec       0x2a CMakeFiles/pid_ctrl.dir/C_/Users/TaekguenJi/Documents/pico-sdk/lib/tinyusb/src/device/usbd.c.obj
                0x100068ec                usbd_defer_func
 *fill*         0x10006916        0x2 
 .text.usbd_edpt_open
                0x10006918       0x34 CMakeFiles/pid_ctrl.dir/C_/Users/TaekguenJi/Documents/pico-sdk/lib/tinyusb/src/device/usbd.c.obj
                0x10006918                usbd_edpt_open
 .text.usbd_open_edpt_pair
                0x1000694c       0x62 CMakeFiles/pid_ctrl.dir/C_/Users/TaekguenJi/Documents/pico-sdk/lib/tinyusb/src/device/usbd.c.obj
                0x1000694c                usbd_open_edpt_pair
 *fill*         0x100069ae        0x2 
 .text.usbd_edpt_claim
                0x100069b0       0x28 CMakeFiles/pid_ctrl.dir/C_/Users/TaekguenJi/Documents/pico-sdk/lib/tinyusb/src/device/usbd.c.obj
                0x100069b0                usbd_edpt_claim
 .text.usbd_edpt_release
                0x100069d8       0x28 CMakeFiles/pid_ctrl.dir/C_/Users/TaekguenJi/Documents/pico-sdk/lib/tinyusb/src/device/usbd.c.obj
                0x100069d8                usbd_edpt_release
 .text.usbd_edpt_xfer
                0x10006a00       0x78 CMakeFiles/pid_ctrl.dir/C_/Users/TaekguenJi/Documents/pico-sdk/lib/tinyusb/src/device/usbd.c.obj
                0x10006a00                usbd_edpt_xfer
 .text.usbd_edpt_stall
                0x10006a78       0x48 CMakeFiles/pid_ctrl.dir/C_/Users/TaekguenJi/Documents/pico-sdk/lib/tinyusb/src/device/usbd.c.obj
                0x10006a78                usbd_edpt_stall
 .text.usbd_edpt_clear_stall
                0x10006ac0       0x48 CMakeFiles/pid_ctrl.dir/C_/Users/TaekguenJi/Documents/pico-sdk/lib/tinyusb/src/device/usbd.c.obj
                0x10006ac0                usbd_edpt_clear_stall
 .text.usbd_edpt_stalled
                0x10006b08       0x1c CMakeFiles/pid_ctrl.dir/C_/Users/TaekguenJi/Documents/pico-sdk/lib/tinyusb/src/device/usbd.c.obj
                0x10006b08                usbd_edpt_stalled
 .text.process_control_request
                0x10006b24      0x374 CMakeFiles/pid_ctrl.dir/C_/Users/TaekguenJi/Documents/pico-sdk/lib/tinyusb/src/device/usbd.c.obj
 .text.tud_task_ext
                0x10006e98      0x1b4 CMakeFiles/pid_ctrl.dir/C_/Users/TaekguenJi/Documents/pico-sdk/lib/tinyusb/src/device/usbd.c.obj
                0x10006e98                tud_task_ext
 .text._status_stage_xact
                0x1000704c       0x1a CMakeFiles/pid_ctrl.dir/C_/Users/TaekguenJi/Documents/pico-sdk/lib/tinyusb/src/device/usbd_control.c.obj
 *fill*         0x10007066        0x2 
 .text._data_stage_xact
                0x10007068       0x58 CMakeFiles/pid_ctrl.dir/C_/Users/TaekguenJi/Documents/pico-sdk/lib/tinyusb/src/device/usbd_control.c.obj
 .text.tud_control_status
                0x100070c0       0x28 CMakeFiles/pid_ctrl.dir/C_/Users/TaekguenJi/Documents/pico-sdk/lib/tinyusb/src/device/usbd_control.c.obj
                0x100070c0                tud_control_status
 .text.tud_control_xfer
                0x100070e8       0x68 CMakeFiles/pid_ctrl.dir/C_/Users/TaekguenJi/Documents/pico-sdk/lib/tinyusb/src/device/usbd_control.c.obj
                0x100070e8                tud_control_xfer
 .text.usbd_control_reset
                0x10007150       0x14 CMakeFiles/pid_ctrl.dir/C_/Users/TaekguenJi/Documents/pico-sdk/lib/tinyusb/src/device/usbd_control.c.obj
                0x10007150                usbd_control_reset
 .text.usbd_control_set_complete_callback
                0x10007164        0xc CMakeFiles/pid_ctrl.dir/C_/Users/TaekguenJi/Documents/pico-sdk/lib/tinyusb/src/device/usbd_control.c.obj
                0x10007164                usbd_control_set_complete_callback
 .text.usbd_control_set_request
                0x10007170       0x1c CMakeFiles/pid_ctrl.dir/C_/Users/TaekguenJi/Documents/pico-sdk/lib/tinyusb/src/device/usbd_control.c.obj
                0x10007170                usbd_control_set_request
 .text.usbd_control_xfer_cb
                0x1000718c       0xbc CMakeFiles/pid_ctrl.dir/C_/Users/TaekguenJi/Documents/pico-sdk/lib/tinyusb/src/device/usbd_control.c.obj
                0x1000718c                usbd_control_xfer_cb
 .text._prep_out_transaction
                0x10007248       0x4a CMakeFiles/pid_ctrl.dir/C_/Users/TaekguenJi/Documents/pico-sdk/lib/tinyusb/src/class/cdc/cdc_device.c.obj
 *fill*         0x10007292        0x2 
 .text.tud_cdc_n_connected
                0x10007294       0x38 CMakeFiles/pid_ctrl.dir/C_/Users/TaekguenJi/Documents/pico-sdk/lib/tinyusb/src/class/cdc/cdc_device.c.obj
                0x10007294                tud_cdc_n_connected
 .text.tud_cdc_n_available
                0x100072cc       0x18 CMakeFiles/pid_ctrl.dir/C_/Users/TaekguenJi/Documents/pico-sdk/lib/tinyusb/src/class/cdc/cdc_device.c.obj
                0x100072cc                tud_cdc_n_available
 .text.tud_cdc_n_read
                0x100072e4       0x28 CMakeFiles/pid_ctrl.dir/C_/Users/TaekguenJi/Documents/pico-sdk/lib/tinyusb/src/class/cdc/cdc_device.c.obj
                0x100072e4                tud_cdc_n_read
 .text.tud_cdc_n_write_flush
                0x1000730c       0xb8 CMakeFiles/pid_ctrl.dir/C_/Users/TaekguenJi/Documents/pico-sdk/lib/tinyusb/src/class/cdc/cdc_device.c.obj
                0x1000730c                tud_cdc_n_write_flush
 .text.tud_cdc_n_write
                0x100073c4       0x38 CMakeFiles/pid_ctrl.dir/C_/Users/TaekguenJi/Documents/pico-sdk/lib/tinyusb/src/class/cdc/cdc_device.c.obj
                0x100073c4                tud_cdc_n_write
 .text.tud_cdc_n_write_available
                0x100073fc       0x1c CMakeFiles/pid_ctrl.dir/C_/Users/TaekguenJi/Documents/pico-sdk/lib/tinyusb/src/class/cdc/cdc_device.c.obj
                0x100073fc                tud_cdc_n_write_available
 .text.cdcd_init
                0x10007418       0xbc CMakeFiles/pid_ctrl.dir/C_/Users/TaekguenJi/Documents/pico-sdk/lib/tinyusb/src/class/cdc/cdc_device.c.obj
                0x10007418                cdcd_init
 .text.cdcd_reset
                0x100074d4       0x44 CMakeFiles/pid_ctrl.dir/C_/Users/TaekguenJi/Documents/pico-sdk/lib/tinyusb/src/class/cdc/cdc_device.c.obj
                0x100074d4                cdcd_reset
 .text.cdcd_open
                0x10007518       0xc4 CMakeFiles/pid_ctrl.dir/C_/Users/TaekguenJi/Documents/pico-sdk/lib/tinyusb/src/class/cdc/cdc_device.c.obj
                0x10007518                cdcd_open
 .text.cdcd_control_xfer_cb
                0x100075dc      0x134 CMakeFiles/pid_ctrl.dir/C_/Users/TaekguenJi/Documents/pico-sdk/lib/tinyusb/src/class/cdc/cdc_device.c.obj
                0x100075dc                cdcd_control_xfer_cb
 .text.cdcd_xfer_cb
                0x10007710      0x130 CMakeFiles/pid_ctrl.dir/C_/Users/TaekguenJi/Documents/pico-sdk/lib/tinyusb/src/class/cdc/cdc_device.c.obj
                0x10007710                cdcd_xfer_cb
 .text.tusb_init
                0x10007840        0xa CMakeFiles/pid_ctrl.dir/C_/Users/TaekguenJi/Documents/pico-sdk/lib/tinyusb/src/tusb.c.obj
                0x10007840                tusb_init
 .text.tusb_inited
                0x1000784a        0xe CMakeFiles/pid_ctrl.dir/C_/Users/TaekguenJi/Documents/pico-sdk/lib/tinyusb/src/tusb.c.obj
                0x1000784a                tusb_inited
 .text.tu_edpt_claim
                0x10007858       0x50 CMakeFiles/pid_ctrl.dir/C_/Users/TaekguenJi/Documents/pico-sdk/lib/tinyusb/src/tusb.c.obj
                0x10007858                tu_edpt_claim
 .text.tu_edpt_release
                0x100078a8       0x38 CMakeFiles/pid_ctrl.dir/C_/Users/TaekguenJi/Documents/pico-sdk/lib/tinyusb/src/tusb.c.obj
                0x100078a8                tu_edpt_release
 .text.tu_edpt_validate
                0x100078e0       0x78 CMakeFiles/pid_ctrl.dir/C_/Users/TaekguenJi/Documents/pico-sdk/lib/tinyusb/src/tusb.c.obj
                0x100078e0                tu_edpt_validate
 .text.tu_edpt_bind_driver
                0x10007958       0x26 CMakeFiles/pid_ctrl.dir/C_/Users/TaekguenJi/Documents/pico-sdk/lib/tinyusb/src/tusb.c.obj
                0x10007958                tu_edpt_bind_driver
 .text.advance_index
                0x1000797e       0x1a CMakeFiles/pid_ctrl.dir/C_/Users/TaekguenJi/Documents/pico-sdk/lib/tinyusb/src/common/tusb_fifo.c.obj
 .text._tu_fifo_peek
                0x10007998       0x56 CMakeFiles/pid_ctrl.dir/C_/Users/TaekguenJi/Documents/pico-sdk/lib/tinyusb/src/common/tusb_fifo.c.obj
 .text._ff_pull_const_addr
                0x100079ee       0x4c CMakeFiles/pid_ctrl.dir/C_/Users/TaekguenJi/Documents/pico-sdk/lib/tinyusb/src/common/tusb_fifo.c.obj
 .text._ff_pull_n
                0x10007a3a      0x110 CMakeFiles/pid_ctrl.dir/C_/Users/TaekguenJi/Documents/pico-sdk/lib/tinyusb/src/common/tusb_fifo.c.obj
 .text._tu_fifo_peek_n
                0x10007b4a       0x6a CMakeFiles/pid_ctrl.dir/C_/Users/TaekguenJi/Documents/pico-sdk/lib/tinyusb/src/common/tusb_fifo.c.obj
 .text._tu_fifo_read_n
                0x10007bb4       0x4e CMakeFiles/pid_ctrl.dir/C_/Users/TaekguenJi/Documents/pico-sdk/lib/tinyusb/src/common/tusb_fifo.c.obj
 .text._ff_push_const_addr
                0x10007c02       0x40 CMakeFiles/pid_ctrl.dir/C_/Users/TaekguenJi/Documents/pico-sdk/lib/tinyusb/src/common/tusb_fifo.c.obj
 .text._ff_push_n
                0x10007c42      0x10c CMakeFiles/pid_ctrl.dir/C_/Users/TaekguenJi/Documents/pico-sdk/lib/tinyusb/src/common/tusb_fifo.c.obj
 .text._tu_fifo_write_n
                0x10007d4e       0xf0 CMakeFiles/pid_ctrl.dir/C_/Users/TaekguenJi/Documents/pico-sdk/lib/tinyusb/src/common/tusb_fifo.c.obj
 .text.tu_fifo_config
                0x10007e3e       0x7c CMakeFiles/pid_ctrl.dir/C_/Users/TaekguenJi/Documents/pico-sdk/lib/tinyusb/src/common/tusb_fifo.c.obj
                0x10007e3e                tu_fifo_config
 .text.tu_fifo_count
                0x10007eba       0x2a CMakeFiles/pid_ctrl.dir/C_/Users/TaekguenJi/Documents/pico-sdk/lib/tinyusb/src/common/tusb_fifo.c.obj
                0x10007eba                tu_fifo_count
 .text.tu_fifo_empty
                0x10007ee4        0xe CMakeFiles/pid_ctrl.dir/C_/Users/TaekguenJi/Documents/pico-sdk/lib/tinyusb/src/common/tusb_fifo.c.obj
                0x10007ee4                tu_fifo_empty
 .text.tu_fifo_full
                0x10007ef2       0x28 CMakeFiles/pid_ctrl.dir/C_/Users/TaekguenJi/Documents/pico-sdk/lib/tinyusb/src/common/tusb_fifo.c.obj
                0x10007ef2                tu_fifo_full
 .text.tu_fifo_remaining
                0x10007f1a       0x2c CMakeFiles/pid_ctrl.dir/C_/Users/TaekguenJi/Documents/pico-sdk/lib/tinyusb/src/common/tusb_fifo.c.obj
                0x10007f1a                tu_fifo_remaining
 .text.tu_fifo_read
                0x10007f46       0x42 CMakeFiles/pid_ctrl.dir/C_/Users/TaekguenJi/Documents/pico-sdk/lib/tinyusb/src/common/tusb_fifo.c.obj
                0x10007f46                tu_fifo_read
 .text.tu_fifo_read_n
                0x10007f88        0xa CMakeFiles/pid_ctrl.dir/C_/Users/TaekguenJi/Documents/pico-sdk/lib/tinyusb/src/common/tusb_fifo.c.obj
                0x10007f88                tu_fifo_read_n
 .text.tu_fifo_write
                0x10007f92       0x64 CMakeFiles/pid_ctrl.dir/C_/Users/TaekguenJi/Documents/pico-sdk/lib/tinyusb/src/common/tusb_fifo.c.obj
                0x10007f92                tu_fifo_write
 .text.tu_fifo_write_n
                0x10007ff6        0xa CMakeFiles/pid_ctrl.dir/C_/Users/TaekguenJi/Documents/pico-sdk/lib/tinyusb/src/common/tusb_fifo.c.obj
                0x10007ff6                tu_fifo_write_n
 .text.tu_fifo_clear
                0x10008000       0x3e CMakeFiles/pid_ctrl.dir/C_/Users/TaekguenJi/Documents/pico-sdk/lib/tinyusb/src/common/tusb_fifo.c.obj
                0x10008000                tu_fifo_clear
 .text.tu_fifo_set_overwritable
                0x1000803e       0x46 CMakeFiles/pid_ctrl.dir/C_/Users/TaekguenJi/Documents/pico-sdk/lib/tinyusb/src/common/tusb_fifo.c.obj
                0x1000803e                tu_fifo_set_overwritable
 .text.spi_set_baudrate
                0x10008084       0x92 CMakeFiles/pid_ctrl.dir/C_/Users/TaekguenJi/Documents/pico-sdk/src/rp2_common/hardware_spi/spi.c.obj
                0x10008084                spi_set_baudrate
 *fill*         0x10008116        0x2 
 .text.spi_init
                0x10008118       0x68 CMakeFiles/pid_ctrl.dir/C_/Users/TaekguenJi/Documents/pico-sdk/src/rp2_common/hardware_spi/spi.c.obj
                0x10008118                spi_init
 .text.strlen   0x10008180       0x5c c:/progra~2/armgnu~1/12977f~1.2mp/bin/../lib/gcc/arm-none-eabi/12.2.1/thumb/v6-m/nofp\libg.a(libc_a-strlen-stub.o)
                0x10008180                strlen
 *(.fini)
 .fini          0x100081dc        0x4 c:/progra~2/armgnu~1/12977f~1.2mp/bin/../lib/gcc/arm-none-eabi/12.2.1/thumb/v6-m/nofp/crti.o
                0x100081dc                _fini
 .fini.__stub   0x100081e0       0xf0 linker stubs
 *crtbegin.o(.ctors)
 *crtbegin?.o(.ctors)
 *(EXCLUDE_FILE(*crtend.o *crtend?.o) .ctors)
 *(SORT_BY_NAME(.ctors.*))
 *(.ctors)
 *crtbegin.o(.dtors)
 *crtbegin?.o(.dtors)
 *(EXCLUDE_FILE(*crtend.o *crtend?.o) .dtors)
 *(SORT_BY_NAME(.dtors.*))
 *(.dtors)
 *(.eh_frame*)
 .eh_frame      0x100082d0        0x0 c:/progra~2/armgnu~1/12977f~1.2mp/bin/../lib/gcc/arm-none-eabi/12.2.1/thumb/v6-m/nofp/crtbegin.o
                0x100082d0                        . = ALIGN (0x4)

.glue_7         0x100082d0        0x0
 .glue_7        0x100082d0        0x0 linker stubs

.glue_7t        0x100082d0        0x0
 .glue_7t       0x100082d0        0x0 linker stubs

.vfp11_veneer   0x100082d0        0x0
 .vfp11_veneer  0x100082d0        0x0 linker stubs

.v4_bx          0x100082d0        0x0
 .v4_bx         0x100082d0        0x0 linker stubs

.iplt           0x100082d0        0x0
 .iplt          0x100082d0        0x0 c:/progra~2/armgnu~1/12977f~1.2mp/bin/../lib/gcc/arm-none-eabi/12.2.1/thumb/v6-m/nofp/crtbegin.o

.rodata         0x100082d0     0x163c
 *(EXCLUDE_FILE(*libm.a: *libc.a:*lib_a-mem*.o *libgcc.a:) .rodata*)
 .rodata.main.str1.4
                0x100082d0       0x25 CMakeFiles/pid_ctrl.dir/pid_ctrl.cpp.obj
 *fill*         0x100082f5        0x3 
 .rodata.spin_lock_claim_unused.str1.4
                0x100082f8       0x1b CMakeFiles/pid_ctrl.dir/C_/Users/TaekguenJi/Documents/pico-sdk/src/rp2_common/hardware_sync/sync.c.obj
 *fill*         0x10008313        0x1 
 .rodata.resolve_branch.str1.4
                0x10008314       0x61 CMakeFiles/pid_ctrl.dir/C_/Users/TaekguenJi/Documents/pico-sdk/src/rp2_common/hardware_irq/irq.c.obj
 *fill*         0x10008375        0x3 
 .rodata.make_branch.str1.4
                0x10008378       0x30 CMakeFiles/pid_ctrl.dir/C_/Users/TaekguenJi/Documents/pico-sdk/src/rp2_common/hardware_irq/irq.c.obj
 .rodata.insert_branch_and_link.str1.4
                0x100083a8       0x10 CMakeFiles/pid_ctrl.dir/C_/Users/TaekguenJi/Documents/pico-sdk/src/rp2_common/hardware_irq/irq.c.obj
 .rodata.irq_set_exclusive_handler.str1.4
                0x100083b8       0x36 CMakeFiles/pid_ctrl.dir/C_/Users/TaekguenJi/Documents/pico-sdk/src/rp2_common/hardware_irq/irq.c.obj
 *fill*         0x100083ee        0x2 
 .rodata.irq_add_shared_handler.str1.4
                0x100083f0       0xc2 CMakeFiles/pid_ctrl.dir/C_/Users/TaekguenJi/Documents/pico-sdk/src/rp2_common/hardware_irq/irq.c.obj
 *fill*         0x100084b2        0x2 
 .rodata.irq_remove_handler.str1.4
                0x100084b4       0x3a CMakeFiles/pid_ctrl.dir/C_/Users/TaekguenJi/Documents/pico-sdk/src/rp2_common/hardware_irq/irq.c.obj
 *fill*         0x100084ee        0x2 
 .rodata.irq_add_tail_to_free_list.str1.4
                0x100084f0       0x3a CMakeFiles/pid_ctrl.dir/C_/Users/TaekguenJi/Documents/pico-sdk/src/rp2_common/hardware_irq/irq.c.obj
 *fill*         0x1000852a        0x2 
 .rodata.user_irq_claim_unused.str1.4
                0x1000852c       0x1b CMakeFiles/pid_ctrl.dir/C_/Users/TaekguenJi/Documents/pico-sdk/src/rp2_common/hardware_irq/irq.c.obj
 *fill*         0x10008547        0x1 
 .rodata.__func__.0
                0x10008548       0x1a CMakeFiles/pid_ctrl.dir/C_/Users/TaekguenJi/Documents/pico-sdk/src/rp2_common/hardware_irq/irq.c.obj
 *fill*         0x10008562        0x2 
 .rodata.__func__.1
                0x10008564       0x17 CMakeFiles/pid_ctrl.dir/C_/Users/TaekguenJi/Documents/pico-sdk/src/rp2_common/hardware_irq/irq.c.obj
 *fill*         0x1000857b        0x1 
 .rodata.__func__.2
                0x1000857c       0x13 CMakeFiles/pid_ctrl.dir/C_/Users/TaekguenJi/Documents/pico-sdk/src/rp2_common/hardware_irq/irq.c.obj
 *fill*         0x1000858f        0x1 
 .rodata.__func__.3
                0x10008590        0xc CMakeFiles/pid_ctrl.dir/C_/Users/TaekguenJi/Documents/pico-sdk/src/rp2_common/hardware_irq/irq.c.obj
 .rodata.__func__.4
                0x1000859c        0xf CMakeFiles/pid_ctrl.dir/C_/Users/TaekguenJi/Documents/pico-sdk/src/rp2_common/hardware_irq/irq.c.obj
 *fill*         0x100085ab        0x1 
 .rodata.__func__.5
                0x100085ac       0x17 CMakeFiles/pid_ctrl.dir/C_/Users/TaekguenJi/Documents/pico-sdk/src/rp2_common/hardware_irq/irq.c.obj
 *fill*         0x100085c3        0x1 
 .rodata.__func__.6
                0x100085c4       0x1a CMakeFiles/pid_ctrl.dir/C_/Users/TaekguenJi/Documents/pico-sdk/src/rp2_common/hardware_irq/irq.c.obj
 *fill*         0x100085de        0x2 
 .rodata.update_us_since_boot.str1.4
                0x100085e0       0x6d CMakeFiles/pid_ctrl.dir/C_/Users/TaekguenJi/Documents/pico-sdk/src/common/pico_sync/mutex.c.obj
 *fill*         0x1000864d        0x3 
 .rodata.str1.4
                0x10008650       0x95 CMakeFiles/pid_ctrl.dir/C_/Users/TaekguenJi/Documents/pico-sdk/src/common/pico_sync/mutex.c.obj
 *fill*         0x100086e5        0x3 
 .rodata.__func__.1
                0x100086e8        0xb CMakeFiles/pid_ctrl.dir/C_/Users/TaekguenJi/Documents/pico-sdk/src/common/pico_sync/mutex.c.obj
 *fill*         0x100086f3        0x1 
 .rodata.__func__.3
                0x100086f4       0x18 CMakeFiles/pid_ctrl.dir/C_/Users/TaekguenJi/Documents/pico-sdk/src/common/pico_sync/mutex.c.obj
 .rodata.__func__.4
                0x1000870c       0x15 CMakeFiles/pid_ctrl.dir/C_/Users/TaekguenJi/Documents/pico-sdk/src/common/pico_sync/mutex.c.obj
 *fill*         0x10008721        0x3 
 .rodata.get_entry.str1.4
                0x10008724       0x67 CMakeFiles/pid_ctrl.dir/C_/Users/TaekguenJi/Documents/pico-sdk/src/common/pico_time/time.c.obj
 .rodata.update_us_since_boot.str1.4
                0x1000878b       0x6d CMakeFiles/pid_ctrl.dir/C_/Users/TaekguenJi/Documents/pico-sdk/src/common/pico_time/time.c.obj
 *fill*         0x1000878b        0x1 
 .rodata.ph_get_node.str1.4
                0x1000878c       0x72 CMakeFiles/pid_ctrl.dir/C_/Users/TaekguenJi/Documents/pico-sdk/src/common/pico_time/time.c.obj
 *fill*         0x100087fe        0x2 
 .rodata.ph_add_child_node.str1.4
                0x10008800       0x2e CMakeFiles/pid_ctrl.dir/C_/Users/TaekguenJi/Documents/pico-sdk/src/common/pico_time/time.c.obj
 *fill*         0x1000882e        0x2 
 .rodata.ph_insert_node.str1.4
                0x10008830        0x3 CMakeFiles/pid_ctrl.dir/C_/Users/TaekguenJi/Documents/pico-sdk/src/common/pico_time/time.c.obj
 *fill*         0x10008833        0x1 
 .rodata.ph_free_node.str1.4
                0x10008834       0x38 CMakeFiles/pid_ctrl.dir/C_/Users/TaekguenJi/Documents/pico-sdk/src/common/pico_time/time.c.obj
 .rodata.add_alarm_under_lock.str1.4
                0x1000886c       0x28 CMakeFiles/pid_ctrl.dir/C_/Users/TaekguenJi/Documents/pico-sdk/src/common/pico_time/time.c.obj
 .rodata.alarm_pool_alarm_callback.str1.4
                0x10008894       0x60 CMakeFiles/pid_ctrl.dir/C_/Users/TaekguenJi/Documents/pico-sdk/src/common/pico_time/time.c.obj
 .rodata.alarm_pool_get_default.str1.4
                0x100088f4       0x21 CMakeFiles/pid_ctrl.dir/C_/Users/TaekguenJi/Documents/pico-sdk/src/common/pico_time/time.c.obj
 *fill*         0x10008915        0x3 
 .rodata.alarm_pool_cancel_alarm.str1.4
                0x10008918       0x27 CMakeFiles/pid_ctrl.dir/C_/Users/TaekguenJi/Documents/pico-sdk/src/common/pico_time/time.c.obj
 *fill*         0x1000893f        0x1 
 .rodata.sleep_until.str1.4
                0x10008940       0x4d CMakeFiles/pid_ctrl.dir/C_/Users/TaekguenJi/Documents/pico-sdk/src/common/pico_time/time.c.obj
 *fill*         0x1000898d        0x3 
 .rodata.__func__.1
                0x10008990       0x18 CMakeFiles/pid_ctrl.dir/C_/Users/TaekguenJi/Documents/pico-sdk/src/common/pico_time/time.c.obj
 .rodata.__func__.3
                0x100089a8       0x17 CMakeFiles/pid_ctrl.dir/C_/Users/TaekguenJi/Documents/pico-sdk/src/common/pico_time/time.c.obj
 *fill*         0x100089bf        0x1 
 .rodata.__func__.4
                0x100089c0       0x12 CMakeFiles/pid_ctrl.dir/C_/Users/TaekguenJi/Documents/pico-sdk/src/common/pico_time/time.c.obj
 *fill*         0x100089d2        0x2 
 .rodata.__func__.5
                0x100089d4        0xd CMakeFiles/pid_ctrl.dir/C_/Users/TaekguenJi/Documents/pico-sdk/src/common/pico_time/time.c.obj
 *fill*         0x100089e1        0x3 
 .rodata.__func__.6
                0x100089e4       0x12 CMakeFiles/pid_ctrl.dir/C_/Users/TaekguenJi/Documents/pico-sdk/src/common/pico_time/time.c.obj
 *fill*         0x100089f6        0x2 
 .rodata.__func__.7
                0x100089f8        0xf CMakeFiles/pid_ctrl.dir/C_/Users/TaekguenJi/Documents/pico-sdk/src/common/pico_time/time.c.obj
 *fill*         0x10008a07        0x1 
 .rodata.__func__.8
                0x10008a08        0xc CMakeFiles/pid_ctrl.dir/C_/Users/TaekguenJi/Documents/pico-sdk/src/common/pico_time/time.c.obj
 .rodata.__func__.9
                0x10008a14       0x15 CMakeFiles/pid_ctrl.dir/C_/Users/TaekguenJi/Documents/pico-sdk/src/common/pico_time/time.c.obj
 *fill*         0x10008a29        0x3 
 .rodata.__func__.10
                0x10008a2c       0x15 CMakeFiles/pid_ctrl.dir/C_/Users/TaekguenJi/Documents/pico-sdk/src/common/pico_time/time.c.obj
 *fill*         0x10008a41        0x3 
 .rodata.__func__.11
                0x10008a44       0x1a CMakeFiles/pid_ctrl.dir/C_/Users/TaekguenJi/Documents/pico-sdk/src/common/pico_time/time.c.obj
 *fill*         0x10008a5e        0x2 
 .rodata.__func__.12
                0x10008a60        0xa CMakeFiles/pid_ctrl.dir/C_/Users/TaekguenJi/Documents/pico-sdk/src/common/pico_time/time.c.obj
 *fill*         0x10008a6a        0x2 
 .rodata.hardware_alarm_claim.str1.4
                0x10008a6c       0x22 CMakeFiles/pid_ctrl.dir/C_/Users/TaekguenJi/Documents/pico-sdk/src/rp2_common/hardware_timer/timer.c.obj
 *fill*         0x10008a8e        0x2 
 .rodata.hardware_alarm_set_target.str1.4
                0x10008a90       0x71 CMakeFiles/pid_ctrl.dir/C_/Users/TaekguenJi/Documents/pico-sdk/src/rp2_common/hardware_timer/timer.c.obj
 *fill*         0x10008b01        0x3 
 .rodata.__func__.0
                0x10008b04       0x1a CMakeFiles/pid_ctrl.dir/C_/Users/TaekguenJi/Documents/pico-sdk/src/rp2_common/hardware_timer/timer.c.obj
 .rodata.ph_get_node.str1.4
                0x10008b1e       0x72 CMakeFiles/pid_ctrl.dir/C_/Users/TaekguenJi/Documents/pico-sdk/src/common/pico_util/pheap.c.obj
 .rodata.ph_add_child_node.str1.4
                0x10008b1e       0x2e CMakeFiles/pid_ctrl.dir/C_/Users/TaekguenJi/Documents/pico-sdk/src/common/pico_util/pheap.c.obj
 *fill*         0x10008b1e        0x2 
 .rodata.ph_remove_any_head.str1.4
                0x10008b20       0x98 CMakeFiles/pid_ctrl.dir/C_/Users/TaekguenJi/Documents/pico-sdk/src/common/pico_util/pheap.c.obj
                                 0xac (size before relaxing)
 .rodata.ph_remove_and_free_node.str1.4
                0x10008bb8       0x1e CMakeFiles/pid_ctrl.dir/C_/Users/TaekguenJi/Documents/pico-sdk/src/common/pico_util/pheap.c.obj
                                 0x26 (size before relaxing)
 *fill*         0x10008bd6        0x2 
 .rodata.__func__.0
                0x10008bd8       0x18 CMakeFiles/pid_ctrl.dir/C_/Users/TaekguenJi/Documents/pico-sdk/src/common/pico_util/pheap.c.obj
 .rodata.__func__.1
                0x10008bf0       0x13 CMakeFiles/pid_ctrl.dir/C_/Users/TaekguenJi/Documents/pico-sdk/src/common/pico_util/pheap.c.obj
 *fill*         0x10008c03        0x1 
 .rodata.__func__.2
                0x10008c04       0x12 CMakeFiles/pid_ctrl.dir/C_/Users/TaekguenJi/Documents/pico-sdk/src/common/pico_util/pheap.c.obj
 *fill*         0x10008c16        0x2 
 .rodata.__func__.3
                0x10008c18        0xc CMakeFiles/pid_ctrl.dir/C_/Users/TaekguenJi/Documents/pico-sdk/src/common/pico_util/pheap.c.obj
 .rodata.clock_configure.str1.4
                0x10008c24       0x63 CMakeFiles/pid_ctrl.dir/C_/Users/TaekguenJi/Documents/pico-sdk/src/rp2_common/hardware_clocks/clocks.c.obj
 *fill*         0x10008c87        0x1 
 .rodata.__func__.1
                0x10008c88       0x10 CMakeFiles/pid_ctrl.dir/C_/Users/TaekguenJi/Documents/pico-sdk/src/rp2_common/hardware_clocks/clocks.c.obj
 .rodata.pll_init.str1.4
                0x10008c98      0x12f CMakeFiles/pid_ctrl.dir/C_/Users/TaekguenJi/Documents/pico-sdk/src/rp2_common/hardware_pll/pll.c.obj
 *fill*         0x10008dc7        0x1 
 .rodata.__func__.0
                0x10008dc8        0x9 CMakeFiles/pid_ctrl.dir/C_/Users/TaekguenJi/Documents/pico-sdk/src/rp2_common/hardware_pll/pll.c.obj
 *fill*         0x10008dd1        0x3 
 .rodata.__assert_func.str1.4
                0x10008dd4       0x3f CMakeFiles/pid_ctrl.dir/C_/Users/TaekguenJi/Documents/pico-sdk/src/rp2_common/pico_runtime/runtime.c.obj
                                 0x43 (size before relaxing)
 *fill*         0x10008e13        0x1 
 .rodata.runtime_init.str1.4
                0x10008e14       0x6d CMakeFiles/pid_ctrl.dir/C_/Users/TaekguenJi/Documents/pico-sdk/src/rp2_common/pico_runtime/runtime.c.obj
 *fill*         0x10008e81        0x3 
 .rodata.panic.str1.4
                0x10008e84       0x12 CMakeFiles/pid_ctrl.dir/C_/Users/TaekguenJi/Documents/pico-sdk/src/rp2_common/pico_runtime/runtime.c.obj
 *fill*         0x10008e96        0x2 
 .rodata.__func__.2
                0x10008e98        0xd CMakeFiles/pid_ctrl.dir/C_/Users/TaekguenJi/Documents/pico-sdk/src/rp2_common/pico_runtime/runtime.c.obj
 *fill*         0x10008ea5        0x3 
 .rodata._ftoa.str1.4
                0x10008ea8       0x15 CMakeFiles/pid_ctrl.dir/C_/Users/TaekguenJi/Documents/pico-sdk/src/rp2_common/pico_printf/printf.c.obj
 *fill*         0x10008ebd        0x3 
 .rodata._vsnprintf
                0x10008ec0      0x19c CMakeFiles/pid_ctrl.dir/C_/Users/TaekguenJi/Documents/pico-sdk/src/rp2_common/pico_printf/printf.c.obj
 *fill*         0x1000905c        0x4 
 .rodata.pow10.0
                0x10009060       0x50 CMakeFiles/pid_ctrl.dir/C_/Users/TaekguenJi/Documents/pico-sdk/src/rp2_common/pico_printf/printf.c.obj
 .rodata.__aeabi_double_init.str1.4
                0x100090b0       0xb4 CMakeFiles/pid_ctrl.dir/C_/Users/TaekguenJi/Documents/pico-sdk/src/rp2_common/pico_double/double_init_rom.c.obj
 .rodata.__func__.0
                0x10009164       0x14 CMakeFiles/pid_ctrl.dir/C_/Users/TaekguenJi/Documents/pico-sdk/src/rp2_common/pico_double/double_init_rom.c.obj
 .rodata.__aeabi_float_init.str1.4
                0x10009178       0x86 CMakeFiles/pid_ctrl.dir/C_/Users/TaekguenJi/Documents/pico-sdk/src/rp2_common/pico_float/float_init_rom.c.obj
                                 0x8a (size before relaxing)
 *fill*         0x100091fe        0x2 
 .rodata.__func__.0
                0x10009200       0x13 CMakeFiles/pid_ctrl.dir/C_/Users/TaekguenJi/Documents/pico-sdk/src/rp2_common/pico_float/float_init_rom.c.obj
 *fill*         0x10009213        0x1 
 .rodata.str1.4
                0x10009214       0x40 CMakeFiles/pid_ctrl.dir/C_/Users/TaekguenJi/Documents/pico-sdk/src/rp2_common/pico_standard_link/binary_info.c.obj
 .rodata.__bi_81
                0x10009254        0xc CMakeFiles/pid_ctrl.dir/C_/Users/TaekguenJi/Documents/pico-sdk/src/rp2_common/pico_standard_link/binary_info.c.obj
 .rodata.__bi_75
                0x10009260        0xc CMakeFiles/pid_ctrl.dir/C_/Users/TaekguenJi/Documents/pico-sdk/src/rp2_common/pico_standard_link/binary_info.c.obj
 .rodata.__bi_44
                0x1000926c        0xc CMakeFiles/pid_ctrl.dir/C_/Users/TaekguenJi/Documents/pico-sdk/src/rp2_common/pico_standard_link/binary_info.c.obj
 .rodata.update_us_since_boot.str1.4
                0x10009278       0x6d CMakeFiles/pid_ctrl.dir/C_/Users/TaekguenJi/Documents/pico-sdk/src/rp2_common/pico_stdio/stdio.c.obj
 .rodata.crlf_str.2
                0x10009278        0x2 CMakeFiles/pid_ctrl.dir/C_/Users/TaekguenJi/Documents/pico-sdk/src/rp2_common/pico_stdio/stdio.c.obj
 *fill*         0x1000927a        0x2 
 .rodata.__func__.3
                0x1000927c       0x15 CMakeFiles/pid_ctrl.dir/C_/Users/TaekguenJi/Documents/pico-sdk/src/rp2_common/pico_stdio/stdio.c.obj
 *fill*         0x10009291        0x3 
 .rodata.str1.4
                0x10009294       0x2c CMakeFiles/pid_ctrl.dir/C_/Users/TaekguenJi/Documents/pico-sdk/src/rp2_common/pico_stdio_uart/stdio_uart.c.obj
 .rodata.__bi_33.4
                0x100092c0        0xc CMakeFiles/pid_ctrl.dir/C_/Users/TaekguenJi/Documents/pico-sdk/src/rp2_common/pico_stdio_uart/stdio_uart.c.obj
 .rodata.__bi_34.5
                0x100092cc        0x8 CMakeFiles/pid_ctrl.dir/C_/Users/TaekguenJi/Documents/pico-sdk/src/rp2_common/pico_stdio_uart/stdio_uart.c.obj
 .rodata._resetd_driver
                0x100092d4       0x18 CMakeFiles/pid_ctrl.dir/C_/Users/TaekguenJi/Documents/pico-sdk/src/rp2_common/pico_stdio_usb/reset_interface.c.obj
 .rodata.update_us_since_boot.str1.4
                0x100092ec       0x6d CMakeFiles/pid_ctrl.dir/C_/Users/TaekguenJi/Documents/pico-sdk/src/rp2_common/pico_stdio_usb/stdio_usb.c.obj
 .rodata.stdio_usb_init.str1.4
                0x100092ec       0x51 CMakeFiles/pid_ctrl.dir/C_/Users/TaekguenJi/Documents/pico-sdk/src/rp2_common/pico_stdio_usb/stdio_usb.c.obj
                                 0x59 (size before relaxing)
 *fill*         0x1000933d        0x3 
 .rodata.str1.4
                0x10009340       0x13 CMakeFiles/pid_ctrl.dir/C_/Users/TaekguenJi/Documents/pico-sdk/src/rp2_common/pico_stdio_usb/stdio_usb.c.obj
 *fill*         0x10009353        0x1 
 .rodata.__bi_188.0
                0x10009354        0xc CMakeFiles/pid_ctrl.dir/C_/Users/TaekguenJi/Documents/pico-sdk/src/rp2_common/pico_stdio_usb/stdio_usb.c.obj
 .rodata.__func__.1
                0x10009360        0xf CMakeFiles/pid_ctrl.dir/C_/Users/TaekguenJi/Documents/pico-sdk/src/rp2_common/pico_stdio_usb/stdio_usb.c.obj
 *fill*         0x1000936f        0x1 
 .rodata.__func__.3
                0x10009370       0x15 CMakeFiles/pid_ctrl.dir/C_/Users/TaekguenJi/Documents/pico-sdk/src/rp2_common/pico_stdio_usb/stdio_usb.c.obj
 *fill*         0x10009385        0x3 
 .rodata.str1.4
                0x10009388       0x2a CMakeFiles/pid_ctrl.dir/C_/Users/TaekguenJi/Documents/pico-sdk/src/rp2_common/pico_stdio_usb/stdio_usb_descriptors.c.obj
 *fill*         0x100093b2        0x2 
 .rodata.usbd_desc_str
                0x100093b4       0x18 CMakeFiles/pid_ctrl.dir/C_/Users/TaekguenJi/Documents/pico-sdk/src/rp2_common/pico_stdio_usb/stdio_usb_descriptors.c.obj
 .rodata.usbd_desc_cfg
                0x100093cc       0x54 CMakeFiles/pid_ctrl.dir/C_/Users/TaekguenJi/Documents/pico-sdk/src/rp2_common/pico_stdio_usb/stdio_usb_descriptors.c.obj
 .rodata.usbd_desc_device
                0x10009420       0x12 CMakeFiles/pid_ctrl.dir/C_/Users/TaekguenJi/Documents/pico-sdk/src/rp2_common/pico_stdio_usb/stdio_usb_descriptors.c.obj
 *fill*         0x10009432        0x2 
 .rodata.pico_get_unique_board_id_string.str1.4
                0x10009434       0x59 CMakeFiles/pid_ctrl.dir/C_/Users/TaekguenJi/Documents/pico-sdk/src/rp2_common/pico_unique_id/unique_id.c.obj
 *fill*         0x1000948d        0x3 
 .rodata.__func__.0
                0x10009490       0x20 CMakeFiles/pid_ctrl.dir/C_/Users/TaekguenJi/Documents/pico-sdk/src/rp2_common/pico_unique_id/unique_id.c.obj
 .rodata.str1.4
                0x100094b0      0x166 CMakeFiles/pid_ctrl.dir/C_/Users/TaekguenJi/Documents/pico-sdk/src/rp2_common/hardware_flash/flash.c.obj
 *fill*         0x10009616        0x2 
 .rodata.__func__.0
                0x10009618        0xd CMakeFiles/pid_ctrl.dir/C_/Users/TaekguenJi/Documents/pico-sdk/src/rp2_common/hardware_flash/flash.c.obj
 *fill*         0x10009625        0x3 
 .rodata._hw_endpoint_alloc.str1.4
                0x10009628       0xc1 CMakeFiles/pid_ctrl.dir/C_/Users/TaekguenJi/Documents/pico-sdk/lib/tinyusb/src/portable/raspberrypi/rp2040/dcd_rp2040.c.obj
 *fill*         0x100096e9        0x3 
 .rodata.str1.4
                0x100096ec       0x14 CMakeFiles/pid_ctrl.dir/C_/Users/TaekguenJi/Documents/pico-sdk/lib/tinyusb/src/portable/raspberrypi/rp2040/dcd_rp2040.c.obj
 .rodata.dcd_int_enable.str1.4
                0x10009700        0xc CMakeFiles/pid_ctrl.dir/C_/Users/TaekguenJi/Documents/pico-sdk/lib/tinyusb/src/portable/raspberrypi/rp2040/dcd_rp2040.c.obj
 .rodata.__func__.0
                0x1000970c        0xe CMakeFiles/pid_ctrl.dir/C_/Users/TaekguenJi/Documents/pico-sdk/lib/tinyusb/src/portable/raspberrypi/rp2040/dcd_rp2040.c.obj
 *fill*         0x1000971a        0x2 
 .rodata.__func__.1
                0x1000971c        0xe CMakeFiles/pid_ctrl.dir/C_/Users/TaekguenJi/Documents/pico-sdk/lib/tinyusb/src/portable/raspberrypi/rp2040/dcd_rp2040.c.obj
 *fill*         0x1000972a        0x2 
 .rodata.__func__.3
                0x1000972c       0x10 CMakeFiles/pid_ctrl.dir/C_/Users/TaekguenJi/Documents/pico-sdk/lib/tinyusb/src/portable/raspberrypi/rp2040/dcd_rp2040.c.obj
 .rodata.__func__.5
                0x1000973c        0xf CMakeFiles/pid_ctrl.dir/C_/Users/TaekguenJi/Documents/pico-sdk/lib/tinyusb/src/portable/raspberrypi/rp2040/dcd_rp2040.c.obj
 *fill*         0x1000974b        0x1 
 .rodata.__func__.6
                0x1000974c       0x13 CMakeFiles/pid_ctrl.dir/C_/Users/TaekguenJi/Documents/pico-sdk/lib/tinyusb/src/portable/raspberrypi/rp2040/dcd_rp2040.c.obj
 *fill*         0x1000975f        0x1 
 .rodata.__func__.7
                0x10009760        0x9 CMakeFiles/pid_ctrl.dir/C_/Users/TaekguenJi/Documents/pico-sdk/lib/tinyusb/src/portable/raspberrypi/rp2040/dcd_rp2040.c.obj
 *fill*         0x10009769        0x3 
 .rodata.str1.4
                0x1000976c       0xe9 CMakeFiles/pid_ctrl.dir/C_/Users/TaekguenJi/Documents/pico-sdk/lib/tinyusb/src/portable/raspberrypi/rp2040/rp2040_usb.c.obj
                                 0xf3 (size before relaxing)
 *fill*         0x10009855        0x3 
 .rodata.__func__.0
                0x10009858        0xf CMakeFiles/pid_ctrl.dir/C_/Users/TaekguenJi/Documents/pico-sdk/lib/tinyusb/src/portable/raspberrypi/rp2040/rp2040_usb.c.obj